=== run_trials started at 2026-06-24 13:41:30 run_id=20260624134028346645 ===
ontology_path=/workspaces/ontologyutils-ekaw26/repair-power-index-replication-ekaw26/ontologies/inconsistent/FOUR-M_VOCABS.owl
iic_csv=/workspaces/ontologyutils-ekaw26/repair-power-index-replication-ekaw26/data/data-20260624134028346645/iic-FOUR-M_VOCABS.csv
runtime_csv=/workspaces/ontologyutils-ekaw26/repair-power-index-replication-ekaw26/data/data-20260624134028346645/runtime-FOUR-M_VOCABS.csv

=== Starting sequential trials for FOUR-M_VOCABS at 2026-06-28 15:33:32 ===
----- FOUR-M_VOCABS attempt=1 seed=152 at 2026-06-28 15:33:32 -----
--- stdout ---
{"seed":152,"run_id":"20260624134028346645","trial_status":"memory_limit_exceeded","error_type":"failure","failure_stage":"B2","error_message":"Repair failed: ExecutionException: java.lang.IllegalStateException: Could not find a weakening for axiom: ⊤ ⊑ poor_ambulation","iic_values":{},"repair_runtimes_ms":{"A1":1188,"A2":204414,"A3":4048,"B1":3531,"B2":14524}}

--- stderr ---
SingleTrialExperiment starting: ontology=/workspaces/ontologyutils-ekaw26/repair-power-index-replication-ekaw26/ontologies/inconsistent/FOUR-M_VOCABS.owl, seed=152, run_id=20260624134028346645
Loaded ontology.
Normalizing ontology with SROIQ normalization...
Normalized ontology with SROIQ normalization.
Ontology is already inconsistent, skipping make-inconsistent step.
Repairing with A1 (random-removal)...
[2026-06-28 15:33:33.402] Checking precondition...
[2026-06-28 15:33:33.436] Starting the repair...
[2026-06-28 15:33:33.453] Found 1010 possible bad axioms.
[2026-06-28 15:33:33.455] Selected the bad axiom SubClassOf(mental_health spatial_reasoning_skills).
[2026-06-28 15:33:33.470] Found 1009 possible bad axioms.
[2026-06-28 15:33:33.470] Selected the bad axiom SubClassOf(Fear_of_falls/falling Tripping).
[2026-06-28 15:33:33.480] Found 1008 possible bad axioms.
[2026-06-28 15:33:33.480] Selected the bad axiom SubClassOf(suspected_dementia dementia_prevention).
[2026-06-28 15:33:33.488] Found 1007 possible bad axioms.
[2026-06-28 15:33:33.488] Selected the bad axiom SubClassOf(single_domain_MCI mild_cognitive_impairment_(MCI)).
[2026-06-28 15:33:33.497] Found 1006 possible bad axioms.
[2026-06-28 15:33:33.497] Selected the bad axiom SubClassOf(Balance Ability_to_ambulate).
[2026-06-28 15:33:33.504] Found 1005 possible bad axioms.
[2026-06-28 15:33:33.504] Selected the bad axiom SubClassOf(sleeplessness Shaky_(trembling)).
[2026-06-28 15:33:33.517] Found 1004 possible bad axioms.
[2026-06-28 15:33:33.517] Selected the bad axiom SubClassOf(remembering cognitively_healthy).
[2026-06-28 15:33:33.524] Found 1003 possible bad axioms.
[2026-06-28 15:33:33.524] Selected the bad axiom SubClassOf(apathy symptoms_of_cognitive_impairment).
[2026-06-28 15:33:33.531] Found 1002 possible bad axioms.
[2026-06-28 15:33:33.531] Selected the bad axiom SubClassOf(Ability_to_ambulate Chair_transition).
[2026-06-28 15:33:33.537] Found 1001 possible bad axioms.
[2026-06-28 15:33:33.538] Selected the bad axiom SubClassOf(aggressiveness symptoms_of_cognitive_impairment).
[2026-06-28 15:33:33.544] Found 1000 possible bad axioms.
[2026-06-28 15:33:33.544] Selected the bad axiom SubClassOf(unprovoked_rage frustrating).
[2026-06-28 15:33:33.556] Found 999 possible bad axioms.
[2026-06-28 15:33:33.557] Selected the bad axiom SubClassOf(Send_to_ER Send_to_hospital).
[2026-06-28 15:33:33.565] Found 998 possible bad axioms.
[2026-06-28 15:33:33.565] Selected the bad axiom SubClassOf(early_stages dementia_(stages)).
[2026-06-28 15:33:33.571] Found 997 possible bad axioms.
[2026-06-28 15:33:33.572] Selected the bad axiom SubClassOf(Decision_making Goals).
[2026-06-28 15:33:33.577] Found 996 possible bad axioms.
[2026-06-28 15:33:33.578] Selected the bad axiom SubClassOf(Ability_to_ambulate Ability_to_change_position).
[2026-06-28 15:33:33.584] Found 995 possible bad axioms.
[2026-06-28 15:33:33.584] Selected the bad axiom SubClassOf(cognitive_ability Impaired_cognition).
[2026-
...[truncated]
FAIL: attempt=1 seed=152 status=memory_limit_exceeded stage=B2 message=Repair failed: ExecutionException: java.lang.IllegalStateException: Could not find a weakening for axiom: ⊤ ⊑ poor_ambulation
progress: ontology=FOUR-M_VOCABS attempt=1 success=0/100
----- FOUR-M_VOCABS attempt=2 seed=14352 at 2026-06-28 15:37:21 -----
--- stdout ---
{"seed":14352,"run_id":"20260624134028346645","trial_status":"memory_limit_exceeded","error_type":"failure","failure_stage":"B2","error_message":"Repair failed: ExecutionException: java.lang.IllegalStateException: Could not find a weakening for axiom: ⊤ ⊑ poor_ambulation","iic_values":{},"repair_runtimes_ms":{"A1":1181,"A2":203183,"A3":3331,"B1":3094,"B2":20365}}

--- stderr ---
SingleTrialExperiment starting: ontology=/workspaces/ontologyutils-ekaw26/repair-power-index-replication-ekaw26/ontologies/inconsistent/FOUR-M_VOCABS.owl, seed=14352, run_id=20260624134028346645
Loaded ontology.
Normalizing ontology with SROIQ normalization...
Normalized ontology with SROIQ normalization.
Ontology is already inconsistent, skipping make-inconsistent step.
Repairing with A1 (random-removal)...
[2026-06-28 15:37:22.128] Checking precondition...
[2026-06-28 15:37:22.160] Starting the repair...
[2026-06-28 15:37:22.175] Found 1010 possible bad axioms.
[2026-06-28 15:37:22.177] Selected the bad axiom SubClassOf(neuropsychiatric symptoms_of_cognitive_impairment).
[2026-06-28 15:37:22.192] Found 1009 possible bad axioms.
[2026-06-28 15:37:22.193] Selected the bad axiom SubClassOf(post-operative_delirium symptoms_of_cognitive_impairment).
[2026-06-28 15:37:22.202] Found 1008 possible bad axioms.
[2026-06-28 15:37:22.202] Selected the bad axiom SubClassOf(mood_changes symptoms_of_cognitive_impairment).
[2026-06-28 15:37:22.212] Found 1007 possible bad axioms.
[2026-06-28 15:37:22.212] Selected the bad axiom SubClassOf(memory_impairment long-term_memory_deficits).
[2026-06-28 15:37:22.220] Found 1006 possible bad axioms.
[2026-06-28 15:37:22.221] Selected the bad axiom SubClassOf(cognitive_screening cognitive_function).
[2026-06-28 15:37:22.227] Found 1005 possible bad axioms.
[2026-06-28 15:37:22.228] Selected the bad axiom SubClassOf(complex_attention cognitive_functions).
[2026-06-28 15:37:22.234] Found 1004 possible bad axioms.
[2026-06-28 15:37:22.234] Selected the bad axiom SubClassOf(nonamnestic_MCI cognitive_deterioration).
[2026-06-28 15:37:22.245] Found 1003 possible bad axioms.
[2026-06-28 15:37:22.246] Selected the bad axiom SubClassOf(sun-downing symptoms_of_cognitive_impairment).
[2026-06-28 15:37:22.252] Found 1002 possible bad axioms.
[2026-06-28 15:37:22.252] Selected the bad axiom SubClassOf(mentation cognitive_functions).
[2026-06-28 15:37:22.258] Found 1001 possible bad axioms.
[2026-06-28 15:37:22.258] Selected the bad axiom SubClassOf(Range_of_motion Exercise).
[2026-06-28 15:37:22.264] Found 1000 possible bad axioms.
[2026-06-28 15:37:22.264] Selected the bad axiom SubClassOf(cognitive-communicative_change Impaired_cognition).
[2026-06-28 15:37:22.277] Found 999 possible bad axioms.
[2026-06-28 15:37:22.277] Selected the bad axiom SubClassOf(cognitive-communicative_change visuospatial_cognition).
[2026-06-28 15:37:22.283] Found 998 possible bad axioms.
[2026-06-28 15:37:22.284] Selected the bad axiom SubClassOf(agitated major_depressive_disorder).
[2026-06-28 15:37:22.291] Found 997 possible bad axioms.
[2026-06-28 15:37:22.291] Selected the bad axiom SubClassOf(advanced_dementia middle_stage_dementia).
[2026-06-28 15:37:22.297] Found 996 possible bad axioms.
[2026-06-28 15:37:22.298] Selected the bad axiom SubClassOf(psychological_alterations suicidal_ideation).
[2026-06-28 15:37:22.304] Found 995 possible bad axioms
...[truncated]
FAIL: attempt=2 seed=14352 status=memory_limit_exceeded stage=B2 message=Repair failed: ExecutionException: java.lang.IllegalStateException: Could not find a weakening for axiom: ⊤ ⊑ poor_ambulation
progress: ontology=FOUR-M_VOCABS attempt=2 success=0/100
----- FOUR-M_VOCABS attempt=3 seed=28552 at 2026-06-28 15:41:13 -----
--- stdout ---
{"seed":28552,"run_id":"20260624134028346645","trial_status":"memory_limit_exceeded","error_type":"failure","failure_stage":"B3","error_message":"Repair failed: ExecutionException: java.lang.IllegalStateException: Could not find a weakening for axiom: ⊤ ⊑ poor_ambulation","iic_values":{},"repair_runtimes_ms":{"A1":1540,"A2":203625,"A3":5402,"B1":2792,"B2":6236,"B3":21472}}

--- stderr ---
SingleTrialExperiment starting: ontology=/workspaces/ontologyutils-ekaw26/repair-power-index-replication-ekaw26/ontologies/inconsistent/FOUR-M_VOCABS.owl, seed=28552, run_id=20260624134028346645
Loaded ontology.
Normalizing ontology with SROIQ normalization...
Normalized ontology with SROIQ normalization.
Ontology is already inconsistent, skipping make-inconsistent step.
Repairing with A1 (random-removal)...
[2026-06-28 15:41:13.855] Checking precondition...
[2026-06-28 15:41:13.891] Starting the repair...
[2026-06-28 15:41:13.907] Found 1010 possible bad axioms.
[2026-06-28 15:41:13.910] Selected the bad axiom SubClassOf(Sitting_to_lying Bed_transition).
[2026-06-28 15:41:13.926] Found 1009 possible bad axioms.
[2026-06-28 15:41:13.927] Selected the bad axiom SubClassOf(middle_stage_dementia early_stages).
[2026-06-28 15:41:13.936] Found 1008 possible bad axioms.
[2026-06-28 15:41:13.936] Selected the bad axiom SubClassOf(anger lability_of_affect).
[2026-06-28 15:41:13.945] Found 1007 possible bad axioms.
[2026-06-28 15:41:13.946] Selected the bad axiom SubClassOf(ritualistic_behavior depressive_psychosis).
[2026-06-28 15:41:13.953] Found 1006 possible bad axioms.
[2026-06-28 15:41:13.954] Selected the bad axiom SubClassOf(Stand_(standing) Ability_to_ambulate).
[2026-06-28 15:41:13.961] Found 1005 possible bad axioms.
[2026-06-28 15:41:13.962] Selected the bad axiom SubClassOf(worry Shaky_(trembling)).
[2026-06-28 15:41:13.969] Found 1004 possible bad axioms.
[2026-06-28 15:41:13.969] Selected the bad axiom SubClassOf(nonamnestic_MCI Impaired_cognition).
[2026-06-28 15:41:13.980] Found 1003 possible bad axioms.
[2026-06-28 15:41:13.981] Selected the bad axiom SubClassOf(medical-socio-psychological_issues uncomfortable).
[2026-06-28 15:41:13.987] Found 1002 possible bad axioms.
[2026-06-28 15:41:13.988] Selected the bad axiom SubClassOf(co-occurring_dementing_conditions suspected_dementia).
[2026-06-28 15:41:13.994] Found 1001 possible bad axioms.
[2026-06-28 15:41:13.994] Selected the bad axiom SubClassOf(flexibility Walking_(ambulate,_ambulatory,_gait)).
[2026-06-28 15:41:14.000] Found 1000 possible bad axioms.
[2026-06-28 15:41:14.001] Selected the bad axiom SubClassOf(M3_mentaion nonamnestic_MCI).
[2026-06-28 15:41:14.013] Found 999 possible bad axioms.
[2026-06-28 15:41:14.013] Selected the bad axiom SubClassOf(delirium uncertain).
[2026-06-28 15:41:14.020] Found 998 possible bad axioms.
[2026-06-28 15:41:14.021] Selected the bad axiom SubClassOf(suspected_dementia co-occurring_dementing_conditions).
[2026-06-28 15:41:14.027] Found 997 possible bad axioms.
[2026-06-28 15:41:14.027] Selected the bad axiom SubClassOf(decreased_learning_ability schizophrenic_thought_disorder).
[2026-06-28 15:41:14.033] Found 996 possible bad axioms.
[2026-06-28 15:41:14.033] Selected the bad axiom SubClassOf(Impaired_cognition Lethargic).
[2026-06-28 15:41:14.039] Found 995 possible bad axioms.
[2026-06-28 15:41:14.040] Selected the bad axiom SubClassOf(mood_di
...[truncated]
FAIL: attempt=3 seed=28552 status=memory_limit_exceeded stage=B3 message=Repair failed: ExecutionException: java.lang.IllegalStateException: Could not find a weakening for axiom: ⊤ ⊑ poor_ambulation
progress: ontology=FOUR-M_VOCABS attempt=3 success=0/100
----- FOUR-M_VOCABS attempt=4 seed=42752 at 2026-06-28 15:45:15 -----
--- stdout ---
{"seed":42752,"run_id":"20260624134028346645","trial_status":"memory_limit_exceeded","error_type":"failure","failure_stage":"B2","error_message":"Repair failed: ExecutionException: java.lang.IllegalStateException: Could not find a weakening for axiom: ⊤ ⊑ poor_ambulation","iic_values":{},"repair_runtimes_ms":{"A1":511,"A2":201931,"A3":5890,"B1":8510,"B2":19865}}

--- stderr ---
SingleTrialExperiment starting: ontology=/workspaces/ontologyutils-ekaw26/repair-power-index-replication-ekaw26/ontologies/inconsistent/FOUR-M_VOCABS.owl, seed=42752, run_id=20260624134028346645
Loaded ontology.
Normalizing ontology with SROIQ normalization...
Normalized ontology with SROIQ normalization.
Ontology is already inconsistent, skipping make-inconsistent step.
Repairing with A1 (random-removal)...
[2026-06-28 15:45:15.616] Checking precondition...
[2026-06-28 15:45:15.653] Starting the repair...
[2026-06-28 15:45:15.669] Found 1010 possible bad axioms.
[2026-06-28 15:45:15.671] Selected the bad axiom SubClassOf(learning cognitive_functions).
[2026-06-28 15:45:15.685] Found 1009 possible bad axioms.
[2026-06-28 15:45:15.685] Selected the bad axiom SubClassOf(remember executive_function).
[2026-06-28 15:45:15.694] Found 1008 possible bad axioms.
[2026-06-28 15:45:15.694] Selected the bad axiom SubClassOf(symptoms_of_cognitive_impairment forgetting).
[2026-06-28 15:45:15.704] Found 1007 possible bad axioms.
[2026-06-28 15:45:15.704] Selected the bad axiom SubClassOf(cognitive_assessment owl:Nothing).
[2026-06-28 15:45:15.712] Found 1006 possible bad axioms.
[2026-06-28 15:45:15.712] Selected the bad axiom SubClassOf(Difficulty_getting_out_of_bed Pain).
[2026-06-28 15:45:15.721] Found 1005 possible bad axioms.
[2026-06-28 15:45:15.722] Selected the bad axiom SubClassOf(loss_of_insight symptoms_of_cognitive_impairment).
[2026-06-28 15:45:15.728] Found 1004 possible bad axioms.
[2026-06-28 15:45:15.729] Selected the bad axiom SubClassOf(little_reaction_to_emotional_events irritability).
[2026-06-28 15:45:15.740] Found 1003 possible bad axioms.
[2026-06-28 15:45:15.740] Selected the bad axiom SubClassOf(fronto-temporal_dementia dementia_(types)).
[2026-06-28 15:45:15.746] Found 1002 possible bad axioms.
[2026-06-28 15:45:15.747] Selected the bad axiom SubClassOf(orientation cognitive_functions).
[2026-06-28 15:45:15.753] Found 1001 possible bad axioms.
[2026-06-28 15:45:15.753] Selected the bad axiom SubClassOf(cognitive_status neuropsychological_testing).
[2026-06-28 15:45:15.759] Found 1000 possible bad axioms.
[2026-06-28 15:45:15.759] Selected the bad axiom SubClassOf(verbal_memory visual_memory).
[2026-06-28 15:45:15.772] Found 999 possible bad axioms.
[2026-06-28 15:45:15.772] Selected the bad axiom SubClassOf(Decision_making Goals).
[2026-06-28 15:45:15.778] Found 998 possible bad axioms.
[2026-06-28 15:45:15.778] Selected the bad axiom SubClassOf(irritation sleep_fragmentation).
[2026-06-28 15:45:15.785] Found 997 possible bad axioms.
[2026-06-28 15:45:15.785] Selected the bad axiom SubClassOf(Send_to_hospital Refuse_transfer).
[2026-06-28 15:45:15.790] Found 996 possible bad axioms.
[2026-06-28 15:45:15.791] Selected the bad axiom SubClassOf(alert_and_oriented orientation).
[2026-06-28 15:45:15.797] Found 995 possible bad axioms.
[2026-06-28 15:45:15.797] Selected the bad axiom SubClassOf(Walking_(ambulate,_gait) Balance).
[2026-06-2
...[truncated]
FAIL: attempt=4 seed=42752 status=memory_limit_exceeded stage=B2 message=Repair failed: ExecutionException: java.lang.IllegalStateException: Could not find a weakening for axiom: ⊤ ⊑ poor_ambulation
progress: ontology=FOUR-M_VOCABS attempt=4 success=0/100
----- FOUR-M_VOCABS attempt=5 seed=56952 at 2026-06-28 15:49:12 -----
--- stdout ---
{"seed":56952,"run_id":"20260624134028346645","trial_status":"memory_limit_exceeded","error_type":"failure","failure_stage":"B2","error_message":"Repair failed: ExecutionException: java.lang.IllegalStateException: Could not find a weakening for axiom: ⊤ ⊑ poor_ambulation","iic_values":{},"repair_runtimes_ms":{"A1":1550,"A2":202762,"A3":8987,"B1":3753,"B2":5719}}

--- stderr ---
SingleTrialExperiment starting: ontology=/workspaces/ontologyutils-ekaw26/repair-power-index-replication-ekaw26/ontologies/inconsistent/FOUR-M_VOCABS.owl, seed=56952, run_id=20260624134028346645
Loaded ontology.
Normalizing ontology with SROIQ normalization...
Normalized ontology with SROIQ normalization.
Ontology is already inconsistent, skipping make-inconsistent step.
Repairing with A1 (random-removal)...
[2026-06-28 15:49:13.064] Checking precondition...
[2026-06-28 15:49:13.097] Starting the repair...
[2026-06-28 15:49:13.114] Found 1010 possible bad axioms.
[2026-06-28 15:49:13.116] Selected the bad axiom SubClassOf(disorientation distraction).
[2026-06-28 15:49:13.131] Found 1009 possible bad axioms.
[2026-06-28 15:49:13.131] Selected the bad axiom SubClassOf(cognitive_deterioration Impaired_cognition).
[2026-06-28 15:49:13.141] Found 1008 possible bad axioms.
[2026-06-28 15:49:13.141] Selected the bad axiom SubClassOf(poor_judgement panic).
[2026-06-28 15:49:13.150] Found 1007 possible bad axioms.
[2026-06-28 15:49:13.151] Selected the bad axiom SubClassOf(tearfulness lack_of_initiative).
[2026-06-28 15:49:13.160] Found 1006 possible bad axioms.
[2026-06-28 15:49:13.160] Selected the bad axiom SubClassOf(Preferences Respect_(dignity)).
[2026-06-28 15:49:13.167] Found 1005 possible bad axioms.
[2026-06-28 15:49:13.167] Selected the bad axiom SubClassOf(cognitive_processing owl:Nothing).
[2026-06-28 15:49:13.173] Found 1004 possible bad axioms.
[2026-06-28 15:49:13.173] Selected the bad axiom SubClassOf(mental_health_disorders symptoms_of_cognitive_impairment).
[2026-06-28 15:49:13.184] Found 1003 possible bad axioms.
[2026-06-28 15:49:13.185] Selected the bad axiom SubClassOf(Stretching Exercise).
[2026-06-28 15:49:13.191] Found 1002 possible bad axioms.
[2026-06-28 15:49:13.191] Selected the bad axiom SubClassOf(cognitive_toxicity cognitive-communicative_change).
[2026-06-28 15:49:13.197] Found 1001 possible bad axioms.
[2026-06-28 15:49:13.197] Selected the bad axiom SubClassOf(mental_impairment symptoms_of_cognitive_impairment).
[2026-06-28 15:49:13.203] Found 1000 possible bad axioms.
[2026-06-28 15:49:13.203] Selected the bad axiom SubClassOf(Aerobic_exercise Exercise).
[2026-06-28 15:49:13.215] Found 999 possible bad axioms.
[2026-06-28 15:49:13.215] Selected the bad axiom SubClassOf(Bed_transition bed_to_chair_transfer).
[2026-06-28 15:49:13.223] Found 998 possible bad axioms.
[2026-06-28 15:49:13.223] Selected the bad axiom SubClassOf(cognitive_disorders Shaky_(trembling)).
[2026-06-28 15:49:13.229] Found 997 possible bad axioms.
[2026-06-28 15:49:13.230] Selected the bad axiom SubClassOf(Injury Gait_abnormality).
[2026-06-28 15:49:13.235] Found 996 possible bad axioms.
[2026-06-28 15:49:13.236] Selected the bad axiom SubClassOf(non-dementia incident_dementia).
[2026-06-28 15:49:13.242] Found 995 possible bad axioms.
[2026-06-28 15:49:13.243] Selected the bad axiom SubClassOf(Refuse_transfer Treatment_preferences).
[2026-06-28 15:4
...[truncated]
FAIL: attempt=5 seed=56952 status=memory_limit_exceeded stage=B2 message=Repair failed: ExecutionException: java.lang.IllegalStateException: Could not find a weakening for axiom: ⊤ ⊑ poor_ambulation
progress: ontology=FOUR-M_VOCABS attempt=5 success=0/100
----- FOUR-M_VOCABS attempt=6 seed=71152 at 2026-06-28 15:52:55 -----
--- stdout ---
{"seed":71152,"run_id":"20260624134028346645","trial_status":"memory_limit_exceeded","error_type":"failure","failure_stage":"B2","error_message":"Repair failed: ExecutionException: java.lang.IllegalStateException: Could not find a weakening for axiom: ⊤ ⊑ poor_ambulation","iic_values":{},"repair_runtimes_ms":{"A1":1008,"A2":203084,"A3":3685,"B1":5493,"B2":16368}}

--- stderr ---
SingleTrialExperiment starting: ontology=/workspaces/ontologyutils-ekaw26/repair-power-index-replication-ekaw26/ontologies/inconsistent/FOUR-M_VOCABS.owl, seed=71152, run_id=20260624134028346645
Loaded ontology.
Normalizing ontology with SROIQ normalization...
Normalized ontology with SROIQ normalization.
Ontology is already inconsistent, skipping make-inconsistent step.
Repairing with A1 (random-removal)...
[2026-06-28 15:52:56.331] Checking precondition...
[2026-06-28 15:52:56.364] Starting the repair...
[2026-06-28 15:52:56.381] Found 1010 possible bad axioms.
[2026-06-28 15:52:56.383] Selected the bad axiom SubClassOf(symptoms_of_cognitive_impairment manic_psychosis).
[2026-06-28 15:52:56.399] Found 1009 possible bad axioms.
[2026-06-28 15:52:56.400] Selected the bad axiom SubClassOf(symptoms_of_cognitive_impairment distractibility).
[2026-06-28 15:52:56.409] Found 1008 possible bad axioms.
[2026-06-28 15:52:56.409] Selected the bad axiom SubClassOf(cognitive_screening cognitive_assessment).
[2026-06-28 15:52:56.418] Found 1007 possible bad axioms.
[2026-06-28 15:52:56.418] Selected the bad axiom SubClassOf(cognitive_toxicity cognitive_fluctuations).
[2026-06-28 15:52:56.426] Found 1006 possible bad axioms.
[2026-06-28 15:52:56.426] Selected the bad axiom SubClassOf(single_domain_MCI cognitive_processing).
[2026-06-28 15:52:56.433] Found 1005 possible bad axioms.
[2026-06-28 15:52:56.433] Selected the bad axiom SubClassOf(mixed_dementia multi-infarct_dementia).
[2026-06-28 15:52:56.439] Found 1004 possible bad axioms.
[2026-06-28 15:52:56.440] Selected the bad axiom SubClassOf(short-term_memory_deficits memory_changes).
[2026-06-28 15:52:56.450] Found 1003 possible bad axioms.
[2026-06-28 15:52:56.451] Selected the bad axiom SubClassOf(Send_to_hospital Treatment_preferences).
[2026-06-28 15:52:56.456] Found 1002 possible bad axioms.
[2026-06-28 15:52:56.457] Selected the bad axiom SubClassOf(M2_medication treatment).
[2026-06-28 15:52:56.463] Found 1001 possible bad axioms.
[2026-06-28 15:52:56.463] Selected the bad axiom SubClassOf(Out_of_bed Bed_transition).
[2026-06-28 15:52:56.469] Found 1000 possible bad axioms.
[2026-06-28 15:52:56.469] Selected the bad axiom SubClassOf(progressive_decline_of_functioning mental_impairment).
[2026-06-28 15:52:56.481] Found 999 possible bad axioms.
[2026-06-28 15:52:56.481] Selected the bad axiom SubClassOf(psychological_alterations suicidal_ideation).
[2026-06-28 15:52:56.487] Found 998 possible bad axioms.
[2026-06-28 15:52:56.487] Selected the bad axiom SubClassOf(severe_hyperactivity symptoms_of_cognitive_impairment).
[2026-06-28 15:52:56.493] Found 997 possible bad axioms.
[2026-06-28 15:52:56.494] Selected the bad axiom SubClassOf(symptoms_of_cognitive_impairment forgetting).
[2026-06-28 15:52:56.501] Found 996 possible bad axioms.
[2026-06-28 15:52:56.501] Selected the bad axiom SubClassOf(lack_of_awareness_or_insight symptoms_of_cognitive_impairment).
[2026-06-28 15:52:56.507] Found 995 possible b
...[truncated]
FAIL: attempt=6 seed=71152 status=memory_limit_exceeded stage=B2 message=Repair failed: ExecutionException: java.lang.IllegalStateException: Could not find a weakening for axiom: ⊤ ⊑ poor_ambulation
progress: ontology=FOUR-M_VOCABS attempt=6 success=0/100
----- FOUR-M_VOCABS attempt=7 seed=85352 at 2026-06-28 15:56:46 -----
--- stdout ---
{"seed":85352,"run_id":"20260624134028346645","trial_status":"memory_limit_exceeded","error_type":"failure","failure_stage":"B2","error_message":"Repair failed: ExecutionException: java.lang.IllegalStateException: Could not find a weakening for axiom: ⊤ ⊑ poor_ambulation","iic_values":{},"repair_runtimes_ms":{"A1":554,"A2":203707,"A3":3096,"B1":3263,"B2":4784}}

--- stderr ---
SingleTrialExperiment starting: ontology=/workspaces/ontologyutils-ekaw26/repair-power-index-replication-ekaw26/ontologies/inconsistent/FOUR-M_VOCABS.owl, seed=85352, run_id=20260624134028346645
Loaded ontology.
Normalizing ontology with SROIQ normalization...
Normalized ontology with SROIQ normalization.
Ontology is already inconsistent, skipping make-inconsistent step.
Repairing with A1 (random-removal)...
[2026-06-28 15:56:46.526] Checking precondition...
[2026-06-28 15:56:46.560] Starting the repair...
[2026-06-28 15:56:46.577] Found 1010 possible bad axioms.
[2026-06-28 15:56:46.579] Selected the bad axiom SubClassOf(suicidal_ideation symptoms_of_cognitive_impairment).
[2026-06-28 15:56:46.594] Found 1009 possible bad axioms.
[2026-06-28 15:56:46.595] Selected the bad axiom SubClassOf(Fall_risk Fear_of_falls/falling).
[2026-06-28 15:56:46.605] Found 1008 possible bad axioms.
[2026-06-28 15:56:46.605] Selected the bad axiom SubClassOf(benign_memory_loss memory_impairment).
[2026-06-28 15:56:46.614] Found 1007 possible bad axioms.
[2026-06-28 15:56:46.614] Selected the bad axiom SubClassOf(scared aging_and_suicide).
[2026-06-28 15:56:46.622] Found 1006 possible bad axioms.
[2026-06-28 15:56:46.622] Selected the bad axiom SubClassOf(Quality_of_social_interactions Family_and_friends_(spouse,_husband,_wife,_daughter,_son,_brother,_sister)).
[2026-06-28 15:56:46.630] Found 1005 possible bad axioms.
[2026-06-28 15:56:46.630] Selected the bad axiom SubClassOf(benign_senescent_forgetfulness memory_impairment).
[2026-06-28 15:56:46.637] Found 1004 possible bad axioms.
[2026-06-28 15:56:46.637] Selected the bad axiom SubClassOf(scared symptoms_of_cognitive_impairment).
[2026-06-28 15:56:46.649] Found 1003 possible bad axioms.
[2026-06-28 15:56:46.649] Selected the bad axiom SubClassOf(neurological_symptoms symptoms_of_cognitive_impairment).
[2026-06-28 15:56:46.656] Found 1002 possible bad axioms.
[2026-06-28 15:56:46.656] Selected the bad axiom SubClassOf(resistiveness_to_care symptoms_of_cognitive_impairment).
[2026-06-28 15:56:46.662] Found 1001 possible bad axioms.
[2026-06-28 15:56:46.662] Selected the bad axiom SubClassOf(deterioration_in_judgement_and_thinking neuropsychiatric).
[2026-06-28 15:56:46.668] Found 1000 possible bad axioms.
[2026-06-28 15:56:46.668] Selected the bad axiom SubClassOf(memory_disorders memory_loss).
[2026-06-28 15:56:46.681] Found 999 possible bad axioms.
[2026-06-28 15:56:46.681] Selected the bad axiom SubClassOf(fear_of_addiction symptoms_of_cognitive_impairment).
[2026-06-28 15:56:46.688] Found 998 possible bad axioms.
[2026-06-28 15:56:46.689] Selected the bad axiom SubClassOf(Impaired_cognition Memory).
[2026-06-28 15:56:46.696] Found 997 possible bad axioms.
[2026-06-28 15:56:46.696] Selected the bad axiom SubClassOf(early_stages middle_stage_dementia).
[2026-06-28 15:56:46.702] Found 996 possible bad axioms.
[2026-06-28 15:56:46.702] Selected the bad axiom SubClassOf(Bed_transition Ability_to_change_position).
[2
...[truncated]
FAIL: attempt=7 seed=85352 status=memory_limit_exceeded stage=B2 message=Repair failed: ExecutionException: java.lang.IllegalStateException: Could not find a weakening for axiom: ⊤ ⊑ poor_ambulation
progress: ontology=FOUR-M_VOCABS attempt=7 success=0/100
----- FOUR-M_VOCABS attempt=8 seed=99552 at 2026-06-28 16:00:22 -----
--- stdout ---
{"seed":99552,"run_id":"20260624134028346645","trial_status":"memory_limit_exceeded","error_type":"failure","failure_stage":"B2","error_message":"Repair failed: ExecutionException: java.lang.IllegalStateException: Could not find a weakening for axiom: ⊤ ⊑ poor_ambulation","iic_values":{},"repair_runtimes_ms":{"A1":1780,"A2":203935,"A3":5598,"B1":6347,"B2":16591}}

--- stderr ---
SingleTrialExperiment starting: ontology=/workspaces/ontologyutils-ekaw26/repair-power-index-replication-ekaw26/ontologies/inconsistent/FOUR-M_VOCABS.owl, seed=99552, run_id=20260624134028346645
Loaded ontology.
Normalizing ontology with SROIQ normalization...
Normalized ontology with SROIQ normalization.
Ontology is already inconsistent, skipping make-inconsistent step.
Repairing with A1 (random-removal)...
[2026-06-28 16:00:22.439] Checking precondition...
[2026-06-28 16:00:22.470] Starting the repair...
[2026-06-28 16:00:22.488] Found 1010 possible bad axioms.
[2026-06-28 16:00:22.489] Selected the bad axiom SubClassOf(cognitive_processing Impaired_cognition).
[2026-06-28 16:00:22.505] Found 1009 possible bad axioms.
[2026-06-28 16:00:22.505] Selected the bad axiom SubClassOf(M2_medication poor_ambulation).
[2026-06-28 16:00:22.515] Found 1008 possible bad axioms.
[2026-06-28 16:00:22.515] Selected the bad axiom SubClassOf(difficulties_with_references_to_the_past symptoms_of_cognitive_impairment).
[2026-06-28 16:00:22.526] Found 1007 possible bad axioms.
[2026-06-28 16:00:22.526] Selected the bad axiom SubClassOf(episodic_memory working_memory).
[2026-06-28 16:00:22.534] Found 1006 possible bad axioms.
[2026-06-28 16:00:22.534] Selected the bad axiom SubClassOf(Hospice_care Palliative_care).
[2026-06-28 16:00:22.543] Found 1005 possible bad axioms.
[2026-06-28 16:00:22.543] Selected the bad axiom SubClassOf(dementia early_stages).
[2026-06-28 16:00:22.554] Found 1004 possible bad axioms.
[2026-06-28 16:00:22.555] Selected the bad axiom SubClassOf(uncertain symptoms_of_cognitive_impairment).
[2026-06-28 16:00:22.561] Found 1003 possible bad axioms.
[2026-06-28 16:00:22.561] Selected the bad axiom SubClassOf(advanced_dementia owl:Nothing).
[2026-06-28 16:00:22.568] Found 1002 possible bad axioms.
[2026-06-28 16:00:22.569] Selected the bad axiom SubClassOf(pre-dementia_syndrome Lethargic).
[2026-06-28 16:00:22.575] Found 1001 possible bad axioms.
[2026-06-28 16:00:22.575] Selected the bad axiom SubClassOf(cognitive_disorders nonamnestic_MCI).
[2026-06-28 16:00:22.581] Found 1000 possible bad axioms.
[2026-06-28 16:00:22.582] Selected the bad axiom SubClassOf(emotional_response symptoms_of_cognitive_impairment).
[2026-06-28 16:00:22.594] Found 999 possible bad axioms.
[2026-06-28 16:00:22.594] Selected the bad axiom SubClassOf(uncertain fear_of_addiction).
[2026-06-28 16:00:22.602] Found 998 possible bad axioms.
[2026-06-28 16:00:22.602] Selected the bad axiom SubClassOf(disorientation symptoms_of_cognitive_impairment).
[2026-06-28 16:00:22.608] Found 997 possible bad axioms.
[2026-06-28 16:00:22.609] Selected the bad axiom SubClassOf(wild_delirium ritualistic_behavior).
[2026-06-28 16:00:22.614] Found 996 possible bad axioms.
[2026-06-28 16:00:22.615] Selected the bad axiom SubClassOf(anxiety symptoms_of_cognitive_impairment).
[2026-06-28 16:00:22.621] Found 995 possible bad axioms.
[2026-06-28 16:00:22.621] Selected the bad axiom SubClassOf(M4_m
...[truncated]
FAIL: attempt=8 seed=99552 status=memory_limit_exceeded stage=B2 message=Repair failed: ExecutionException: java.lang.IllegalStateException: Could not find a weakening for axiom: ⊤ ⊑ poor_ambulation
progress: ontology=FOUR-M_VOCABS attempt=8 success=0/100
----- FOUR-M_VOCABS attempt=9 seed=113752 at 2026-06-28 16:04:16 -----
--- stdout ---
{"seed":113752,"run_id":"20260624134028346645","trial_status":"memory_limit_exceeded","error_type":"failure","failure_stage":"B2","error_message":"Repair failed: ExecutionException: java.lang.IllegalStateException: Could not find a weakening for axiom: ⊤ ⊑ poor_ambulation","iic_values":{},"repair_runtimes_ms":{"A1":1511,"A2":202207,"A3":3486,"B1":5594,"B2":4674}}

--- stderr ---
SingleTrialExperiment starting: ontology=/workspaces/ontologyutils-ekaw26/repair-power-index-replication-ekaw26/ontologies/inconsistent/FOUR-M_VOCABS.owl, seed=113752, run_id=20260624134028346645
Loaded ontology.
Normalizing ontology with SROIQ normalization...
Normalized ontology with SROIQ normalization.
Ontology is already inconsistent, skipping make-inconsistent step.
Repairing with A1 (random-removal)...
[2026-06-28 16:04:17.267] Checking precondition...
[2026-06-28 16:04:17.301] Starting the repair...
[2026-06-28 16:04:17.317] Found 1010 possible bad axioms.
[2026-06-28 16:04:17.319] Selected the bad axiom SubClassOf(progressive_decline_of_functioning Shaky_(trembling)).
[2026-06-28 16:04:17.334] Found 1009 possible bad axioms.
[2026-06-28 16:04:17.334] Selected the bad axiom SubClassOf(Safety Lethargic).
[2026-06-28 16:04:17.345] Found 1008 possible bad axioms.
[2026-06-28 16:04:17.346] Selected the bad axiom SubClassOf(agitated Shaky_(trembling)).
[2026-06-28 16:04:17.354] Found 1007 possible bad axioms.
[2026-06-28 16:04:17.354] Selected the bad axiom SubClassOf(difficulties_with_references_to_the_past uncomfortable).
[2026-06-28 16:04:17.362] Found 1006 possible bad axioms.
[2026-06-28 16:04:17.362] Selected the bad axiom SubClassOf(sadness symptoms_of_cognitive_impairment).
[2026-06-28 16:04:17.370] Found 1005 possible bad axioms.
[2026-06-28 16:04:17.370] Selected the bad axiom SubClassOf(Appetite Hunger).
[2026-06-28 16:04:17.377] Found 1004 possible bad axioms.
[2026-06-28 16:04:17.378] Selected the bad axiom SubClassOf(M4_mobility Aerobic_exercise).
[2026-06-28 16:04:17.389] Found 1003 possible bad axioms.
[2026-06-28 16:04:17.390] Selected the bad axiom SubClassOf(Scooter Mobility_aid_(assistive_device)).
[2026-06-28 16:04:17.396] Found 1002 possible bad axioms.
[2026-06-28 16:04:17.396] Selected the bad axiom SubClassOf(single_domain_MCI cognitive_processing).
[2026-06-28 16:04:17.403] Found 1001 possible bad axioms.
[2026-06-28 16:04:17.403] Selected the bad axiom SubClassOf(schizophrenic_thought_disorder manic_psychosis).
[2026-06-28 16:04:17.409] Found 1000 possible bad axioms.
[2026-06-28 16:04:17.410] Selected the bad axiom SubClassOf(bed_to_chair_transfer M3_mentaion).
[2026-06-28 16:04:17.422] Found 999 possible bad axioms.
[2026-06-28 16:04:17.422] Selected the bad axiom SubClassOf(Ability_to_ambulate Chair_transition).
[2026-06-28 16:04:17.430] Found 998 possible bad axioms.
[2026-06-28 16:04:17.431] Selected the bad axiom SubClassOf(medical-socio-psychological_issues symptoms_of_cognitive_impairment).
[2026-06-28 16:04:17.437] Found 997 possible bad axioms.
[2026-06-28 16:04:17.437] Selected the bad axiom SubClassOf(neurologic_examination cognitive_assessment).
[2026-06-28 16:04:17.443] Found 996 possible bad axioms.
[2026-06-28 16:04:17.444] Selected the bad axiom SubClassOf(Activity Nutrition).
[2026-06-28 16:04:17.450] Found 995 possible bad axioms.
[2026-06-28 16:04:17.451] Selected the bad axiom SubClassOf(treatmen
...[truncated]
FAIL: attempt=9 seed=113752 status=memory_limit_exceeded stage=B2 message=Repair failed: ExecutionException: java.lang.IllegalStateException: Could not find a weakening for axiom: ⊤ ⊑ poor_ambulation
progress: ontology=FOUR-M_VOCABS attempt=9 success=0/100
----- FOUR-M_VOCABS attempt=10 seed=127952 at 2026-06-28 16:07:54 -----
--- stdout ---
{"seed":127952,"run_id":"20260624134028346645","trial_status":"memory_limit_exceeded","error_type":"failure","failure_stage":"B2","error_message":"Repair failed: ExecutionException: java.lang.IllegalStateException: Could not find a weakening for axiom: ⊤ ⊑ poor_ambulation","iic_values":{},"repair_runtimes_ms":{"A1":1601,"A2":204305,"A3":6683,"B1":5914,"B2":15830}}

--- stderr ---
SingleTrialExperiment starting: ontology=/workspaces/ontologyutils-ekaw26/repair-power-index-replication-ekaw26/ontologies/inconsistent/FOUR-M_VOCABS.owl, seed=127952, run_id=20260624134028346645
Loaded ontology.
Normalizing ontology with SROIQ normalization...
Normalized ontology with SROIQ normalization.
Ontology is already inconsistent, skipping make-inconsistent step.
Repairing with A1 (random-removal)...
[2026-06-28 16:07:55.250] Checking precondition...
[2026-06-28 16:07:55.284] Starting the repair...
[2026-06-28 16:07:55.300] Found 1010 possible bad axioms.
[2026-06-28 16:07:55.303] Selected the bad axiom SubClassOf(asking_repetitive_questions symptoms_of_cognitive_impairment).
[2026-06-28 16:07:55.319] Found 1009 possible bad axioms.
[2026-06-28 16:07:55.319] Selected the bad axiom SubClassOf(cognitive_tests neurologic_examination).
[2026-06-28 16:07:55.328] Found 1008 possible bad axioms.
[2026-06-28 16:07:55.329] Selected the bad axiom SubClassOf(cognitive_concerns cognitive_alterations).
[2026-06-28 16:07:55.337] Found 1007 possible bad axioms.
[2026-06-28 16:07:55.337] Selected the bad axiom SubClassOf(anticholinergics M2_medication).
[2026-06-28 16:07:55.345] Found 1006 possible bad axioms.
[2026-06-28 16:07:55.346] Selected the bad axiom SubClassOf(cognitive_status neuropsychological_testing).
[2026-06-28 16:07:55.352] Found 1005 possible bad axioms.
[2026-06-28 16:07:55.353] Selected the bad axiom SubClassOf(panic decrease_in_patience).
[2026-06-28 16:07:55.359] Found 1004 possible bad axioms.
[2026-06-28 16:07:55.359] Selected the bad axiom SubClassOf(distraction symptoms_of_cognitive_impairment).
[2026-06-28 16:07:55.370] Found 1003 possible bad axioms.
[2026-06-28 16:07:55.371] Selected the bad axiom SubClassOf(Wheelchair Walker).
[2026-06-28 16:07:55.377] Found 1002 possible bad axioms.
[2026-06-28 16:07:55.378] Selected the bad axiom SubClassOf(agitated major_depressive_disorder).
[2026-06-28 16:07:55.383] Found 1001 possible bad axioms.
[2026-06-28 16:07:55.384] Selected the bad axiom SubClassOf(fear_of_addiction owl:Nothing).
[2026-06-28 16:07:55.389] Found 1000 possible bad axioms.
[2026-06-28 16:07:55.390] Selected the bad axiom SubClassOf(neuropathologic_changes symptoms_of_cognitive_impairment).
[2026-06-28 16:07:55.402] Found 999 possible bad axioms.
[2026-06-28 16:07:55.402] Selected the bad axiom SubClassOf(co-occurring_dementing_conditions dementia_prevention).
[2026-06-28 16:07:55.409] Found 998 possible bad axioms.
[2026-06-28 16:07:55.409] Selected the bad axiom SubClassOf(avoidance symptoms_of_cognitive_impairment).
[2026-06-28 16:07:55.416] Found 997 possible bad axioms.
[2026-06-28 16:07:55.417] Selected the bad axiom SubClassOf(schizophrenic_thought_disorder avoidance).
[2026-06-28 16:07:55.423] Found 996 possible bad axioms.
[2026-06-28 16:07:55.423] Selected the bad axiom SubClassOf(early_stages middle_stage_dementia).
[2026-06-28 16:07:55.429] Found 995 possible bad axioms.
[2026-06-28 16:07:55.429] Selecte
...[truncated]
FAIL: attempt=10 seed=127952 status=memory_limit_exceeded stage=B2 message=Repair failed: ExecutionException: java.lang.IllegalStateException: Could not find a weakening for axiom: ⊤ ⊑ poor_ambulation
progress: ontology=FOUR-M_VOCABS attempt=10 success=0/100
=== ABORTED FOUR-M_VOCABS after 10 consecutive failures at 2026-06-28 16:11:49 - switching to next ontology ===
=== run_trials finished at 2026-06-28 17:53:08 for FOUR-M_VOCABS - 0 successes, 10 failures, 10 attempts ===
Failed attempts:
  attempt=1 seed=152 msg=Repair failed: ExecutionException: java.lang.IllegalStateException: Could not find a weakening for axiom: ⊤ ⊑ poor_ambulation
  attempt=2 seed=14352 msg=Repair failed: ExecutionException: java.lang.IllegalStateException: Could not find a weakening for axiom: ⊤ ⊑ poor_ambulation
  attempt=3 seed=28552 msg=Repair failed: ExecutionException: java.lang.IllegalStateException: Could not find a weakening for axiom: ⊤ ⊑ poor_ambulation
  attempt=4 seed=42752 msg=Repair failed: ExecutionException: java.lang.IllegalStateException: Could not find a weakening for axiom: ⊤ ⊑ poor_ambulation
  attempt=5 seed=56952 msg=Repair failed: ExecutionException: java.lang.IllegalStateException: Could not find a weakening for axiom: ⊤ ⊑ poor_ambulation
  attempt=6 seed=71152 msg=Repair failed: ExecutionException: java.lang.IllegalStateException: Could not find a weakening for axiom: ⊤ ⊑ poor_ambulation
  attempt=7 seed=85352 msg=Repair failed: ExecutionException: java.lang.IllegalStateException: Could not find a weakening for axiom: ⊤ ⊑ poor_ambulation
  attempt=8 seed=99552 msg=Repair failed: ExecutionException: java.lang.IllegalStateException: Could not find a weakening for axiom: ⊤ ⊑ poor_ambulation
  attempt=9 seed=113752 msg=Repair failed: ExecutionException: java.lang.IllegalStateException: Could not find a weakening for axiom: ⊤ ⊑ poor_ambulation
  attempt=10 seed=127952 msg=Repair failed: ExecutionException: java.lang.IllegalStateException: Could not find a weakening for axiom: ⊤ ⊑ poor_ambulation
Timing summary:
  success: count=0 total_seconds=0.000000 avg_seconds=0.000000
  time_limit_exceeded: count=0 total_seconds=0.000000 avg_seconds=0.000000
  memory_limit_exceeded: count=0 total_seconds=0.000000 avg_seconds=0.000000
  success_rate=0.0000
  wall_clock_seconds_total_run=360698.251834
