=== run_trials started at 2026-06-24 13:41:30 run_id=20260624134028346645 ===
ontology_path=/workspaces/ontologyutils-ekaw26/repair-power-index-replication-ekaw26/ontologies/inconsistent/DOCCC.owl
iic_csv=/workspaces/ontologyutils-ekaw26/repair-power-index-replication-ekaw26/data/data-20260624134028346645/iic-DOCCC.csv
runtime_csv=/workspaces/ontologyutils-ekaw26/repair-power-index-replication-ekaw26/data/data-20260624134028346645/runtime-DOCCC.csv

=== Starting sequential trials for DOCCC at 2026-06-28 14:30:57 ===
----- DOCCC attempt=1 seed=150 at 2026-06-28 14:30:57 -----
--- stdout ---
{"seed":150,"run_id":"20260624134028346645","trial_status":"memory_limit_exceeded","error_type":"failure","failure_stage":"B2","error_message":"Repair failed: ExecutionException: java.lang.IllegalStateException: Could not find a weakening for axiom: ⊤ ⊑ Nursing_Diagnoses","iic_values":{},"repair_runtimes_ms":{"A1":262,"A2":48484,"A3":1096,"B1":3865,"B2":13378}}

--- stderr ---
SingleTrialExperiment starting: ontology=/workspaces/ontologyutils-ekaw26/repair-power-index-replication-ekaw26/ontologies/inconsistent/DOCCC.owl, seed=150, run_id=20260624134028346645
Loaded ontology.
Normalizing ontology with SROIQ normalization...
Normalized ontology with SROIQ normalization.
Ontology is already inconsistent, skipping make-inconsistent step.
Repairing with A1 (random-removal)...
[2026-06-28 14:30:57.739] Checking precondition...
[2026-06-28 14:30:57.769] Starting the repair...
[2026-06-28 14:30:57.781] Found 821 possible bad axioms.
[2026-06-28 14:30:57.783] Selected the bad axiom SubClassOf(Grieving Endocrine_Alteration).
[2026-06-28 14:30:57.791] Found 820 possible bad axioms.
[2026-06-28 14:30:57.792] Selected the bad axiom SubClassOf(Activity_Intolerance owl:Nothing).
[2026-06-28 14:30:57.805] Found 819 possible bad axioms.
[2026-06-28 14:30:57.805] Selected the bad axiom SubClassOf(Renal_Alteration Reflex_Urinary_Incontinence).
[2026-06-28 14:30:57.813] Found 818 possible bad axioms.
[2026-06-28 14:30:57.813] Selected the bad axiom SubClassOf(Noncompliance_of_Dietary_Regimen Health_Behavior).
[2026-06-28 14:30:57.823] Found 817 possible bad axioms.
[2026-06-28 14:30:57.823] Selected the bad axiom SubClassOf(Fluid_Volume Electrolyte_Imbalance).
[2026-06-28 14:30:57.830] Found 816 possible bad axioms.
[2026-06-28 14:30:57.830] Selected the bad axiom SubClassOf(Communication_Impairment owl:Nothing).
[2026-06-28 14:30:57.837] Found 815 possible bad axioms.
[2026-06-28 14:30:57.837] Selected the bad axiom SubClassOf(Fluid_Volume_Excess Personal_Identity_Disturbance).
[2026-06-28 14:30:57.844] Found 814 possible bad axioms.
[2026-06-28 14:30:57.844] Selected the bad axiom SubClassOf(Respiratory Physiological).
[2026-06-28 14:30:57.849] Found 813 possible bad axioms.
[2026-06-28 14:30:57.850] Selected the bad axiom SubClassOf(Metabolic Physiological).
[2026-06-28 14:30:57.855] Found 812 possible bad axioms.
[2026-06-28 14:30:57.855] Selected the bad axiom SubClassOf(Infertility_Risk Endocrine_Alteration).
[2026-06-28 14:30:57.865] Found 811 possible bad axioms.
[2026-06-28 14:30:57.865] Selected the bad axiom SubClassOf(Self_Concept Immunologic_Alteration).
[2026-06-28 14:30:57.876] Found 810 possible bad axioms.
[2026-06-28 14:30:57.876] Selected the bad axiom SubClassOf(Oral_Mucous_Membranes_Impairment Latex_Allergy_Response).
[2026-06-28 14:30:57.881] Found 809 possible bad axioms.
[2026-06-28 14:30:57.881] Selected the bad axiom SubClassOf(Skin_Incision Anxiety).
[2026-06-28 14:30:57.886] Found 808 possible bad axioms.
[2026-06-28 14:30:57.887] Selected the bad axiom SubClassOf(Health_Behavioral Physiological).
[2026-06-28 14:30:57.891] Found 807 possible bad axioms.
[2026-06-28 14:30:57.891] Selected the bad axiom SubClassOf(Respiratory owl:Nothing).
[2026-06-28 14:30:57.896] Found 806 possible bad axioms.
[2026-06-28 14:30:57.896] Selected the bad axiom SubClassOf(Psychological Oral_Mucous_Membranes_Impairment).
[2026-06-2
...[truncated]
FAIL: attempt=1 seed=150 status=memory_limit_exceeded stage=B2 message=Repair failed: ExecutionException: java.lang.IllegalStateException: Could not find a weakening for axiom: ⊤ ⊑ Nursing_Diagnoses
progress: ontology=DOCCC attempt=1 success=0/100
----- DOCCC attempt=2 seed=14350 at 2026-06-28 14:32:04 -----
--- stdout ---
{"seed":14350,"run_id":"20260624134028346645","trial_status":"memory_limit_exceeded","error_type":"failure","failure_stage":"B2","error_message":"Repair failed: ExecutionException: java.lang.IllegalStateException: Could not find a weakening for axiom: ⊤ ⊑ Nursing_Diagnoses","iic_values":{},"repair_runtimes_ms":{"A1":452,"A2":47883,"A3":1108,"B1":2128,"B2":14219}}

--- stderr ---
SingleTrialExperiment starting: ontology=/workspaces/ontologyutils-ekaw26/repair-power-index-replication-ekaw26/ontologies/inconsistent/DOCCC.owl, seed=14350, run_id=20260624134028346645
Loaded ontology.
Normalizing ontology with SROIQ normalization...
Normalized ontology with SROIQ normalization.
Ontology is already inconsistent, skipping make-inconsistent step.
Repairing with A1 (random-removal)...
[2026-06-28 14:32:05.352] Checking precondition...
[2026-06-28 14:32:05.385] Starting the repair...
[2026-06-28 14:32:05.397] Found 821 possible bad axioms.
[2026-06-28 14:32:05.399] Selected the bad axiom SubClassOf(Noncompliance_of_Diagnostic_Test Blood_Pressure_Alteration).
[2026-06-28 14:32:05.408] Found 820 possible bad axioms.
[2026-06-28 14:32:05.408] Selected the bad axiom SubClassOf(Communication_Impairment Endocrine_Alteration).
[2026-06-28 14:32:05.420] Found 819 possible bad axioms.
[2026-06-28 14:32:05.420] Selected the bad axiom SubClassOf(Suffocation_Risk Aspiration_Risk).
[2026-06-28 14:32:05.427] Found 818 possible bad axioms.
[2026-06-28 14:32:05.427] Selected the bad axiom SubClassOf(Medication Health_Behavioral).
[2026-06-28 14:32:05.435] Found 817 possible bad axioms.
[2026-06-28 14:32:05.435] Selected the bad axiom SubClassOf(Knowledge_Deficit_of_Diagnostic_Test Cognitive/Neuro).
[2026-06-28 14:32:05.441] Found 816 possible bad axioms.
[2026-06-28 14:32:05.441] Selected the bad axiom SubClassOf(Cardiovascular_Alteration Cardiac).
[2026-06-28 14:32:05.447] Found 815 possible bad axioms.
[2026-06-28 14:32:05.448] Selected the bad axiom SubClassOf(Pregnancy_Risk Life_Cycle).
[2026-06-28 14:32:05.454] Found 814 possible bad axioms.
[2026-06-28 14:32:05.454] Selected the bad axiom SubClassOf(Sexual_Dysfuncti Parenting_Alteration).
[2026-06-28 14:32:05.461] Found 813 possible bad axioms.
[2026-06-28 14:32:05.461] Selected the bad axiom SubClassOf(Injury_Risk Disuse_Syndrome).
[2026-06-28 14:32:05.466] Found 812 possible bad axioms.
[2026-06-28 14:32:05.466] Selected the bad axiom SubClassOf(Personal_Identity_Disturbance Self_Concept).
[2026-06-28 14:32:05.476] Found 811 possible bad axioms.
[2026-06-28 14:32:05.477] Selected the bad axiom SubClassOf(Noncompliance_of_Fluid_Volume Self_Concept).
[2026-06-28 14:32:05.487] Found 810 possible bad axioms.
[2026-06-28 14:32:05.487] Selected the bad axiom SubClassOf(Perioperative_Injury_Risk Meaningfulness_Alteration).
[2026-06-28 14:32:05.492] Found 809 possible bad axioms.
[2026-06-28 14:32:05.492] Selected the bad axiom SubClassOf(Physiological Immunologic_Alteration).
[2026-06-28 14:32:05.497] Found 808 possible bad axioms.
[2026-06-28 14:32:05.497] Selected the bad axiom SubClassOf(Bowel/Gastric Diarrhea).
[2026-06-28 14:32:05.502] Found 807 possible bad axioms.
[2026-06-28 14:32:05.502] Selected the bad axiom SubClassOf(Bowel_Elimination_Alteration Bowel/Gastric).
[2026-06-28 14:32:05.506] Found 806 possible bad axioms.
[2026-06-28 14:32:05.507] Selected the bad axiom SubClassOf(Blood_P
...[truncated]
FAIL: attempt=2 seed=14350 status=memory_limit_exceeded stage=B2 message=Repair failed: ExecutionException: java.lang.IllegalStateException: Could not find a weakening for axiom: ⊤ ⊑ Nursing_Diagnoses
progress: ontology=DOCCC attempt=2 success=0/100
----- DOCCC attempt=3 seed=28550 at 2026-06-28 14:33:11 -----
--- stdout ---
{"seed":28550,"run_id":"20260624134028346645","trial_status":"memory_limit_exceeded","error_type":"failure","failure_stage":"B2","error_message":"Repair failed: ExecutionException: java.lang.IllegalStateException: Could not find a weakening for axiom: ⊤ ⊑ Nursing_Diagnoses","iic_values":{},"repair_runtimes_ms":{"A1":307,"A2":48018,"A3":2013,"B1":1031,"B2":15543}}

--- stderr ---
SingleTrialExperiment starting: ontology=/workspaces/ontologyutils-ekaw26/repair-power-index-replication-ekaw26/ontologies/inconsistent/DOCCC.owl, seed=28550, run_id=20260624134028346645
Loaded ontology.
Normalizing ontology with SROIQ normalization...
Normalized ontology with SROIQ normalization.
Ontology is already inconsistent, skipping make-inconsistent step.
Repairing with A1 (random-removal)...
[2026-06-28 14:33:11.679] Checking precondition...
[2026-06-28 14:33:11.706] Starting the repair...
[2026-06-28 14:33:11.718] Found 821 possible bad axioms.
[2026-06-28 14:33:11.720] Selected the bad axiom SubClassOf(Cardiac_Output_Alteration Cardiac).
[2026-06-28 14:33:11.728] Found 820 possible bad axioms.
[2026-06-28 14:33:11.728] Selected the bad axiom SubClassOf(Health_Behavior Noncompliance_of_Medication_Regimen).
[2026-06-28 14:33:11.741] Found 819 possible bad axioms.
[2026-06-28 14:33:11.741] Selected the bad axiom SubClassOf(Denial Coping).
[2026-06-28 14:33:11.748] Found 818 possible bad axioms.
[2026-06-28 14:33:11.748] Selected the bad axiom SubClassOf(Activity_Alteration Activity).
[2026-06-28 14:33:11.756] Found 817 possible bad axioms.
[2026-06-28 14:33:11.756] Selected the bad axiom SubClassOf(Post-Trauma_Response Denial).
[2026-06-28 14:33:11.763] Found 816 possible bad axioms.
[2026-06-28 14:33:11.763] Selected the bad axiom SubClassOf(Decisional_Conflict Coping).
[2026-06-28 14:33:11.769] Found 815 possible bad axioms.
[2026-06-28 14:33:11.769] Selected the bad axiom SubClassOf(Life_Cycle Contraception_Risk).
[2026-06-28 14:33:11.774] Found 814 possible bad axioms.
[2026-06-28 14:33:11.774] Selected the bad axiom SubClassOf(Sensory Functional).
[2026-06-28 14:33:11.782] Found 813 possible bad axioms.
[2026-06-28 14:33:11.782] Selected the bad axiom SubClassOf(Swallowing_Impairment Endocrine_Alteration).
[2026-06-28 14:33:11.788] Found 812 possible bad axioms.
[2026-06-28 14:33:11.788] Selected the bad axiom SubClassOf(Comfort_Alteration Feeding_Deficit).
[2026-06-28 14:33:11.798] Found 811 possible bad axioms.
[2026-06-28 14:33:11.799] Selected the bad axiom SubClassOf(Role_Relationship Social_Isolation).
[2026-06-28 14:33:11.809] Found 810 possible bad axioms.
[2026-06-28 14:33:11.810] Selected the bad axiom SubClassOf(Sensory_Perceptual_Alteration Self_Concept).
[2026-06-28 14:33:11.815] Found 809 possible bad axioms.
[2026-06-28 14:33:11.816] Selected the bad axiom SubClassOf(Noncompliance_of_Dietary_Regimen Health_Behavior).
[2026-06-28 14:33:11.821] Found 808 possible bad axioms.
[2026-06-28 14:33:11.821] Selected the bad axiom SubClassOf(Psychological Skin_Integrity).
[2026-06-28 14:33:11.826] Found 807 possible bad axioms.
[2026-06-28 14:33:11.826] Selected the bad axiom SubClassOf(Tissue_Perfusion_Alteration Tissue_Perfusion).
[2026-06-28 14:33:11.831] Found 806 possible bad axioms.
[2026-06-28 14:33:11.831] Selected the bad axiom SubClassOf(Growth_and_Development_Alteration Labor_Risk).
[2026-06-28 14:33:11.835] Found 805
...[truncated]
FAIL: attempt=3 seed=28550 status=memory_limit_exceeded stage=B2 message=Repair failed: ExecutionException: java.lang.IllegalStateException: Could not find a weakening for axiom: ⊤ ⊑ Nursing_Diagnoses
progress: ontology=DOCCC attempt=3 success=0/100
----- DOCCC attempt=4 seed=42750 at 2026-06-28 14:34:18 -----
--- stdout ---
{"seed":42750,"run_id":"20260624134028346645","trial_status":"memory_limit_exceeded","error_type":"failure","failure_stage":"B2","error_message":"Repair failed: ExecutionException: java.lang.IllegalStateException: Could not find a weakening for axiom: ⊤ ⊑ Nursing_Diagnoses","iic_values":{},"repair_runtimes_ms":{"A1":1226,"A2":47716,"A3":2022,"B1":1367,"B2":14851}}

--- stderr ---
SingleTrialExperiment starting: ontology=/workspaces/ontologyutils-ekaw26/repair-power-index-replication-ekaw26/ontologies/inconsistent/DOCCC.owl, seed=42750, run_id=20260624134028346645
Loaded ontology.
Normalizing ontology with SROIQ normalization...
Normalized ontology with SROIQ normalization.
Ontology is already inconsistent, skipping make-inconsistent step.
Repairing with A1 (random-removal)...
[2026-06-28 14:34:19.124] Checking precondition...
[2026-06-28 14:34:19.154] Starting the repair...
[2026-06-28 14:34:19.166] Found 821 possible bad axioms.
[2026-06-28 14:34:19.168] Selected the bad axiom SubClassOf(Activity_Intolerance_Risk Diversional_Activity_Deficit).
[2026-06-28 14:34:19.176] Found 820 possible bad axioms.
[2026-06-28 14:34:19.177] Selected the bad axiom SubClassOf(Communication_Impairment Sexuality_Patterns_Alteration).
[2026-06-28 14:34:19.189] Found 819 possible bad axioms.
[2026-06-28 14:34:19.189] Selected the bad axiom SubClassOf(Injury_Risk Substance_Abuse).
[2026-06-28 14:34:19.197] Found 818 possible bad axioms.
[2026-06-28 14:34:19.197] Selected the bad axiom SubClassOf(Physiological Nursing_Diagnoses).
[2026-06-28 14:34:19.204] Found 817 possible bad axioms.
[2026-06-28 14:34:19.204] Selected the bad axiom SubClassOf(Noncompliance_of_Fluid_Volume owl:Nothing).
[2026-06-28 14:34:19.210] Found 816 possible bad axioms.
[2026-06-28 14:34:19.211] Selected the bad axiom SubClassOf(Physical_Regulation Bowel/Gastric).
[2026-06-28 14:34:19.217] Found 815 possible bad axioms.
[2026-06-28 14:34:19.218] Selected the bad axiom SubClassOf(Injury_Risk Situational_Self-Esteem_Disturbance).
[2026-06-28 14:34:19.224] Found 814 possible bad axioms.
[2026-06-28 14:34:19.224] Selected the bad axiom SubClassOf(Physical_Regulation_Alteration owl:Nothing).
[2026-06-28 14:34:19.229] Found 813 possible bad axioms.
[2026-06-28 14:34:19.230] Selected the bad axiom SubClassOf(Cognitive/Neuro Immunologic_Alteration).
[2026-06-28 14:34:19.235] Found 812 possible bad axioms.
[2026-06-28 14:34:19.235] Selected the bad axiom SubClassOf(Breastfeeding_Impairment Chronic_Low_Self-Esteem_Disturbance).
[2026-06-28 14:34:19.244] Found 811 possible bad axioms.
[2026-06-28 14:34:19.245] Selected the bad axiom SubClassOf(Thermoregulation_Impairment Infection_Risk).
[2026-06-28 14:34:19.256] Found 810 possible bad axioms.
[2026-06-28 14:34:19.256] Selected the bad axiom SubClassOf(Physical_Regulation owl:Nothing).
[2026-06-28 14:34:19.261] Found 809 possible bad axioms.
[2026-06-28 14:34:19.262] Selected the bad axiom SubClassOf(Role_Relationship Parenting_Alteration).
[2026-06-28 14:34:19.267] Found 808 possible bad axioms.
[2026-06-28 14:34:19.267] Selected the bad axiom SubClassOf(Drug_Abuse Fall_Risk).
[2026-06-28 14:34:19.272] Found 807 possible bad axioms.
[2026-06-28 14:34:19.272] Selected the bad axiom SubClassOf(Physiological Stress_Urinary_Incontinence).
[2026-06-28 14:34:19.277] Found 806 possible bad axioms.
[2026-06-28 14:34:19.277] Selected the b
...[truncated]
FAIL: attempt=4 seed=42750 status=memory_limit_exceeded stage=B2 message=Repair failed: ExecutionException: java.lang.IllegalStateException: Could not find a weakening for axiom: ⊤ ⊑ Nursing_Diagnoses
progress: ontology=DOCCC attempt=4 success=0/100
----- DOCCC attempt=5 seed=56950 at 2026-06-28 14:35:26 -----
--- stdout ---
{"seed":56950,"run_id":"20260624134028346645","trial_status":"memory_limit_exceeded","error_type":"failure","failure_stage":"B2","error_message":"Repair failed: ExecutionException: java.lang.IllegalStateException: Could not find a weakening for axiom: ⊤ ⊑ Nursing_Diagnoses","iic_values":{},"repair_runtimes_ms":{"A1":674,"A2":47626,"A3":1099,"B1":2144,"B2":15072}}

--- stderr ---
SingleTrialExperiment starting: ontology=/workspaces/ontologyutils-ekaw26/repair-power-index-replication-ekaw26/ontologies/inconsistent/DOCCC.owl, seed=56950, run_id=20260624134028346645
Loaded ontology.
Normalizing ontology with SROIQ normalization...
Normalized ontology with SROIQ normalization.
Ontology is already inconsistent, skipping make-inconsistent step.
Repairing with A1 (random-removal)...
[2026-06-28 14:35:26.843] Checking precondition...
[2026-06-28 14:35:26.872] Starting the repair...
[2026-06-28 14:35:26.884] Found 821 possible bad axioms.
[2026-06-28 14:35:26.886] Selected the bad axiom SubClassOf(Gustatory_Alteration Chronic_Low_Self-Esteem_Disturbance).
[2026-06-28 14:35:26.896] Found 820 possible bad axioms.
[2026-06-28 14:35:26.896] Selected the bad axiom SubClassOf(Infection Physical_Regulation).
[2026-06-28 14:35:26.908] Found 819 possible bad axioms.
[2026-06-28 14:35:26.908] Selected the bad axiom SubClassOf(Urinary_Elimination_Alteration Stress_Urinary_Incontinence).
[2026-06-28 14:35:26.916] Found 818 possible bad axioms.
[2026-06-28 14:35:26.916] Selected the bad axiom SubClassOf(Physical_Regulation Physiological).
[2026-06-28 14:35:26.924] Found 817 possible bad axioms.
[2026-06-28 14:35:26.924] Selected the bad axiom SubClassOf(Coping Self_Concept).
[2026-06-28 14:35:26.931] Found 816 possible bad axioms.
[2026-06-28 14:35:26.931] Selected the bad axiom SubClassOf(Noncompliance_of_Therapeutic_Regimen Health_Maintenance_Alteration).
[2026-06-28 14:35:26.938] Found 815 possible bad axioms.
[2026-06-28 14:35:26.938] Selected the bad axiom SubClassOf(Denial Personal_Identity_Disturbance).
[2026-06-28 14:35:26.945] Found 814 possible bad axioms.
[2026-06-28 14:35:26.945] Selected the bad axiom SubClassOf(Knowledge_Deficit_of_Diagnostic_Test Cardiovascular_Alteration).
[2026-06-28 14:35:26.951] Found 813 possible bad axioms.
[2026-06-28 14:35:26.951] Selected the bad axiom SubClassOf(Cognitive/Neuro Cardiac).
[2026-06-28 14:35:26.956] Found 812 possible bad axioms.
[2026-06-28 14:35:26.957] Selected the bad axiom SubClassOf(Gastrointestinal_Alteration Fecal_Impaction).
[2026-06-28 14:35:26.966] Found 811 possible bad axioms.
[2026-06-28 14:35:26.966] Selected the bad axiom SubClassOf(Social_Interaction_Alteration Endocrine_Alteration).
[2026-06-28 14:35:26.977] Found 810 possible bad axioms.
[2026-06-28 14:35:26.978] Selected the bad axiom SubClassOf(Role_Relationship Psychological).
[2026-06-28 14:35:26.983] Found 809 possible bad axioms.
[2026-06-28 14:35:26.983] Selected the bad axiom SubClassOf(Health_Behavioral Nursing_Diagnoses).
[2026-06-28 14:35:26.988] Found 808 possible bad axioms.
[2026-06-28 14:35:26.988] Selected the bad axiom SubClassOf(Knowledge_Deficit_of_Safety_Precautions Knowledge_Deficit_of_Fluid_Volume).
[2026-06-28 14:35:26.993] Found 807 possible bad axioms.
[2026-06-28 14:35:26.993] Selected the bad axiom SubClassOf(Respiratory Respiration_Alteration).
[2026-06-28 14:35:26.998] Found 806 possible bad
...[truncated]
FAIL: attempt=5 seed=56950 status=memory_limit_exceeded stage=B2 message=Repair failed: ExecutionException: java.lang.IllegalStateException: Could not find a weakening for axiom: ⊤ ⊑ Nursing_Diagnoses
progress: ontology=DOCCC attempt=5 success=0/100
----- DOCCC attempt=6 seed=71150 at 2026-06-28 14:36:33 -----
--- stdout ---
{"seed":71150,"run_id":"20260624134028346645","trial_status":"memory_limit_exceeded","error_type":"failure","failure_stage":"B2","error_message":"Repair failed: ExecutionException: java.lang.IllegalStateException: Could not find a weakening for axiom: ⊤ ⊑ Nursing_Diagnoses","iic_values":{},"repair_runtimes_ms":{"A1":1047,"A2":48429,"A3":1104,"B1":1059,"B2":15208}}

--- stderr ---
SingleTrialExperiment starting: ontology=/workspaces/ontologyutils-ekaw26/repair-power-index-replication-ekaw26/ontologies/inconsistent/DOCCC.owl, seed=71150, run_id=20260624134028346645
Loaded ontology.
Normalizing ontology with SROIQ normalization...
Normalized ontology with SROIQ normalization.
Ontology is already inconsistent, skipping make-inconsistent step.
Repairing with A1 (random-removal)...
[2026-06-28 14:36:33.994] Checking precondition...
[2026-06-28 14:36:34.021] Starting the repair...
[2026-06-28 14:36:34.036] Found 821 possible bad axioms.
[2026-06-28 14:36:34.038] Selected the bad axiom SubClassOf(Communication_Impairment Anxiety).
[2026-06-28 14:36:34.047] Found 820 possible bad axioms.
[2026-06-28 14:36:34.048] Selected the bad axiom SubClassOf(Communication_Impairment Role_Relationship).
[2026-06-28 14:36:34.055] Found 819 possible bad axioms.
[2026-06-28 14:36:34.056] Selected the bad axiom SubClassOf(Confusion Cardiovascular_Alteration).
[2026-06-28 14:36:34.068] Found 818 possible bad axioms.
[2026-06-28 14:36:34.068] Selected the bad axiom SubClassOf(Cognitive/Neuro Immunologic_Alteration).
[2026-06-28 14:36:34.075] Found 817 possible bad axioms.
[2026-06-28 14:36:34.075] Selected the bad axiom SubClassOf(Self-Care Diversional_Activity_Deficit).
[2026-06-28 14:36:34.082] Found 816 possible bad axioms.
[2026-06-28 14:36:34.083] Selected the bad axiom SubClassOf(Noncompliance_of_Therapeutic_Regimen Personal_Identity_Disturbance).
[2026-06-28 14:36:34.089] Found 815 possible bad axioms.
[2026-06-28 14:36:34.089] Selected the bad axiom SubClassOf(Life_Cycle Labor_Risk).
[2026-06-28 14:36:34.096] Found 814 possible bad axioms.
[2026-06-28 14:36:34.097] Selected the bad axiom SubClassOf(Renal_Alteration Self_Concept).
[2026-06-28 14:36:34.102] Found 813 possible bad axioms.
[2026-06-28 14:36:34.103] Selected the bad axiom SubClassOf(Reproductive_Risk Life_Cycle).
[2026-06-28 14:36:34.107] Found 812 possible bad axioms.
[2026-06-28 14:36:34.108] Selected the bad axiom SubClassOf(Physiological Latex_Allergy_Response).
[2026-06-28 14:36:34.112] Found 811 possible bad axioms.
[2026-06-28 14:36:34.113] Selected the bad axiom SubClassOf(Constipation Self_Concept).
[2026-06-28 14:36:34.129] Found 810 possible bad axioms.
[2026-06-28 14:36:34.130] Selected the bad axiom SubClassOf(Communication_Impairment Immunologic_Alteration).
[2026-06-28 14:36:34.135] Found 809 possible bad axioms.
[2026-06-28 14:36:34.135] Selected the bad axiom SubClassOf(Respiration_Alteration Airway_Clearance_Impairment).
[2026-06-28 14:36:34.140] Found 808 possible bad axioms.
[2026-06-28 14:36:34.140] Selected the bad axiom SubClassOf(Self-Care Sensory).
[2026-06-28 14:36:34.145] Found 807 possible bad axioms.
[2026-06-28 14:36:34.145] Selected the bad axiom SubClassOf(Auditory_Alteration Endocrine_Alteration).
[2026-06-28 14:36:34.150] Found 806 possible bad axioms.
[2026-06-28 14:36:34.150] Selected the bad axiom SubClassOf(Rape_Trauma_Syndrome Spiritual_Stat
...[truncated]
FAIL: attempt=6 seed=71150 status=memory_limit_exceeded stage=B2 message=Repair failed: ExecutionException: java.lang.IllegalStateException: Could not find a weakening for axiom: ⊤ ⊑ Nursing_Diagnoses
progress: ontology=DOCCC attempt=6 success=0/100
----- DOCCC attempt=7 seed=85350 at 2026-06-28 14:37:41 -----
--- stderr ---
SingleTrialExperiment starting: ontology=/workspaces/ontologyutils-ekaw26/repair-power-index-replication-ekaw26/ontologies/inconsistent/DOCCC.owl, seed=85350, run_id=20260624134028346645
Loaded ontology.
Normalizing ontology with SROIQ normalization...
Normalized ontology with SROIQ normalization.
Ontology is already inconsistent, skipping make-inconsistent step.
Repairing with A1 (random-removal)...
[2026-06-28 14:37:41.903] Checking precondition...
[2026-06-28 14:37:41.930] Starting the repair...
[2026-06-28 14:37:41.942] Found 821 possible bad axioms.
[2026-06-28 14:37:41.944] Selected the bad axiom SubClassOf(Autonomic_Dysreflexia Hypothermia).
[2026-06-28 14:37:41.953] Found 820 possible bad axioms.
[2026-06-28 14:37:41.954] Selected the bad axiom SubClassOf(Infection_Risk Physical_Regulation).
[2026-06-28 14:37:41.965] Found 819 possible bad axioms.
[2026-06-28 14:37:41.966] Selected the bad axiom SubClassOf(Fluid_Volume Functional).
[2026-06-28 14:37:41.973] Found 818 possible bad axioms.
[2026-06-28 14:37:41.973] Selected the bad axiom SubClassOf(Drug_Abuse Substance_Abuse).
[2026-06-28 14:37:41.979] Found 817 possible bad axioms.
[2026-06-28 14:37:41.980] Selected the bad axiom SubClassOf(Grieving Bleeding_Risk).
[2026-06-28 14:37:41.987] Found 816 possible bad axioms.
[2026-06-28 14:37:41.987] Selected the bad axiom SubClassOf(Bathing/Hygiene_Deficit Cardiac).
[2026-06-28 14:37:41.994] Found 815 possible bad axioms.
[2026-06-28 14:37:41.994] Selected the bad axiom SubClassOf(Pregnancy_Risk Endocrine_Alteration).
[2026-06-28 14:37:42.000] Found 814 possible bad axioms.
[2026-06-28 14:37:42.000] Selected the bad axiom SubClassOf(Drug_Abuse Poisoning_Risk).
[2026-06-28 14:37:42.006] Found 813 possible bad axioms.
[2026-06-28 14:37:42.006] Selected the bad axiom SubClassOf(Spiritual_State_Alteration Coping).
[2026-06-28 14:37:42.011] Found 812 possible bad axioms.
[2026-06-28 14:37:42.012] Selected the bad axiom SubClassOf(Knowledge_Deficit_of_Diagnostic_Test Immunologic_Alteration).
[2026-06-28 14:37:42.021] Found 811 possible bad axioms.
[2026-06-28 14:37:42.021] Selected the bad axiom SubClassOf(Cognitive/Neuro Blood_Pressure_Alteration).
[2026-06-28 14:37:42.032] Found 810 possible bad axioms.
[2026-06-28 14:37:42.033] Selected the bad axiom SubClassOf(Swallowing_Impairment Endocrine_Alteration).
[2026-06-28 14:37:42.038] Found 809 possible bad axioms.
[2026-06-28 14:37:42.038] Selected the bad axiom SubClassOf(Bowel_Elimination_Alteration Bowel/Gastric).
[2026-06-28 14:37:42.043] Found 808 possible bad axioms.
[2026-06-28 14:37:42.043] Selected the bad axiom SubClassOf(Nursing_Diagnoses Diarrhea).
[2026-06-28 14:37:42.048] Found 807 possible bad axioms.
[2026-06-28 14:37:42.048] Selected the bad axiom SubClassOf(Surgical_Recovery_Delay Safety).
[2026-06-28 14:37:42.052] Found 806 possible bad axioms.
[2026-06-28 14:37:42.053] Selected the bad axiom SubClassOf(Visual_Alteration Situational_Self-Esteem_Disturbance).
[2026-06-28 14:37:42.
...[truncated]
FAIL: attempt=7 seed=85350 - negative return code -9
progress: ontology=DOCCC attempt=7 success=0/100
----- DOCCC attempt=8 seed=99550 at 2026-06-28 14:39:29 -----
--- stdout ---
{"seed":99550,"run_id":"20260624134028346645","trial_status":"memory_limit_exceeded","error_type":"failure","failure_stage":"B2","error_message":"Repair failed: ExecutionException: java.lang.IllegalStateException: Could not find a weakening for axiom: ⊤ ⊑ Nursing_Diagnoses","iic_values":{},"repair_runtimes_ms":{"A1":847,"A2":47998,"A3":1101,"B1":1960,"B2":14660}}

--- stderr ---
SingleTrialExperiment starting: ontology=/workspaces/ontologyutils-ekaw26/repair-power-index-replication-ekaw26/ontologies/inconsistent/DOCCC.owl, seed=99550, run_id=20260624134028346645
Loaded ontology.
Normalizing ontology with SROIQ normalization...
Normalized ontology with SROIQ normalization.
Ontology is already inconsistent, skipping make-inconsistent step.
Repairing with A1 (random-removal)...
[2026-06-28 14:39:30.123] Checking precondition...
[2026-06-28 14:39:30.155] Starting the repair...
[2026-06-28 14:39:30.168] Found 821 possible bad axioms.
[2026-06-28 14:39:30.171] Selected the bad axiom SubClassOf(Dying_Process Coping).
[2026-06-28 14:39:30.181] Found 820 possible bad axioms.
[2026-06-28 14:39:30.181] Selected the bad axiom SubClassOf(Social_Interaction_Alteration Meaningfulness_Alteration).
[2026-06-28 14:39:30.189] Found 819 possible bad axioms.
[2026-06-28 14:39:30.194] Selected the bad axiom SubClassOf(Knowledge_Deficit_of_Therapeutic_Regimen Cognitive/Neuro).
[2026-06-28 14:39:30.202] Found 818 possible bad axioms.
[2026-06-28 14:39:30.202] Selected the bad axiom SubClassOf(Nutritional owl:Nothing).
[2026-06-28 14:39:30.210] Found 817 possible bad axioms.
[2026-06-28 14:39:30.210] Selected the bad axiom SubClassOf(Knowledge_Deficit_of_Medication_Regimen Cognitive/Neuro).
[2026-06-28 14:39:30.216] Found 816 possible bad axioms.
[2026-06-28 14:39:30.217] Selected the bad axiom SubClassOf(Vomiting Bowel_Incontinence).
[2026-06-28 14:39:30.223] Found 815 possible bad axioms.
[2026-06-28 14:39:30.223] Selected the bad axiom SubClassOf(Pregnancy_Risk Endocrine_Alteration).
[2026-06-28 14:39:30.230] Found 814 possible bad axioms.
[2026-06-28 14:39:30.230] Selected the bad axiom SubClassOf(Nutritional Immunologic_Alteration).
[2026-06-28 14:39:30.236] Found 813 possible bad axioms.
[2026-06-28 14:39:30.236] Selected the bad axiom SubClassOf(Individual_Coping_Impairment Spiritual_State_Alteration).
[2026-06-28 14:39:30.241] Found 812 possible bad axioms.
[2026-06-28 14:39:30.241] Selected the bad axiom SubClassOf(Hypothermia Thermoregulation_Impairment).
[2026-06-28 14:39:30.251] Found 811 possible bad axioms.
[2026-06-28 14:39:30.251] Selected the bad axiom SubClassOf(Health_Behavioral Powerlessness).
[2026-06-28 14:39:30.262] Found 810 possible bad axioms.
[2026-06-28 14:39:30.262] Selected the bad axiom SubClassOf(Urinary_Elimination_Alteration Renal_Alteration).
[2026-06-28 14:39:30.267] Found 809 possible bad axioms.
[2026-06-28 14:39:30.268] Selected the bad axiom SubClassOf(Comfort_Alteration Unilateral_Neglect).
[2026-06-28 14:39:30.273] Found 808 possible bad axioms.
[2026-06-28 14:39:30.273] Selected the bad axiom SubClassOf(Safety Medication).
[2026-06-28 14:39:30.277] Found 807 possible bad axioms.
[2026-06-28 14:39:30.278] Selected the bad axiom SubClassOf(Bowel/Gastric Skin_Incision).
[2026-06-28 14:39:30.282] Found 806 possible bad axioms.
[2026-06-28 14:39:30.283] Selected the bad axiom SubClassOf(Body_Image_Disturbanc
...[truncated]
FAIL: attempt=8 seed=99550 status=memory_limit_exceeded stage=B2 message=Repair failed: ExecutionException: java.lang.IllegalStateException: Could not find a weakening for axiom: ⊤ ⊑ Nursing_Diagnoses
progress: ontology=DOCCC attempt=8 success=0/100
----- DOCCC attempt=9 seed=113750 at 2026-06-28 14:40:37 -----
--- stdout ---
{"seed":113750,"run_id":"20260624134028346645","trial_status":"memory_limit_exceeded","error_type":"failure","failure_stage":"B2","error_message":"Repair failed: ExecutionException: java.lang.IllegalStateException: Could not find a weakening for axiom: ⊤ ⊑ Nursing_Diagnoses","iic_values":{},"repair_runtimes_ms":{"A1":340,"A2":48038,"A3":1119,"B1":1416,"B2":8995}}

--- stderr ---
SingleTrialExperiment starting: ontology=/workspaces/ontologyutils-ekaw26/repair-power-index-replication-ekaw26/ontologies/inconsistent/DOCCC.owl, seed=113750, run_id=20260624134028346645
Loaded ontology.
Normalizing ontology with SROIQ normalization...
Normalized ontology with SROIQ normalization.
Ontology is already inconsistent, skipping make-inconsistent step.
Repairing with A1 (random-removal)...
[2026-06-28 14:40:38.032] Checking precondition...
[2026-06-28 14:40:38.058] Starting the repair...
[2026-06-28 14:40:38.070] Found 821 possible bad axioms.
[2026-06-28 14:40:38.073] Selected the bad axiom SubClassOf(Nursing_Diagnoses Stress_Urinary_Incontinence).
[2026-06-28 14:40:38.083] Found 820 possible bad axioms.
[2026-06-28 14:40:38.083] Selected the bad axiom SubClassOf(Social_Interaction_Alteration owl:Nothing).
[2026-06-28 14:40:38.090] Found 819 possible bad axioms.
[2026-06-28 14:40:38.090] Selected the bad axiom SubClassOf(Sensory Functional).
[2026-06-28 14:40:38.103] Found 818 possible bad axioms.
[2026-06-28 14:40:38.103] Selected the bad axiom SubClassOf(Respiration_Alteration Breathing_Pattern_Impairment).
[2026-06-28 14:40:38.110] Found 817 possible bad axioms.
[2026-06-28 14:40:38.111] Selected the bad axiom SubClassOf(Activity_Intolerance Immunologic_Alteration).
[2026-06-28 14:40:38.117] Found 816 possible bad axioms.
[2026-06-28 14:40:38.118] Selected the bad axiom SubClassOf(Bowel/Gastric Physiological).
[2026-06-28 14:40:38.123] Found 815 possible bad axioms.
[2026-06-28 14:40:38.124] Selected the bad axiom SubClassOf(Functional Activity_Intolerance).
[2026-06-28 14:40:38.131] Found 814 possible bad axioms.
[2026-06-28 14:40:38.131] Selected the bad axiom SubClassOf(Bathing/Hygiene_Deficit Feeding_Deficit).
[2026-06-28 14:40:38.137] Found 813 possible bad axioms.
[2026-06-28 14:40:38.137] Selected the bad axiom SubClassOf(Nutritional Body_Nutrition_Excess_Risk).
[2026-06-28 14:40:38.142] Found 812 possible bad axioms.
[2026-06-28 14:40:38.142] Selected the bad axiom SubClassOf(Knowledge_Deficit_of_Dietary_Regimen Cognitive/Neuro).
[2026-06-28 14:40:38.147] Found 811 possible bad axioms.
[2026-06-28 14:40:38.148] Selected the bad axiom SubClassOf(Polypharmacy Medication).
[2026-06-28 14:40:38.163] Found 810 possible bad axioms.
[2026-06-28 14:40:38.163] Selected the bad axiom SubClassOf(Nutritional Fear).
[2026-06-28 14:40:38.169] Found 809 possible bad axioms.
[2026-06-28 14:40:38.169] Selected the bad axiom SubClassOf(Thermoregulation_Impairment Physical_Regulation).
[2026-06-28 14:40:38.174] Found 808 possible bad axioms.
[2026-06-28 14:40:38.174] Selected the bad axiom SubClassOf(Infant_Feeding_Pattern_Impairment Body_Nutrition_Deficit_Risk).
[2026-06-28 14:40:38.178] Found 807 possible bad axioms.
[2026-06-28 14:40:38.179] Selected the bad axiom SubClassOf(Knowledge_Deficit_of_Fluid_Volume Knowledge_Deficit_of_Dietary_Regimen).
[2026-06-28 14:40:38.183] Found 806 possible bad axioms.
[2026-06-28 14:40:38.183] Selected t
...[truncated]
FAIL: attempt=9 seed=113750 status=memory_limit_exceeded stage=B2 message=Repair failed: ExecutionException: java.lang.IllegalStateException: Could not find a weakening for axiom: ⊤ ⊑ Nursing_Diagnoses
progress: ontology=DOCCC attempt=9 success=0/100
----- DOCCC attempt=10 seed=127950 at 2026-06-28 14:41:38 -----
--- stdout ---
{"seed":127950,"run_id":"20260624134028346645","trial_status":"memory_limit_exceeded","error_type":"failure","failure_stage":"B2","error_message":"Repair failed: ExecutionException: java.lang.IllegalStateException: Could not find a weakening for axiom: ⊤ ⊑ Nursing_Diagnoses","iic_values":{},"repair_runtimes_ms":{"A1":1213,"A2":47834,"A3":1420,"B1":1909,"B2":14470}}

--- stderr ---
SingleTrialExperiment starting: ontology=/workspaces/ontologyutils-ekaw26/repair-power-index-replication-ekaw26/ontologies/inconsistent/DOCCC.owl, seed=127950, run_id=20260624134028346645
Loaded ontology.
Normalizing ontology with SROIQ normalization...
Normalized ontology with SROIQ normalization.
Ontology is already inconsistent, skipping make-inconsistent step.
Repairing with A1 (random-removal)...
[2026-06-28 14:41:38.446] Checking precondition...
[2026-06-28 14:41:38.475] Starting the repair...
[2026-06-28 14:41:38.489] Found 821 possible bad axioms.
[2026-06-28 14:41:38.491] Selected the bad axiom SubClassOf(Health_Behavioral Self-Care).
[2026-06-28 14:41:38.499] Found 820 possible bad axioms.
[2026-06-28 14:41:38.500] Selected the bad axiom SubClassOf(Bowel/Gastric Physical_Regulation).
[2026-06-28 14:41:38.512] Found 819 possible bad axioms.
[2026-06-28 14:41:38.512] Selected the bad axiom SubClassOf(Endocrine_Alteration Metabolic).
[2026-06-28 14:41:38.520] Found 818 possible bad axioms.
[2026-06-28 14:41:38.520] Selected the bad axiom SubClassOf(Autonomic_Dysreflexia Hypothermia).
[2026-06-28 14:41:38.527] Found 817 possible bad axioms.
[2026-06-28 14:41:38.528] Selected the bad axiom SubClassOf(Suicide_Risk Aspiration_Risk).
[2026-06-28 14:41:38.535] Found 816 possible bad axioms.
[2026-06-28 14:41:38.536] Selected the bad axiom SubClassOf(Feeding_Deficit Self-Care).
[2026-06-28 14:41:38.542] Found 815 possible bad axioms.
[2026-06-28 14:41:38.543] Selected the bad axiom SubClassOf(Physical_Mobility_Impairment Activity).
[2026-06-28 14:41:38.549] Found 814 possible bad axioms.
[2026-06-28 14:41:38.550] Selected the bad axiom SubClassOf(Role_Relationship Metabolic).
[2026-06-28 14:41:38.556] Found 813 possible bad axioms.
[2026-06-28 14:41:38.557] Selected the bad axiom SubClassOf(Skin_Integrity Skin_Integrity_Impairment).
[2026-06-28 14:41:38.562] Found 812 possible bad axioms.
[2026-06-28 14:41:38.562] Selected the bad axiom SubClassOf(Respiratory Latex_Allergy_Response).
[2026-06-28 14:41:38.572] Found 811 possible bad axioms.
[2026-06-28 14:41:38.572] Selected the bad axiom SubClassOf(Drug_Abuse Poisoning_Risk).
[2026-06-28 14:41:38.583] Found 810 possible bad axioms.
[2026-06-28 14:41:38.583] Selected the bad axiom SubClassOf(Injury_Risk Endocrine_Alteration).
[2026-06-28 14:41:38.588] Found 809 possible bad axioms.
[2026-06-28 14:41:38.588] Selected the bad axiom SubClassOf(Skin_Incision Peripheral_Alteration).
[2026-06-28 14:41:38.593] Found 808 possible bad axioms.
[2026-06-28 14:41:38.593] Selected the bad axiom SubClassOf(Activity_Intolerance Immunologic_Alteration).
[2026-06-28 14:41:38.598] Found 807 possible bad axioms.
[2026-06-28 14:41:38.598] Selected the bad axiom SubClassOf(Thought_Processes_Alteration Cognitive/Neuro).
[2026-06-28 14:41:38.602] Found 806 possible bad axioms.
[2026-06-28 14:41:38.602] Selected the bad axiom SubClassOf(Fluid_Volume_Deficit_Risk Electrolyte_Imbalance).
[2026-06-28 14:41:38.607] Found 805
...[truncated]
FAIL: attempt=10 seed=127950 status=memory_limit_exceeded stage=B2 message=Repair failed: ExecutionException: java.lang.IllegalStateException: Could not find a weakening for axiom: ⊤ ⊑ Nursing_Diagnoses
progress: ontology=DOCCC attempt=10 success=0/100
=== ABORTED DOCCC after 10 consecutive failures at 2026-06-28 14:42:45 - switching to next ontology ===
=== run_trials finished at 2026-06-28 17:53:08 for DOCCC - 0 successes, 10 failures, 10 attempts ===
Failed attempts:
  attempt=1 seed=150 msg=Repair failed: ExecutionException: java.lang.IllegalStateException: Could not find a weakening for axiom: ⊤ ⊑ Nursing_Diagnoses
  attempt=2 seed=14350 msg=Repair failed: ExecutionException: java.lang.IllegalStateException: Could not find a weakening for axiom: ⊤ ⊑ Nursing_Diagnoses
  attempt=3 seed=28550 msg=Repair failed: ExecutionException: java.lang.IllegalStateException: Could not find a weakening for axiom: ⊤ ⊑ Nursing_Diagnoses
  attempt=4 seed=42750 msg=Repair failed: ExecutionException: java.lang.IllegalStateException: Could not find a weakening for axiom: ⊤ ⊑ Nursing_Diagnoses
  attempt=5 seed=56950 msg=Repair failed: ExecutionException: java.lang.IllegalStateException: Could not find a weakening for axiom: ⊤ ⊑ Nursing_Diagnoses
  attempt=6 seed=71150 msg=Repair failed: ExecutionException: java.lang.IllegalStateException: Could not find a weakening for axiom: ⊤ ⊑ Nursing_Diagnoses
  attempt=7 seed=85350 msg=negative return code -9
  attempt=8 seed=99550 msg=Repair failed: ExecutionException: java.lang.IllegalStateException: Could not find a weakening for axiom: ⊤ ⊑ Nursing_Diagnoses
  attempt=9 seed=113750 msg=Repair failed: ExecutionException: java.lang.IllegalStateException: Could not find a weakening for axiom: ⊤ ⊑ Nursing_Diagnoses
  attempt=10 seed=127950 msg=Repair failed: ExecutionException: java.lang.IllegalStateException: Could not find a weakening for axiom: ⊤ ⊑ Nursing_Diagnoses
Timing summary:
  success: count=0 total_seconds=0.000000 avg_seconds=0.000000
  time_limit_exceeded: count=0 total_seconds=0.000000 avg_seconds=0.000000
  memory_limit_exceeded: count=1 total_seconds=108.110620 avg_seconds=108.110620
  success_rate=0.0000
  wall_clock_seconds_total_run=360698.251834
