=== run_trials started at 2026-06-24 13:41:30 run_id=20260624134028346645 ===
ontology_path=/workspaces/ontologyutils-ekaw26/repair-power-index-replication-ekaw26/ontologies/inconsistent/ESO_C.owl
iic_csv=/workspaces/ontologyutils-ekaw26/repair-power-index-replication-ekaw26/data/data-20260624134028346645/iic-ESO_C.csv
runtime_csv=/workspaces/ontologyutils-ekaw26/repair-power-index-replication-ekaw26/data/data-20260624134028346645/runtime-ESO_C.csv

=== Starting sequential trials for ESO_C at 2026-06-28 16:12:05 ===
----- ESO_C attempt=1 seed=153 at 2026-06-28 16:12:05 -----
--- stdout ---
{"seed":153,"run_id":"20260624134028346645","trial_status":"time_limit_exceeded","error_type":"timeout","failure_stage":"A2","error_message":"Repair timeout: A2 exceeded 300 seconds","iic_values":{},"repair_runtimes_ms":{"A1":1212,"A2":300003}}

--- stderr ---
SingleTrialExperiment starting: ontology=/workspaces/ontologyutils-ekaw26/repair-power-index-replication-ekaw26/ontologies/inconsistent/ESO_C.owl, seed=153, run_id=20260624134028346645
Loaded ontology.
Normalizing ontology with SROIQ normalization...
Normalized ontology with SROIQ normalization.
Ontology is already inconsistent, skipping make-inconsistent step.
Repairing with A1 (random-removal)...
[2026-06-28 16:12:06.053] Checking precondition...
[2026-06-28 16:12:06.083] Starting the repair...
[2026-06-28 16:12:06.097] Found 1060 possible bad axioms.
[2026-06-28 16:12:06.099] Selected the bad axiom SubClassOf(vomit OWLClass96e12c6e_39aa_4edd_8699_36d39b072aad).
[2026-06-28 16:12:06.112] Found 1059 possible bad axioms.
[2026-06-28 16:12:06.113] Selected the bad axiom SubClassOf(OWLClass64a1ed44_4988_48f8_bb5f_b45a1b92c2aa dumbfound).
[2026-06-28 16:12:06.122] Found 1058 possible bad axioms.
[2026-06-28 16:12:06.122] Selected the bad axiom SubClassOf(floating OWLClasse408c9b3_7e77_45bc_9f39_97effd34cc7c).
[2026-06-28 16:12:06.131] Found 1057 possible bad axioms.
[2026-06-28 16:12:06.131] Selected the bad axiom SubClassOf(pelvic_thrusting hyperkinetic).
[2026-06-28 16:12:06.139] Found 1056 possible bad axioms.
[2026-06-28 16:12:06.139] Selected the bad axiom SubClassOf(head_nodding epileptic_spasm).
[2026-06-28 16:12:06.145] Found 1055 possible bad axioms.
[2026-06-28 16:12:06.146] Selected the bad axiom SubClassOf(visual_hallucination hallucination).
[2026-06-28 16:12:06.151] Found 1054 possible bad axioms.
[2026-06-28 16:12:06.152] Selected the bad axiom SubClassOf(limbs owl:Nothing).
[2026-06-28 16:12:06.158] Found 1053 possible bad axioms.
[2026-06-28 16:12:06.158] Selected the bad axiom SubClassOf(anatomical_entity gluteal_region).
[2026-06-28 16:12:06.169] Found 1052 possible bad axioms.
[2026-06-28 16:12:06.169] Selected the bad axiom SubClassOf(piloerection upper_limb).
[2026-06-28 16:12:06.175] Found 1051 possible bad axioms.
[2026-06-28 16:12:06.175] Selected the bad axiom SubClassOf(head-turning versive).
[2026-06-28 16:12:06.180] Found 1050 possible bad axioms.
[2026-06-28 16:12:06.180] Selected the bad axiom SubClassOf(olfactory_hallucination epigastrium).
[2026-06-28 16:12:06.192] Found 1049 possible bad axioms.
[2026-06-28 16:12:06.192] Selected the bad axiom SubClassOf(abdominal_discomfort pain).
[2026-06-28 16:12:06.198] Found 1048 possible bad axioms.
[2026-06-28 16:12:06.198] Selected the bad axiom SubClassOf(flush mydriasis).
[2026-06-28 16:12:06.204] Found 1047 possible bad axioms.
[2026-06-28 16:12:06.204] Selected the bad axiom SubClassOf(lip_smacking tooth_grinding).
[2026-06-28 16:12:06.209] Found 1046 possible bad axioms.
[2026-06-28 16:12:06.209] Selected the bad axiom SubClassOf(OWLClassa9755122_bde3_41f4_9427_c575c1c16173 OWLClasse6329615_61a1_4c5b_8afc_209cfbd6ba62).
[2026-06-28 16:12:06.214] Found 1045 possible bad axioms.
[2026-06-28 16:12:06.214] Selected the bad axiom SubClassOf(paresthesia fullness).
[2026-06-28
...[truncated]
FAIL: attempt=1 seed=153 status=time_limit_exceeded stage=A2 message=Repair timeout: A2 exceeded 300 seconds
progress: ontology=ESO_C attempt=1 success=0/100
----- ESO_C attempt=2 seed=14353 at 2026-06-28 16:17:07 -----
--- stdout ---
{"seed":14353,"run_id":"20260624134028346645","trial_status":"time_limit_exceeded","error_type":"timeout","failure_stage":"A2","error_message":"Repair timeout: A2 exceeded 300 seconds","iic_values":{},"repair_runtimes_ms":{"A1":1053,"A2":300001}}

--- stderr ---
SingleTrialExperiment starting: ontology=/workspaces/ontologyutils-ekaw26/repair-power-index-replication-ekaw26/ontologies/inconsistent/ESO_C.owl, seed=14353, run_id=20260624134028346645
Loaded ontology.
Normalizing ontology with SROIQ normalization...
Normalized ontology with SROIQ normalization.
Ontology is already inconsistent, skipping make-inconsistent step.
Repairing with A1 (random-removal)...
[2026-06-28 16:17:07.744] Checking precondition...
[2026-06-28 16:17:07.773] Starting the repair...
[2026-06-28 16:17:07.788] Found 1060 possible bad axioms.
[2026-06-28 16:17:07.790] Selected the bad axiom SubClassOf(OWLClassa9755122_bde3_41f4_9427_c575c1c16173 OWLClassfb28d20b_742c_4655_98bb_bf050836cb95).
[2026-06-28 16:17:07.803] Found 1059 possible bad axioms.
[2026-06-28 16:17:07.804] Selected the bad axiom SubClassOf(paresthesia epigastrium).
[2026-06-28 16:17:07.813] Found 1058 possible bad axioms.
[2026-06-28 16:17:07.813] Selected the bad axiom SubClassOf(automatism thrashing).
[2026-06-28 16:17:07.823] Found 1057 possible bad axioms.
[2026-06-28 16:17:07.823] Selected the bad axiom SubClassOf(OWLClass223459ce_3d06_4b43_858e_4a6806cede43 OWLClass5b9e09f7_32ce_49fa_a7d0_2bfcf6434689).
[2026-06-28 16:17:07.830] Found 1056 possible bad axioms.
[2026-06-28 16:17:07.830] Selected the bad axiom SubClassOf(epileptic_spasm elementary_motor).
[2026-06-28 16:17:07.837] Found 1055 possible bad axioms.
[2026-06-28 16:17:07.838] Selected the bad axiom SubClassOf(floating OWLClasse408c9b3_7e77_45bc_9f39_97effd34cc7c).
[2026-06-28 16:17:07.843] Found 1054 possible bad axioms.
[2026-06-28 16:17:07.843] Selected the bad axiom SubClassOf(epileptic_spasm owl:Nothing).
[2026-06-28 16:17:07.850] Found 1053 possible bad axioms.
[2026-06-28 16:17:07.850] Selected the bad axiom SubClassOf(lip free_upper_limb).
[2026-06-28 16:17:07.860] Found 1052 possible bad axioms.
[2026-06-28 16:17:07.860] Selected the bad axiom SubClassOf(trunk hip).
[2026-06-28 16:17:07.865] Found 1051 possible bad axioms.
[2026-06-28 16:17:07.866] Selected the bad axiom SubClassOf(OWLClasse6329615_61a1_4c5b_8afc_209cfbd6ba62 gelastic).
[2026-06-28 16:17:07.871] Found 1050 possible bad axioms.
[2026-06-28 16:17:07.871] Selected the bad axiom SubClassOf(joy fear).
[2026-06-28 16:17:07.882] Found 1049 possible bad axioms.
[2026-06-28 16:17:07.883] Selected the bad axiom SubClassOf(numbness upper_limb).
[2026-06-28 16:17:07.889] Found 1048 possible bad axioms.
[2026-06-28 16:17:07.889] Selected the bad axiom SubClassOf(trismus tongue-bite).
[2026-06-28 16:17:07.894] Found 1047 possible bad axioms.
[2026-06-28 16:17:07.895] Selected the bad axiom SubClassOf(fall shrug).
[2026-06-28 16:17:07.900] Found 1046 possible bad axioms.
[2026-06-28 16:17:07.900] Selected the bad axiom SubClassOf(OWLClassec791ee6_e7e3_45d0_9826_ec91c90b1aa8 owl:Nothing).
[2026-06-28 16:17:07.905] Found 1045 possible bad axioms.
[2026-06-28 16:17:07.905] Selected the bad axiom SubClassOf(paresthesia eye_ball).
[2026-06-28 16
...[truncated]
FAIL: attempt=2 seed=14353 status=time_limit_exceeded stage=A2 message=Repair timeout: A2 exceeded 300 seconds
progress: ontology=ESO_C attempt=2 success=0/100
----- ESO_C attempt=3 seed=28553 at 2026-06-28 16:22:08 -----
--- stdout ---
{"seed":28553,"run_id":"20260624134028346645","trial_status":"time_limit_exceeded","error_type":"timeout","failure_stage":"A2","error_message":"Repair timeout: A2 exceeded 300 seconds","iic_values":{},"repair_runtimes_ms":{"A1":210,"A2":300001}}

--- stderr ---
SingleTrialExperiment starting: ontology=/workspaces/ontologyutils-ekaw26/repair-power-index-replication-ekaw26/ontologies/inconsistent/ESO_C.owl, seed=28553, run_id=20260624134028346645
Loaded ontology.
Normalizing ontology with SROIQ normalization...
Normalized ontology with SROIQ normalization.
Ontology is already inconsistent, skipping make-inconsistent step.
Repairing with A1 (random-removal)...
[2026-06-28 16:22:09.280] Checking precondition...
[2026-06-28 16:22:09.309] Starting the repair...
[2026-06-28 16:22:09.323] Found 1060 possible bad axioms.
[2026-06-28 16:22:09.325] Selected the bad axiom SubClassOf(spacy unresponsive).
[2026-06-28 16:22:09.334] Found 1059 possible bad axioms.
[2026-06-28 16:22:09.335] Selected the bad axiom SubClassOf(tonic fencing_posture).
[2026-06-28 16:22:09.347] Found 1058 possible bad axioms.
[2026-06-28 16:22:09.347] Selected the bad axiom SubClassOf(eye anatomical_entity).
[2026-06-28 16:22:09.356] Found 1057 possible bad axioms.
[2026-06-28 16:22:09.356] Selected the bad axiom SubClassOf(elementary_sense chilly).
[2026-06-28 16:22:09.364] Found 1056 possible bad axioms.
[2026-06-28 16:22:09.364] Selected the bad axiom SubClassOf(finger OWLClass96e12c6e_39aa_4edd_8699_36d39b072aad).
[2026-06-28 16:22:09.371] Found 1055 possible bad axioms.
[2026-06-28 16:22:09.372] Selected the bad axiom SubClassOf(auditory_illusory abdominal_discomfort).
[2026-06-28 16:22:09.378] Found 1054 possible bad axioms.
[2026-06-28 16:22:09.378] Selected the bad axiom SubClassOf(fiat_object_part owl:Nothing).
[2026-06-28 16:22:09.384] Found 1053 possible bad axioms.
[2026-06-28 16:22:09.384] Selected the bad axiom SubClassOf(thumb awareness).
[2026-06-28 16:22:09.395] Found 1052 possible bad axioms.
[2026-06-28 16:22:09.395] Selected the bad axiom SubClassOf(palpitation awareness).
[2026-06-28 16:22:09.401] Found 1051 possible bad axioms.
[2026-06-28 16:22:09.401] Selected the bad axiom SubClassOf(automatism vocal).
[2026-06-28 16:22:09.406] Found 1050 possible bad axioms.
[2026-06-28 16:22:09.406] Selected the bad axiom SubClassOf(palpitation OWLClassfe2127bc_cd10_4bd4_bf00_53dbfc6f0e98).
[2026-06-28 16:22:09.417] Found 1049 possible bad axioms.
[2026-06-28 16:22:09.418] Selected the bad axiom SubClassOf(elementary_sense distending_pain).
[2026-06-28 16:22:09.423] Found 1048 possible bad axioms.
[2026-06-28 16:22:09.424] Selected the bad axiom SubClassOf(autonomic_event jamais_Vu).
[2026-06-28 16:22:09.430] Found 1047 possible bad axioms.
[2026-06-28 16:22:09.430] Selected the bad axiom SubClassOf(hypokinetic gelastic).
[2026-06-28 16:22:09.435] Found 1046 possible bad axioms.
[2026-06-28 16:22:09.435] Selected the bad axiom SubClassOf(trunk hip).
[2026-06-28 16:22:09.440] Found 1045 possible bad axioms.
[2026-06-28 16:22:09.440] Selected the bad axiom SubClassOf(shoulder upper_limb).
[2026-06-28 16:22:09.445] Found 1044 possible bad axioms.
[2026-06-28 16:22:09.445] Selected the bad axiom SubClassOf(OWLClass5b9e09f7_32ce_49fa_a7
...[truncated]
FAIL: attempt=3 seed=28553 status=time_limit_exceeded stage=A2 message=Repair timeout: A2 exceeded 300 seconds
progress: ontology=ESO_C attempt=3 success=0/100
----- ESO_C attempt=4 seed=42753 at 2026-06-28 16:27:09 -----
--- stdout ---
{"seed":42753,"run_id":"20260624134028346645","trial_status":"time_limit_exceeded","error_type":"timeout","failure_stage":"A2","error_message":"Repair timeout: A2 exceeded 300 seconds","iic_values":{},"repair_runtimes_ms":{"A1":445,"A2":300002}}

--- stderr ---
SingleTrialExperiment starting: ontology=/workspaces/ontologyutils-ekaw26/repair-power-index-replication-ekaw26/ontologies/inconsistent/ESO_C.owl, seed=42753, run_id=20260624134028346645
Loaded ontology.
Normalizing ontology with SROIQ normalization...
Normalized ontology with SROIQ normalization.
Ontology is already inconsistent, skipping make-inconsistent step.
Repairing with A1 (random-removal)...
[2026-06-28 16:27:09.977] Checking precondition...
[2026-06-28 16:27:10.007] Starting the repair...
[2026-06-28 16:27:10.020] Found 1060 possible bad axioms.
[2026-06-28 16:27:10.022] Selected the bad axiom SubClassOf(OWLClass199b318e_6db7_47ef_9392_b8165c67a74d a_rise_in_blood-pressure).
[2026-06-28 16:27:10.035] Found 1059 possible bad axioms.
[2026-06-28 16:27:10.035] Selected the bad axiom SubClassOf(burning_pain shoulder).
[2026-06-28 16:27:10.044] Found 1058 possible bad axioms.
[2026-06-28 16:27:10.044] Selected the bad axiom SubClassOf(wrist finger).
[2026-06-28 16:27:10.053] Found 1057 possible bad axioms.
[2026-06-28 16:27:10.053] Selected the bad axiom SubClassOf(unbotton fumbling).
[2026-06-28 16:27:10.061] Found 1056 possible bad axioms.
[2026-06-28 16:27:10.061] Selected the bad axiom SubClassOf(automatism oral_automatism).
[2026-06-28 16:27:10.068] Found 1055 possible bad axioms.
[2026-06-28 16:27:10.068] Selected the bad axiom SubClassOf(licking tooth_grinding).
[2026-06-28 16:27:10.074] Found 1054 possible bad axioms.
[2026-06-28 16:27:10.075] Selected the bad axiom SubClassOf(wandering OWLClassba45fcb5_52b8_4455_8233_d1e9e1d5f4ba).
[2026-06-28 16:27:10.081] Found 1053 possible bad axioms.
[2026-06-28 16:27:10.081] Selected the bad axiom SubClassOf(anatomical_entity face).
[2026-06-28 16:27:10.092] Found 1052 possible bad axioms.
[2026-06-28 16:27:10.092] Selected the bad axiom SubClassOf(jamais_Vu deja_vu).
[2026-06-28 16:27:10.098] Found 1051 possible bad axioms.
[2026-06-28 16:27:10.098] Selected the bad axiom SubClassOf(shoulder falling).
[2026-06-28 16:27:10.103] Found 1050 possible bad axioms.
[2026-06-28 16:27:10.104] Selected the bad axiom SubClassOf(inferior quality).
[2026-06-28 16:27:10.116] Found 1049 possible bad axioms.
[2026-06-28 16:27:10.116] Selected the bad axiom SubClassOf(shoulder upper_limb).
[2026-06-28 16:27:10.122] Found 1048 possible bad axioms.
[2026-06-28 16:27:10.122] Selected the bad axiom SubClassOf(tooth_grinding chewing).
[2026-06-28 16:27:10.128] Found 1047 possible bad axioms.
[2026-06-28 16:27:10.128] Selected the bad axiom SubClassOf(falling stomach).
[2026-06-28 16:27:10.133] Found 1046 possible bad axioms.
[2026-06-28 16:27:10.133] Selected the bad axiom SubClassOf(paresthesia stomach).
[2026-06-28 16:27:10.138] Found 1045 possible bad axioms.
[2026-06-28 16:27:10.138] Selected the bad axiom SubClassOf(anterior unilateral).
[2026-06-28 16:27:10.143] Found 1044 possible bad axioms.
[2026-06-28 16:27:10.143] Selected the bad axiom SubClassOf(OWLClass64a1ed44_4988_48f8_bb5f_b45a1b92c2aa stomach).
[
...[truncated]
FAIL: attempt=4 seed=42753 status=time_limit_exceeded stage=A2 message=Repair timeout: A2 exceeded 300 seconds
progress: ontology=ESO_C attempt=4 success=0/100
----- ESO_C attempt=5 seed=56953 at 2026-06-28 16:32:10 -----
--- stdout ---
{"seed":56953,"run_id":"20260624134028346645","trial_status":"time_limit_exceeded","error_type":"timeout","failure_stage":"A2","error_message":"Repair timeout: A2 exceeded 300 seconds","iic_values":{},"repair_runtimes_ms":{"A1":1159,"A2":300002}}

--- stderr ---
SingleTrialExperiment starting: ontology=/workspaces/ontologyutils-ekaw26/repair-power-index-replication-ekaw26/ontologies/inconsistent/ESO_C.owl, seed=56953, run_id=20260624134028346645
Loaded ontology.
Normalizing ontology with SROIQ normalization...
Normalized ontology with SROIQ normalization.
Ontology is already inconsistent, skipping make-inconsistent step.
Repairing with A1 (random-removal)...
[2026-06-28 16:32:10.871] Checking precondition...
[2026-06-28 16:32:10.904] Starting the repair...
[2026-06-28 16:32:10.919] Found 1060 possible bad axioms.
[2026-06-28 16:32:10.921] Selected the bad axiom SubClassOf(finger awareness).
[2026-06-28 16:32:10.936] Found 1059 possible bad axioms.
[2026-06-28 16:32:10.936] Selected the bad axiom SubClassOf(autonomic_event hallucination).
[2026-06-28 16:32:10.946] Found 1058 possible bad axioms.
[2026-06-28 16:32:10.946] Selected the bad axiom SubClassOf(moving owl:Nothing).
[2026-06-28 16:32:10.955] Found 1057 possible bad axioms.
[2026-06-28 16:32:10.955] Selected the bad axiom SubClassOf(OWLClass199b318e_6db7_47ef_9392_b8165c67a74d epigastrium).
[2026-06-28 16:32:10.962] Found 1056 possible bad axioms.
[2026-06-28 16:32:10.963] Selected the bad axiom SubClassOf(pain eyelids).
[2026-06-28 16:32:10.970] Found 1055 possible bad axioms.
[2026-06-28 16:32:10.970] Selected the bad axiom SubClassOf(automatism dacrystic).
[2026-06-28 16:32:10.977] Found 1054 possible bad axioms.
[2026-06-28 16:32:10.977] Selected the bad axiom SubClassOf(tonic atonic).
[2026-06-28 16:32:10.983] Found 1053 possible bad axioms.
[2026-06-28 16:32:10.984] Selected the bad axiom SubClassOf(burning_pain rediating_pain).
[2026-06-28 16:32:10.995] Found 1052 possible bad axioms.
[2026-06-28 16:32:10.995] Selected the bad axiom SubClassOf(oral_automatism tooth_grinding).
[2026-06-28 16:32:11.000] Found 1051 possible bad axioms.
[2026-06-28 16:32:11.000] Selected the bad axiom SubClassOf(tonic fencing_posture).
[2026-06-28 16:32:11.005] Found 1050 possible bad axioms.
[2026-06-28 16:32:11.006] Selected the bad axiom SubClassOf(material_entity face).
[2026-06-28 16:32:11.018] Found 1049 possible bad axioms.
[2026-06-28 16:32:11.018] Selected the bad axiom SubClassOf(oral_automatism dysphasic).
[2026-06-28 16:32:11.024] Found 1048 possible bad axioms.
[2026-06-28 16:32:11.025] Selected the bad axiom SubClassOf(piloerection dull).
[2026-06-28 16:32:11.030] Found 1047 possible bad axioms.
[2026-06-28 16:32:11.031] Selected the bad axiom SubClassOf(fiat_object_part mandibular).
[2026-06-28 16:32:11.036] Found 1046 possible bad axioms.
[2026-06-28 16:32:11.036] Selected the bad axiom SubClassOf(elementary_sense fullness).
[2026-06-28 16:32:11.041] Found 1045 possible bad axioms.
[2026-06-28 16:32:11.042] Selected the bad axiom SubClassOf(fumbling rubbing).
[2026-06-28 16:32:11.046] Found 1044 possible bad axioms.
[2026-06-28 16:32:11.047] Selected the bad axiom SubClassOf(unilateral owl:Nothing).
[2026-06-28 16:32:11.053] Found 1043 possible 
...[truncated]
FAIL: attempt=5 seed=56953 status=time_limit_exceeded stage=A2 message=Repair timeout: A2 exceeded 300 seconds
progress: ontology=ESO_C attempt=5 success=0/100
----- ESO_C attempt=6 seed=71153 at 2026-06-28 16:37:12 -----
--- stdout ---
{"seed":71153,"run_id":"20260624134028346645","trial_status":"time_limit_exceeded","error_type":"timeout","failure_stage":"A2","error_message":"Repair timeout: A2 exceeded 300 seconds","iic_values":{},"repair_runtimes_ms":{"A1":770,"A2":300001}}

--- stderr ---
SingleTrialExperiment starting: ontology=/workspaces/ontologyutils-ekaw26/repair-power-index-replication-ekaw26/ontologies/inconsistent/ESO_C.owl, seed=71153, run_id=20260624134028346645
Loaded ontology.
Normalizing ontology with SROIQ normalization...
Normalized ontology with SROIQ normalization.
Ontology is already inconsistent, skipping make-inconsistent step.
Repairing with A1 (random-removal)...
[2026-06-28 16:37:12.533] Checking precondition...
[2026-06-28 16:37:12.563] Starting the repair...
[2026-06-28 16:37:12.577] Found 1060 possible bad axioms.
[2026-06-28 16:37:12.579] Selected the bad axiom SubClassOf(automatism oral_automatism).
[2026-06-28 16:37:12.592] Found 1059 possible bad axioms.
[2026-06-28 16:37:12.592] Selected the bad axiom SubClassOf(finger ring_finger).
[2026-06-28 16:37:12.601] Found 1058 possible bad axioms.
[2026-06-28 16:37:12.601] Selected the bad axiom SubClassOf(pain throbbing).
[2026-06-28 16:37:12.610] Found 1057 possible bad axioms.
[2026-06-28 16:37:12.611] Selected the bad axiom SubClassOf(tonic postural).
[2026-06-28 16:37:12.617] Found 1056 possible bad axioms.
[2026-06-28 16:37:12.618] Selected the bad axiom SubClassOf(epileptic_spasm stomach).
[2026-06-28 16:37:12.624] Found 1055 possible bad axioms.
[2026-06-28 16:37:12.625] Selected the bad axiom SubClassOf(posterior unilateral).
[2026-06-28 16:37:12.631] Found 1054 possible bad axioms.
[2026-06-28 16:37:12.631] Selected the bad axiom SubClassOf(flexion chilly).
[2026-06-28 16:37:12.637] Found 1053 possible bad axioms.
[2026-06-28 16:37:12.638] Selected the bad axiom SubClassOf(head stomach).
[2026-06-28 16:37:12.649] Found 1052 possible bad axioms.
[2026-06-28 16:37:12.649] Selected the bad axiom SubClassOf(gelastic hand_automatism).
[2026-06-28 16:37:12.654] Found 1051 possible bad axioms.
[2026-06-28 16:37:12.654] Selected the bad axiom SubClassOf(throbbing pain).
[2026-06-28 16:37:12.659] Found 1050 possible bad axioms.
[2026-06-28 16:37:12.660] Selected the bad axiom SubClassOf(burning_pain eyelids).
[2026-06-28 16:37:12.671] Found 1049 possible bad axioms.
[2026-06-28 16:37:12.671] Selected the bad axiom SubClassOf(falling numbness).
[2026-06-28 16:37:12.677] Found 1048 possible bad axioms.
[2026-06-28 16:37:12.678] Selected the bad axiom SubClassOf(eyes_turned_up tongue-bite).
[2026-06-28 16:37:12.683] Found 1047 possible bad axioms.
[2026-06-28 16:37:12.683] Selected the bad axiom SubClassOf(fullness paresthesia).
[2026-06-28 16:37:12.688] Found 1046 possible bad axioms.
[2026-06-28 16:37:12.688] Selected the bad axiom SubClassOf(trunk lower_limb).
[2026-06-28 16:37:12.693] Found 1045 possible bad axioms.
[2026-06-28 16:37:12.694] Selected the bad axiom SubClassOf(lower_limb upper_limb).
[2026-06-28 16:37:12.698] Found 1044 possible bad axioms.
[2026-06-28 16:37:12.699] Selected the bad axiom SubClassOf(OWLClass64a1ed44_4988_48f8_bb5f_b45a1b92c2aa OWLClassaf3e90b7_2491_49e2_a987_6e3ac26d1368).
[2026-06-28 16:37:12.704] Found 1043 possible bad ax
...[truncated]
FAIL: attempt=6 seed=71153 status=time_limit_exceeded stage=A2 message=Repair timeout: A2 exceeded 300 seconds
progress: ontology=ESO_C attempt=6 success=0/100
----- ESO_C attempt=7 seed=85353 at 2026-06-28 16:42:13 -----
--- stdout ---
{"seed":85353,"run_id":"20260624134028346645","trial_status":"time_limit_exceeded","error_type":"timeout","failure_stage":"A2","error_message":"Repair timeout: A2 exceeded 300 seconds","iic_values":{},"repair_runtimes_ms":{"A1":1429,"A2":300002}}

--- stderr ---
SingleTrialExperiment starting: ontology=/workspaces/ontologyutils-ekaw26/repair-power-index-replication-ekaw26/ontologies/inconsistent/ESO_C.owl, seed=85353, run_id=20260624134028346645
Loaded ontology.
Normalizing ontology with SROIQ normalization...
Normalized ontology with SROIQ normalization.
Ontology is already inconsistent, skipping make-inconsistent step.
Repairing with A1 (random-removal)...
[2026-06-28 16:42:13.786] Checking precondition...
[2026-06-28 16:42:13.816] Starting the repair...
[2026-06-28 16:42:13.829] Found 1060 possible bad axioms.
[2026-06-28 16:42:13.831] Selected the bad axiom SubClassOf(OWLClasse5f09e19_c599_4a78_bb2e_3bc035b76c87 immaterial_entity).
[2026-06-28 16:42:13.844] Found 1059 possible bad axioms.
[2026-06-28 16:42:13.844] Selected the bad axiom SubClassOf(pedaling pelvic_thrusting).
[2026-06-28 16:42:13.853] Found 1058 possible bad axioms.
[2026-06-28 16:42:13.853] Selected the bad axiom SubClassOf(impaired_awareness memory_loss).
[2026-06-28 16:42:13.863] Found 1057 possible bad axioms.
[2026-06-28 16:42:13.863] Selected the bad axiom SubClassOf(unilateral posterior).
[2026-06-28 16:42:13.870] Found 1056 possible bad axioms.
[2026-06-28 16:42:13.871] Selected the bad axiom SubClassOf(burning owl:Nothing).
[2026-06-28 16:42:13.878] Found 1055 possible bad axioms.
[2026-06-28 16:42:13.878] Selected the bad axiom SubClassOf(extension epileptic_spasm).
[2026-06-28 16:42:13.885] Found 1054 possible bad axioms.
[2026-06-28 16:42:13.885] Selected the bad axiom SubClassOf(OWLClass0f9e00ef_3e03_4e41_837a_8fc0ac2afe3f shoulder).
[2026-06-28 16:42:13.891] Found 1053 possible bad axioms.
[2026-06-28 16:42:13.891] Selected the bad axiom SubClassOf(flexion fullness).
[2026-06-28 16:42:13.902] Found 1052 possible bad axioms.
[2026-06-28 16:42:13.902] Selected the bad axiom SubClassOf(numbness deja_vu).
[2026-06-28 16:42:13.908] Found 1051 possible bad axioms.
[2026-06-28 16:42:13.908] Selected the bad axiom SubClassOf(fooling_around dacrystic).
[2026-06-28 16:42:13.913] Found 1050 possible bad axioms.
[2026-06-28 16:42:13.914] Selected the bad axiom SubClassOf(fullness chilly).
[2026-06-28 16:42:13.925] Found 1049 possible bad axioms.
[2026-06-28 16:42:13.925] Selected the bad axiom SubClassOf(palpitation piloerection).
[2026-06-28 16:42:13.932] Found 1048 possible bad axioms.
[2026-06-28 16:42:13.932] Selected the bad axiom SubClassOf(athetoid dystonic).
[2026-06-28 16:42:13.938] Found 1047 possible bad axioms.
[2026-06-28 16:42:13.938] Selected the bad axiom SubClassOf(oral_automatism air-blowing).
[2026-06-28 16:42:13.943] Found 1046 possible bad axioms.
[2026-06-28 16:42:13.943] Selected the bad axiom SubClassOf(trismus owl:Nothing).
[2026-06-28 16:42:13.948] Found 1045 possible bad axioms.
[2026-06-28 16:42:13.948] Selected the bad axiom SubClassOf(lip_smacking swallowing).
[2026-06-28 16:42:13.953] Found 1044 possible bad axioms.
[2026-06-28 16:42:13.954] Selected the bad axiom SubClassOf(lip_smacking lip_pursing).

...[truncated]
FAIL: attempt=7 seed=85353 status=time_limit_exceeded stage=A2 message=Repair timeout: A2 exceeded 300 seconds
progress: ontology=ESO_C attempt=7 success=0/100
----- ESO_C attempt=8 seed=99553 at 2026-06-28 16:47:15 -----
--- stdout ---
{"seed":99553,"run_id":"20260624134028346645","trial_status":"time_limit_exceeded","error_type":"timeout","failure_stage":"A2","error_message":"Repair timeout: A2 exceeded 300 seconds","iic_values":{},"repair_runtimes_ms":{"A1":1531,"A2":300002}}

--- stderr ---
SingleTrialExperiment starting: ontology=/workspaces/ontologyutils-ekaw26/repair-power-index-replication-ekaw26/ontologies/inconsistent/ESO_C.owl, seed=99553, run_id=20260624134028346645
Loaded ontology.
Normalizing ontology with SROIQ normalization...
Normalized ontology with SROIQ normalization.
Ontology is already inconsistent, skipping make-inconsistent step.
Repairing with A1 (random-removal)...
[2026-06-28 16:47:15.716] Checking precondition...
[2026-06-28 16:47:15.747] Starting the repair...
[2026-06-28 16:47:15.761] Found 1060 possible bad axioms.
[2026-06-28 16:47:15.762] Selected the bad axiom SubClassOf(ring_finger owl:Nothing).
[2026-06-28 16:47:15.777] Found 1059 possible bad axioms.
[2026-06-28 16:47:15.777] Selected the bad axiom SubClassOf(specifically_dependent_continuant bilateral).
[2026-06-28 16:47:15.786] Found 1058 possible bad axioms.
[2026-06-28 16:47:15.787] Selected the bad axiom SubClassOf(limbs forearm).
[2026-06-28 16:47:15.796] Found 1057 possible bad axioms.
[2026-06-28 16:47:15.796] Selected the bad axiom SubClassOf(OWLClasse5f09e19_c599_4a78_bb2e_3bc035b76c87 object).
[2026-06-28 16:47:15.803] Found 1056 possible bad axioms.
[2026-06-28 16:47:15.803] Selected the bad axiom SubClassOf(quality specifically_dependent_continuant).
[2026-06-28 16:47:15.810] Found 1055 possible bad axioms.
[2026-06-28 16:47:15.810] Selected the bad axiom SubClassOf(burning moving).
[2026-06-28 16:47:15.816] Found 1054 possible bad axioms.
[2026-06-28 16:47:15.816] Selected the bad axiom SubClassOf(rocking owl:Nothing).
[2026-06-28 16:47:15.822] Found 1053 possible bad axioms.
[2026-06-28 16:47:15.822] Selected the bad axiom SubClassOf(OWLClasse6329615_61a1_4c5b_8afc_209cfbd6ba62 fooling_around).
[2026-06-28 16:47:15.833] Found 1052 possible bad axioms.
[2026-06-28 16:47:15.833] Selected the bad axiom SubClassOf(tooth_grinding stomach).
[2026-06-28 16:47:15.838] Found 1051 possible bad axioms.
[2026-06-28 16:47:15.839] Selected the bad axiom SubClassOf(burning_pain elementary_sense).
[2026-06-28 16:47:15.843] Found 1050 possible bad axioms.
[2026-06-28 16:47:15.844] Selected the bad axiom SubClassOf(rocking stomach).
[2026-06-28 16:47:15.855] Found 1049 possible bad axioms.
[2026-06-28 16:47:15.855] Selected the bad axiom SubClassOf(gluteal_region owl:Nothing).
[2026-06-28 16:47:15.861] Found 1048 possible bad axioms.
[2026-06-28 16:47:15.861] Selected the bad axiom SubClassOf(dacrystic licking).
[2026-06-28 16:47:15.868] Found 1047 possible bad axioms.
[2026-06-28 16:47:15.868] Selected the bad axiom SubClassOf(anatomical_entity owl:Nothing).
[2026-06-28 16:47:15.873] Found 1046 possible bad axioms.
[2026-06-28 16:47:15.874] Selected the bad axiom SubClassOf(lip_smacking air-blowing).
[2026-06-28 16:47:15.880] Found 1045 possible bad axioms.
[2026-06-28 16:47:15.880] Selected the bad axiom SubClassOf(dressing hand_automatism).
[2026-06-28 16:47:15.886] Found 1044 possible bad axioms.
[2026-06-28 16:47:15.886] Selected the bad axiom SubC
...[truncated]
FAIL: attempt=8 seed=99553 status=time_limit_exceeded stage=A2 message=Repair timeout: A2 exceeded 300 seconds
progress: ontology=ESO_C attempt=8 success=0/100
----- ESO_C attempt=9 seed=113753 at 2026-06-28 16:52:17 -----
--- stdout ---
{"seed":113753,"run_id":"20260624134028346645","trial_status":"time_limit_exceeded","error_type":"timeout","failure_stage":"A2","error_message":"Repair timeout: A2 exceeded 300 seconds","iic_values":{},"repair_runtimes_ms":{"A1":936,"A2":300002}}

--- stderr ---
SingleTrialExperiment starting: ontology=/workspaces/ontologyutils-ekaw26/repair-power-index-replication-ekaw26/ontologies/inconsistent/ESO_C.owl, seed=113753, run_id=20260624134028346645
Loaded ontology.
Normalizing ontology with SROIQ normalization...
Normalized ontology with SROIQ normalization.
Ontology is already inconsistent, skipping make-inconsistent step.
Repairing with A1 (random-removal)...
[2026-06-28 16:52:17.722] Checking precondition...
[2026-06-28 16:52:17.752] Starting the repair...
[2026-06-28 16:52:17.766] Found 1060 possible bad axioms.
[2026-06-28 16:52:17.768] Selected the bad axiom SubClassOf(gelastic hand_automatism).
[2026-06-28 16:52:17.782] Found 1059 possible bad axioms.
[2026-06-28 16:52:17.782] Selected the bad axiom SubClassOf(anatomical_entity mandibular).
[2026-06-28 16:52:17.791] Found 1058 possible bad axioms.
[2026-06-28 16:52:17.791] Selected the bad axiom SubClassOf(OWLClassba45fcb5_52b8_4455_8233_d1e9e1d5f4ba owl:Nothing).
[2026-06-28 16:52:17.801] Found 1057 possible bad axioms.
[2026-06-28 16:52:17.801] Selected the bad axiom SubClassOf(leg owl:Nothing).
[2026-06-28 16:52:17.808] Found 1056 possible bad axioms.
[2026-06-28 16:52:17.808] Selected the bad axiom SubClassOf(finger OWLClass96e12c6e_39aa_4edd_8699_36d39b072aad).
[2026-06-28 16:52:17.815] Found 1055 possible bad axioms.
[2026-06-28 16:52:17.816] Selected the bad axiom SubClassOf(vomit extension).
[2026-06-28 16:52:17.822] Found 1054 possible bad axioms.
[2026-06-28 16:52:17.822] Selected the bad axiom SubClassOf(superior posterior).
[2026-06-28 16:52:17.828] Found 1053 possible bad axioms.
[2026-06-28 16:52:17.829] Selected the bad axiom SubClassOf(gustatory_hallucination visual_hallucination).
[2026-06-28 16:52:17.840] Found 1052 possible bad axioms.
[2026-06-28 16:52:17.840] Selected the bad axiom SubClassOf(OWLClassfb28d20b_742c_4655_98bb_bf050836cb95 oral_automatism).
[2026-06-28 16:52:17.845] Found 1051 possible bad axioms.
[2026-06-28 16:52:17.845] Selected the bad axiom SubClassOf(mouth upper_limb).
[2026-06-28 16:52:17.851] Found 1050 possible bad axioms.
[2026-06-28 16:52:17.851] Selected the bad axiom SubClassOf(numbness upper_limb).
[2026-06-28 16:52:17.863] Found 1049 possible bad axioms.
[2026-06-28 16:52:17.863] Selected the bad axiom SubClassOf(index_finger thumb).
[2026-06-28 16:52:17.869] Found 1048 possible bad axioms.
[2026-06-28 16:52:17.869] Selected the bad axiom SubClassOf(anatomical_entity free_upper_limb).
[2026-06-28 16:52:17.875] Found 1047 possible bad axioms.
[2026-06-28 16:52:17.875] Selected the bad axiom SubClassOf(rocking stomach).
[2026-06-28 16:52:17.880] Found 1046 possible bad axioms.
[2026-06-28 16:52:17.880] Selected the bad axiom SubClassOf(moving visual_hallucination).
[2026-06-28 16:52:17.886] Found 1045 possible bad axioms.
[2026-06-28 16:52:17.886] Selected the bad axiom SubClassOf(trismus foaming_at_the_mouth).
[2026-06-28 16:52:17.891] Found 1044 possible bad axioms.
[2026-06-28 16:52:17.891] Selected
...[truncated]
FAIL: attempt=9 seed=113753 status=time_limit_exceeded stage=A2 message=Repair timeout: A2 exceeded 300 seconds
progress: ontology=ESO_C attempt=9 success=0/100
----- ESO_C attempt=10 seed=127953 at 2026-06-28 16:57:18 -----
--- stdout ---
{"seed":127953,"run_id":"20260624134028346645","trial_status":"time_limit_exceeded","error_type":"timeout","failure_stage":"A2","error_message":"Repair timeout: A2 exceeded 300 seconds","iic_values":{},"repair_runtimes_ms":{"A1":294,"A2":300001}}

--- stderr ---
SingleTrialExperiment starting: ontology=/workspaces/ontologyutils-ekaw26/repair-power-index-replication-ekaw26/ontologies/inconsistent/ESO_C.owl, seed=127953, run_id=20260624134028346645
Loaded ontology.
Normalizing ontology with SROIQ normalization...
Normalized ontology with SROIQ normalization.
Ontology is already inconsistent, skipping make-inconsistent step.
Repairing with A1 (random-removal)...
[2026-06-28 16:57:19.150] Checking precondition...
[2026-06-28 16:57:19.181] Starting the repair...
[2026-06-28 16:57:19.194] Found 1060 possible bad axioms.
[2026-06-28 16:57:19.195] Selected the bad axiom SubClassOf(index_finger owl:Nothing).
[2026-06-28 16:57:19.210] Found 1059 possible bad axioms.
[2026-06-28 16:57:19.210] Selected the bad axiom SubClassOf(mydriasis memory_loss).
[2026-06-28 16:57:19.219] Found 1058 possible bad axioms.
[2026-06-28 16:57:19.219] Selected the bad axiom SubClassOf(jamais_Vu floating).
[2026-06-28 16:57:19.228] Found 1057 possible bad axioms.
[2026-06-28 16:57:19.228] Selected the bad axiom SubClassOf(tooth_grinding lip_smacking).
[2026-06-28 16:57:19.236] Found 1056 possible bad axioms.
[2026-06-28 16:57:19.237] Selected the bad axiom SubClassOf(distending_pain pain).
[2026-06-28 16:57:19.244] Found 1055 possible bad axioms.
[2026-06-28 16:57:19.244] Selected the bad axiom SubClassOf(toe owl:Nothing).
[2026-06-28 16:57:19.250] Found 1054 possible bad axioms.
[2026-06-28 16:57:19.250] Selected the bad axiom SubClassOf(hand free_upper_limb).
[2026-06-28 16:57:19.256] Found 1053 possible bad axioms.
[2026-06-28 16:57:19.256] Selected the bad axiom SubClassOf(palpitation a_rise_in_blood-pressure).
[2026-06-28 16:57:19.267] Found 1052 possible bad axioms.
[2026-06-28 16:57:19.267] Selected the bad axiom SubClassOf(floating OWLClass199b318e_6db7_47ef_9392_b8165c67a74d).
[2026-06-28 16:57:19.273] Found 1051 possible bad axioms.
[2026-06-28 16:57:19.273] Selected the bad axiom SubClassOf(dacrystic wandering).
[2026-06-28 16:57:19.278] Found 1050 possible bad axioms.
[2026-06-28 16:57:19.279] Selected the bad axiom SubClassOf(spacy unresponsive).
[2026-06-28 16:57:19.291] Found 1049 possible bad axioms.
[2026-06-28 16:57:19.291] Selected the bad axiom SubClassOf(lip_smacking epigastrium).
[2026-06-28 16:57:19.297] Found 1048 possible bad axioms.
[2026-06-28 16:57:19.297] Selected the bad axiom SubClassOf(OWLClassec791ee6_e7e3_45d0_9826_ec91c90b1aa8 bilateral).
[2026-06-28 16:57:19.303] Found 1047 possible bad axioms.
[2026-06-28 16:57:19.303] Selected the bad axiom SubClassOf(dumbfound OWLClassa9755122_bde3_41f4_9427_c575c1c16173).
[2026-06-28 16:57:19.308] Found 1046 possible bad axioms.
[2026-06-28 16:57:19.308] Selected the bad axiom SubClassOf(foreign_body_sensation numbness).
[2026-06-28 16:57:19.313] Found 1045 possible bad axioms.
[2026-06-28 16:57:19.313] Selected the bad axiom SubClassOf(OWLClasse408c9b3_7e77_45bc_9f39_97effd34cc7c affective).
[2026-06-28 16:57:19.318] Found 1044 possible bad axioms.
[2026-06-28 1
...[truncated]
FAIL: attempt=10 seed=127953 status=time_limit_exceeded stage=A2 message=Repair timeout: A2 exceeded 300 seconds
progress: ontology=ESO_C attempt=10 success=0/100
=== ABORTED ESO_C after 10 consecutive failures at 2026-06-28 17:02:19 - switching to next ontology ===
=== run_trials finished at 2026-06-28 17:53:08 for ESO_C - 0 successes, 10 failures, 10 attempts ===
Failed attempts:
  attempt=1 seed=153 msg=Repair timeout: A2 exceeded 300 seconds
  attempt=2 seed=14353 msg=Repair timeout: A2 exceeded 300 seconds
  attempt=3 seed=28553 msg=Repair timeout: A2 exceeded 300 seconds
  attempt=4 seed=42753 msg=Repair timeout: A2 exceeded 300 seconds
  attempt=5 seed=56953 msg=Repair timeout: A2 exceeded 300 seconds
  attempt=6 seed=71153 msg=Repair timeout: A2 exceeded 300 seconds
  attempt=7 seed=85353 msg=Repair timeout: A2 exceeded 300 seconds
  attempt=8 seed=99553 msg=Repair timeout: A2 exceeded 300 seconds
  attempt=9 seed=113753 msg=Repair timeout: A2 exceeded 300 seconds
  attempt=10 seed=127953 msg=Repair timeout: A2 exceeded 300 seconds
Timing summary:
  success: count=0 total_seconds=0.000000 avg_seconds=0.000000
  time_limit_exceeded: count=10 total_seconds=3013.338122 avg_seconds=301.333812
  memory_limit_exceeded: count=0 total_seconds=0.000000 avg_seconds=0.000000
  success_rate=0.0000
  wall_clock_seconds_total_run=360698.251834
