=== run_trials started at 2026-06-24 13:41:30 run_id=20260624134028346645 ===
ontology_path=/workspaces/ontologyutils-ekaw26/repair-power-index-replication-ekaw26/ontologies/inconsistent/S4EHAW.owl
iic_csv=/workspaces/ontologyutils-ekaw26/repair-power-index-replication-ekaw26/data/data-20260624134028346645/iic-S4EHAW.csv
runtime_csv=/workspaces/ontologyutils-ekaw26/repair-power-index-replication-ekaw26/data/data-20260624134028346645/runtime-S4EHAW.csv

=== Starting sequential trials for S4EHAW at 2026-06-27 03:11:51 ===
----- S4EHAW attempt=1 seed=102 at 2026-06-27 03:11:51 -----
--- stdout ---
{"seed":102,"run_id":"20260624134028346645","trial_status":"memory_limit_exceeded","error_type":"failure","failure_stage":"B2","error_message":"Repair failed: ExecutionException: java.lang.IllegalStateException: Could not find a weakening for axiom: EventDrivenBanCommunicationType ⊑ ⊥","iic_values":{},"repair_runtimes_ms":{"A1":102,"A2":7730,"A3":1007,"B1":948,"B2":6377}}

--- stderr ---
SingleTrialExperiment starting: ontology=/workspaces/ontologyutils-ekaw26/repair-power-index-replication-ekaw26/ontologies/inconsistent/S4EHAW.owl, seed=102, run_id=20260624134028346645
Loaded ontology.
Normalizing ontology with SROIQ normalization...
Normalized ontology with SROIQ normalization.
Ontology is already inconsistent, skipping make-inconsistent step.
Repairing with A1 (random-removal)...
[2026-06-27 03:11:51.913] Checking precondition...
[2026-06-27 03:11:51.932] Starting the repair...
[2026-06-27 03:11:51.942] Found 271 possible bad axioms.
[2026-06-27 03:11:51.944] Selected the bad axiom SubClassOf(owl:Thing ObjectAllValuesFrom(https://saref.etsi.org/saref4ehaw/hasParticipant https://saref.etsi.org/saref4ehaw/HealthActor)).
[2026-06-27 03:11:51.952] Found 270 possible bad axioms.
[2026-06-27 03:11:51.952] Selected the bad axiom SubClassOf(owl:Thing https://saref.etsi.org/core/Service).
[2026-06-27 03:11:51.964] Found 269 possible bad axioms.
[2026-06-27 03:11:51.964] Selected the bad axiom SubClassOf(https://saref.etsi.org/saref4ehaw/Posture https://saref.etsi.org/core/Property).
[2026-06-27 03:11:51.970] Found 268 possible bad axioms.
[2026-06-27 03:11:51.970] Selected the bad axiom SubClassOf(ObjectAllValuesFrom(https://saref.etsi.org/saref4ehaw/hasMode https://saref.etsi.org/saref4ehaw/Mode) ObjectAllValuesFrom(https://saref.etsi.org/saref4ehaw/followsUser https://saref.etsi.org/saref4ehaw/User)).
[2026-06-27 03:11:51.976] Found 267 possible bad axioms.
[2026-06-27 03:11:51.976] Selected the bad axiom SubClassOf(owl:Thing ObjectAllValuesFrom(https://saref.etsi.org/saref4ehaw/interfaceProtocol https://saref.etsi.org/saref4ehaw/CommunicationProtocol)).
[2026-06-27 03:11:51.983] Found 266 possible bad axioms.
[2026-06-27 03:11:51.983] Selected the bad axiom SubClassOf(owl:Thing https://saref.etsi.org/core/NotifyCommand).
[2026-06-27 03:11:51.988] Found 265 possible bad axioms.
[2026-06-27 03:11:51.989] Selected the bad axiom SubClassOf(ObjectSomeValuesFrom(https://saref.etsi.org/saref4ehaw/interfaceProtocol ObjectAllValuesFrom(https://saref.etsi.org/saref4ehaw/hasComputingPower https://saref.etsi.org/saref4ehaw/ComputingPower)) https://saref.etsi.org/saref4ehaw/Interface).
[2026-06-27 03:11:51.994] Found 264 possible bad axioms.
[2026-06-27 03:11:51.994] Selected the bad axiom SubClassOf(owl:Thing ObjectAllValuesFrom(https://saref.etsi.org/saref4ehaw/hasPatient https://saref.etsi.org/saref4ehaw/Patient)).
[2026-06-27 03:11:51.999] Found 263 possible bad axioms.
[2026-06-27 03:11:51.999] Selected the bad axiom SubClassOf(https://saref.etsi.org/saref4ehaw/EventDrivenBanCommunicationType owl:Nothing).
[2026-06-27 03:11:52.010] Finished repairing the ontology.
Repairing with A2 (not-in-largest-mcs-removal)...
[2026-06-27 03:11:52.011] Checking precondition...
[2026-06-27 03:11:52.030] Starting the repair...
[2026-06-27 03:11:59.738] Found 3 possible bad axioms.
[2026-06-27 03:11:59.738] Selected the bad axiom SubClassOf(https://saref.et
...[truncated]
FAIL: attempt=1 seed=102 status=memory_limit_exceeded stage=B2 message=Repair failed: ExecutionException: java.lang.IllegalStateException: Could not find a weakening for axiom: EventDrivenBanCommunicationType ⊑ ⊥
progress: ontology=S4EHAW attempt=1 success=0/100
----- S4EHAW attempt=2 seed=14302 at 2026-06-27 03:12:08 -----
--- stdout ---
{"seed":14302,"run_id":"20260624134028346645","trial_status":"memory_limit_exceeded","error_type":"failure","failure_stage":"B2","error_message":"Repair failed: ExecutionException: java.lang.IllegalStateException: Could not find a weakening for axiom: BanCommunicationType ⊑ EventDrivenBanCommunicationType","iic_values":{},"repair_runtimes_ms":{"A1":229,"A2":7767,"A3":4069,"B1":887,"B2":8386}}

--- stderr ---
SingleTrialExperiment starting: ontology=/workspaces/ontologyutils-ekaw26/repair-power-index-replication-ekaw26/ontologies/inconsistent/S4EHAW.owl, seed=14302, run_id=20260624134028346645
Loaded ontology.
Normalizing ontology with SROIQ normalization...
Normalized ontology with SROIQ normalization.
Ontology is already inconsistent, skipping make-inconsistent step.
Repairing with A1 (random-removal)...
[2026-06-27 03:12:08.568] Checking precondition...
[2026-06-27 03:12:08.588] Starting the repair...
[2026-06-27 03:12:08.600] Found 271 possible bad axioms.
[2026-06-27 03:12:08.601] Selected the bad axiom SubClassOf(https://saref.etsi.org/saref4ehaw/BanHub ObjectSomeValuesFrom(https://saref.etsi.org/saref4ehaw/hasDeviceCharacteristic owl:Thing)).
[2026-06-27 03:12:08.609] Found 270 possible bad axioms.
[2026-06-27 03:12:08.609] Selected the bad axiom SubClassOf(ObjectSomeValuesFrom(https://saref.etsi.org/saref4ehaw/presents owl:Thing) https://saref.etsi.org/core/Service).
[2026-06-27 03:12:08.621] Found 269 possible bad axioms.
[2026-06-27 03:12:08.622] Selected the bad axiom SubClassOf(ObjectAllValuesFrom(https://saref.etsi.org/saref4envi/hasFrequencyMeasurement https://saref.etsi.org/saref4envi/FrequencyMeasurement) https://saref.etsi.org/saref4ehaw/HealthSensor).
[2026-06-27 03:12:08.627] Found 268 possible bad axioms.
[2026-06-27 03:12:08.628] Selected the bad axiom ClassAssertion(https://saref.etsi.org/saref4ehaw/BanApplicationDomain https://saref.etsi.org/saref4ehaw/Prevention).
[2026-06-27 03:12:08.630] Found 267 possible bad axioms.
[2026-06-27 03:12:08.630] Selected the bad axiom SubClassOf(ObjectSomeValuesFrom(https://saref.etsi.org/saref4ehaw/hasHub owl:Thing) ObjectSomeValuesFrom(https://saref.etsi.org/saref4ehaw/hasContact owl:Thing)).
[2026-06-27 03:12:08.636] Found 266 possible bad axioms.
[2026-06-27 03:12:08.636] Selected the bad axiom SubClassOf(ObjectSomeValuesFrom(https://saref.etsi.org/saref4ehaw/hasResponsibleParty owl:Thing) https://saref.etsi.org/saref4ehaw/Ban).
[2026-06-27 03:12:08.642] Found 265 possible bad axioms.
[2026-06-27 03:12:08.643] Selected the bad axiom SubClassOf(ObjectSomeValuesFrom(https://saref.etsi.org/saref4ehaw/hasBanCommunicationType owl:Thing) https://saref.etsi.org/saref4ehaw/Ban).
[2026-06-27 03:12:08.647] Found 264 possible bad axioms.
[2026-06-27 03:12:08.648] Selected the bad axiom ClassAssertion(https://saref.etsi.org/saref4ehaw/AgeCategory https://saref.etsi.org/saref4ehaw/Young).
[2026-06-27 03:12:08.649] Found 263 possible bad axioms.
[2026-06-27 03:12:08.649] Selected the bad axiom SubClassOf(https://saref.etsi.org/saref4ehaw/ResponsibleParty https://saref.etsi.org/saref4ehaw/HealthActor).
[2026-06-27 03:12:08.653] Found 262 possible bad axioms.
[2026-06-27 03:12:08.654] Selected the bad axiom SubClassOf(ObjectSomeValuesFrom(https://saref.etsi.org/saref4ehaw/hasPhysicalLocation ObjectAllValuesFrom(https://saref.etsi.org/saref4ehaw/interfaceProtocol https://saref.etsi.org/saref4ehaw/Communicat
...[truncated]
FAIL: attempt=2 seed=14302 status=memory_limit_exceeded stage=B2 message=Repair failed: ExecutionException: java.lang.IllegalStateException: Could not find a weakening for axiom: BanCommunicationType ⊑ EventDrivenBanCommunicationType
progress: ontology=S4EHAW attempt=2 success=0/100
----- S4EHAW attempt=3 seed=28502 at 2026-06-27 03:12:29 -----
--- stdout ---
{"seed":28502,"run_id":"20260624134028346645","trial_status":"memory_limit_exceeded","error_type":"failure","failure_stage":"B2","error_message":"Repair failed: ExecutionException: java.lang.IllegalStateException: Could not find a weakening for axiom: EventDrivenBanCommunicationType ⊑ ⊥","iic_values":{},"repair_runtimes_ms":{"A1":286,"A2":7692,"A3":1085,"B1":908,"B2":4604}}

--- stderr ---
SingleTrialExperiment starting: ontology=/workspaces/ontologyutils-ekaw26/repair-power-index-replication-ekaw26/ontologies/inconsistent/S4EHAW.owl, seed=28502, run_id=20260624134028346645
Loaded ontology.
Normalizing ontology with SROIQ normalization...
Normalized ontology with SROIQ normalization.
Ontology is already inconsistent, skipping make-inconsistent step.
Repairing with A1 (random-removal)...
[2026-06-27 03:12:30.391] Checking precondition...
[2026-06-27 03:12:30.411] Starting the repair...
[2026-06-27 03:12:30.422] Found 271 possible bad axioms.
[2026-06-27 03:12:30.423] Selected the bad axiom ClassAssertion(https://saref.etsi.org/saref4ehaw/ChronicDisease https://saref.etsi.org/saref4ehaw/Diabetes).
[2026-06-27 03:12:30.426] Found 270 possible bad axioms.
[2026-06-27 03:12:30.426] Selected the bad axiom SubClassOf(ObjectSomeValuesFrom(https://saref.etsi.org/saref4ehaw/hasParticipant owl:Thing) https://saref.etsi.org/saref4ehaw/MeasurementCollectionSession).
[2026-06-27 03:12:30.438] Found 269 possible bad axioms.
[2026-06-27 03:12:30.439] Selected the bad axiom SubClassOf(owl:Thing ObjectAllValuesFrom(https://saref.etsi.org/saref4ehaw/isAttachedTo https://saref.etsi.org/saref4ehaw/HealthActor)).
[2026-06-27 03:12:30.445] Found 268 possible bad axioms.
[2026-06-27 03:12:30.445] Selected the bad axiom SubClassOf(ObjectAllValuesFrom(https://saref.etsi.org/saref4envi/hasFrequencyMeasurement https://saref.etsi.org/saref4envi/FrequencyMeasurement) https://saref.etsi.org/saref4ehaw/HealthSensor).
[2026-06-27 03:12:30.451] Found 267 possible bad axioms.
[2026-06-27 03:12:30.451] Selected the bad axiom SubClassOf(owl:Thing ObjectAllValuesFrom(https://saref.etsi.org/saref4ehaw/groundingProtocol https://saref.etsi.org/saref4ehaw/CommunicationProtocol)).
[2026-06-27 03:12:30.457] Found 266 possible bad axioms.
[2026-06-27 03:12:30.458] Selected the bad axiom SubClassOf(https://saref.etsi.org/saref4ehaw/User https://saref.etsi.org/saref4ehaw/HealthActor).
[2026-06-27 03:12:30.463] Found 265 possible bad axioms.
[2026-06-27 03:12:30.464] Selected the bad axiom SubClassOf(owl:Thing ObjectAllValuesFrom(https://saref.etsi.org/saref4envi/hasFrequencyMeasurement https://saref.etsi.org/saref4envi/FrequencyMeasurement)).
[2026-06-27 03:12:30.468] Found 264 possible bad axioms.
[2026-06-27 03:12:30.469] Selected the bad axiom SubClassOf(owl:Thing ObjectAllValuesFrom(https://saref.etsi.org/saref4ehaw/followsUser https://saref.etsi.org/saref4ehaw/User)).
[2026-06-27 03:12:30.473] Found 263 possible bad axioms.
[2026-06-27 03:12:30.474] Selected the bad axiom SubClassOf(https://saref.etsi.org/saref4ehaw/HealthDevice https://saref.etsi.org/core/Device).
[2026-06-27 03:12:30.478] Found 262 possible bad axioms.
[2026-06-27 03:12:30.478] Selected the bad axiom SubClassOf(owl:Thing https://saref.etsi.org/core/Device).
[2026-06-27 03:12:30.483] Found 261 possible bad axioms.
[2026-06-27 03:12:30.484] Selected the bad axiom SubClassOf(ObjectAllValuesFrom(https://sare
...[truncated]
FAIL: attempt=3 seed=28502 status=memory_limit_exceeded stage=B2 message=Repair failed: ExecutionException: java.lang.IllegalStateException: Could not find a weakening for axiom: EventDrivenBanCommunicationType ⊑ ⊥
progress: ontology=S4EHAW attempt=3 success=0/100
----- S4EHAW attempt=4 seed=42702 at 2026-06-27 03:12:45 -----
--- stdout ---
{"seed":42702,"run_id":"20260624134028346645","trial_status":"memory_limit_exceeded","error_type":"failure","failure_stage":"B2","error_message":"Repair failed: ExecutionException: java.lang.IllegalStateException: Could not find a weakening for axiom: EventDrivenBanCommunicationType ⊑ ⊥","iic_values":{},"repair_runtimes_ms":{"A1":435,"A2":7683,"A3":1110,"B1":2841,"B2":6905}}

--- stderr ---
SingleTrialExperiment starting: ontology=/workspaces/ontologyutils-ekaw26/repair-power-index-replication-ekaw26/ontologies/inconsistent/S4EHAW.owl, seed=42702, run_id=20260624134028346645
Loaded ontology.
Normalizing ontology with SROIQ normalization...
Normalized ontology with SROIQ normalization.
Ontology is already inconsistent, skipping make-inconsistent step.
Repairing with A1 (random-removal)...
[2026-06-27 03:12:45.439] Checking precondition...
[2026-06-27 03:12:45.460] Starting the repair...
[2026-06-27 03:12:45.470] Found 271 possible bad axioms.
[2026-06-27 03:12:45.471] Selected the bad axiom ClassAssertion(https://saref.etsi.org/saref4ehaw/Habit https://saref.etsi.org/saref4ehaw/Undereating).
[2026-06-27 03:12:45.474] Found 270 possible bad axioms.
[2026-06-27 03:12:45.474] Selected the bad axiom SubClassOf(ObjectSomeValuesFrom(https://saref.etsi.org/saref4ehaw/hasPhysicalLocation owl:Thing) https://saref.etsi.org/saref4ehaw/Patient).
[2026-06-27 03:12:45.486] Found 269 possible bad axioms.
[2026-06-27 03:12:45.487] Selected the bad axiom SubClassOf(owl:Thing ObjectAllValuesFrom(https://saref.etsi.org/saref4ehaw/inCurrentMode https://saref.etsi.org/saref4ehaw/Mode)).
[2026-06-27 03:12:45.493] Found 268 possible bad axioms.
[2026-06-27 03:12:45.493] Selected the bad axiom SubClassOf(https://saref.etsi.org/saref4ehaw/Contact ObjectSomeValuesFrom(https://saref.etsi.org/saref4ehaw/hasActivity owl:Thing)).
[2026-06-27 03:12:45.499] Found 267 possible bad axioms.
[2026-06-27 03:12:45.499] Selected the bad axiom SubClassOf(owl:Thing ObjectAllValuesFrom(https://saref.etsi.org/saref4ehaw/hasTimeSeriesMesurement https://saref.etsi.org/saref4ehaw/TimeSeriesMeasurement)).
[2026-06-27 03:12:45.505] Found 266 possible bad axioms.
[2026-06-27 03:12:45.506] Selected the bad axiom SubClassOf(https://saref.etsi.org/core/UnitOfMeasure https://saref.etsi.org/saref4ehaw/DeviceCharacteristic).
[2026-06-27 03:12:45.512] Found 265 possible bad axioms.
[2026-06-27 03:12:45.512] Selected the bad axiom SubClassOf(ObjectSomeValuesFrom(https://saref.etsi.org/saref4ehaw/hasData owl:Thing) https://saref.etsi.org/core/Function).
[2026-06-27 03:12:45.517] Found 264 possible bad axioms.
[2026-06-27 03:12:45.517] Selected the bad axiom SubClassOf(https://saref.etsi.org/core/UnitOfMeasure https://saref.etsi.org/saref4ehaw/PhysicalLocation).
[2026-06-27 03:12:45.522] Found 263 possible bad axioms.
[2026-06-27 03:12:45.522] Selected the bad axiom SubClassOf(owl:Thing ObjectSomeValuesFrom(https://saref.etsi.org/saref4ehaw/presents owl:Thing)).
[2026-06-27 03:12:45.527] Found 262 possible bad axioms.
[2026-06-27 03:12:45.527] Selected the bad axiom SubClassOf(ObjectAllValuesFrom(https://saref.etsi.org/saref4ehaw/hasActivity https://saref.etsi.org/saref4ehaw/Activity) https://saref.etsi.org/saref4ehaw/DeviceCharacteristic).
[2026-06-27 03:12:45.531] Found 261 possible bad axioms.
[2026-06-27 03:12:45.532] Selected the bad axiom SubClassOf(ObjectAllValuesFrom(https://saref.et
...[truncated]
FAIL: attempt=4 seed=42702 status=memory_limit_exceeded stage=B2 message=Repair failed: ExecutionException: java.lang.IllegalStateException: Could not find a weakening for axiom: EventDrivenBanCommunicationType ⊑ ⊥
progress: ontology=S4EHAW attempt=4 success=0/100
----- S4EHAW attempt=5 seed=56902 at 2026-06-27 03:13:04 -----
--- stdout ---
{"seed":56902,"run_id":"20260624134028346645","trial_status":"memory_limit_exceeded","error_type":"failure","failure_stage":"B2","error_message":"Repair failed: ExecutionException: java.lang.IllegalStateException: Could not find a weakening for axiom: EventDrivenBanCommunicationType ⊑ ⊥","iic_values":{},"repair_runtimes_ms":{"A1":214,"A2":7774,"A3":1129,"B1":898,"B2":8359}}

--- stderr ---
SingleTrialExperiment starting: ontology=/workspaces/ontologyutils-ekaw26/repair-power-index-replication-ekaw26/ontologies/inconsistent/S4EHAW.owl, seed=56902, run_id=20260624134028346645
Loaded ontology.
Normalizing ontology with SROIQ normalization...
Normalized ontology with SROIQ normalization.
Ontology is already inconsistent, skipping make-inconsistent step.
Repairing with A1 (random-removal)...
[2026-06-27 03:13:04.895] Checking precondition...
[2026-06-27 03:13:04.914] Starting the repair...
[2026-06-27 03:13:04.924] Found 271 possible bad axioms.
[2026-06-27 03:13:04.926] Selected the bad axiom SubClassOf(ObjectSomeValuesFrom(https://saref.etsi.org/saref4ehaw/hasHabit owl:Thing) https://saref.etsi.org/saref4ehaw/User).
[2026-06-27 03:13:04.934] Found 270 possible bad axioms.
[2026-06-27 03:13:04.934] Selected the bad axiom SubClassOf(owl:Thing ObjectAllValuesFrom(https://saref.etsi.org/saref4ehaw/hasActivity https://saref.etsi.org/saref4ehaw/Activity)).
[2026-06-27 03:13:04.946] Found 269 possible bad axioms.
[2026-06-27 03:13:04.946] Selected the bad axiom SubClassOf(owl:Thing ObjectAllValuesFrom(https://saref.etsi.org/saref4ehaw/hasImpairment https://saref.etsi.org/saref4ehaw/Impairment)).
[2026-06-27 03:13:04.953] Found 268 possible bad axioms.
[2026-06-27 03:13:04.953] Selected the bad axiom SubClassOf(ObjectSomeValuesFrom(https://saref.etsi.org/saref4ehaw/hasImpairment owl:Thing) https://saref.etsi.org/saref4ehaw/User).
[2026-06-27 03:13:04.959] Found 267 possible bad axioms.
[2026-06-27 03:13:04.960] Selected the bad axiom SubClassOf(ObjectSomeValuesFrom(https://saref.etsi.org/saref4ehaw/hasComputingPower owl:Thing) https://saref.etsi.org/saref4ehaw/DeviceCharacteristic).
[2026-06-27 03:13:04.965] Found 266 possible bad axioms.
[2026-06-27 03:13:04.966] Selected the bad axiom SubClassOf(ObjectSomeValuesFrom(https://saref.etsi.org/saref4ehaw/inCurrentMode owl:Thing) https://saref.etsi.org/saref4ehaw/HealthDevice).
[2026-06-27 03:13:04.970] Found 265 possible bad axioms.
[2026-06-27 03:13:04.970] Selected the bad axiom SubClassOf(ObjectSomeValuesFrom(https://saref.etsi.org/saref4ehaw/hasBanApplicationDomain owl:Thing) https://saref.etsi.org/saref4ehaw/Ban).
[2026-06-27 03:13:04.975] Found 264 possible bad axioms.
[2026-06-27 03:13:04.975] Selected the bad axiom SubClassOf(https://saref.etsi.org/saref4ehaw/FunctionalDevice https://saref.etsi.org/saref4ehaw/HealthDevice).
[2026-06-27 03:13:04.980] Found 263 possible bad axioms.
[2026-06-27 03:13:04.980] Selected the bad axiom SubClassOf(ObjectAllValuesFrom(https://saref.etsi.org/saref4ehaw/hasImpairment https://saref.etsi.org/saref4ehaw/Impairment) ObjectAllValuesFrom(https://saref.etsi.org/saref4ehaw/hasMeasurement https://saref.etsi.org/core/Measurement)).
[2026-06-27 03:13:04.984] Found 262 possible bad axioms.
[2026-06-27 03:13:04.984] Selected the bad axiom SubClassOf(owl:Thing ObjectAllValuesFrom(https://saref.etsi.org/saref4ehaw/contains https://saref.etsi.org/saref4ehaw/HealthD
...[truncated]
FAIL: attempt=5 seed=56902 status=memory_limit_exceeded stage=B2 message=Repair failed: ExecutionException: java.lang.IllegalStateException: Could not find a weakening for axiom: EventDrivenBanCommunicationType ⊑ ⊥
progress: ontology=S4EHAW attempt=5 success=0/100
----- S4EHAW attempt=6 seed=71102 at 2026-06-27 03:13:23 -----
--- stdout ---
{"seed":71102,"run_id":"20260624134028346645","trial_status":"memory_limit_exceeded","error_type":"failure","failure_stage":"B2","error_message":"Repair failed: ExecutionException: java.lang.IllegalStateException: Could not find a weakening for axiom: ⊤ ⊑ BanCommunicationType","iic_values":{},"repair_runtimes_ms":{"A1":445,"A2":7639,"A3":1070,"B1":991,"B2":9257}}

--- stderr ---
SingleTrialExperiment starting: ontology=/workspaces/ontologyutils-ekaw26/repair-power-index-replication-ekaw26/ontologies/inconsistent/S4EHAW.owl, seed=71102, run_id=20260624134028346645
Loaded ontology.
Normalizing ontology with SROIQ normalization...
Normalized ontology with SROIQ normalization.
Ontology is already inconsistent, skipping make-inconsistent step.
Repairing with A1 (random-removal)...
[2026-06-27 03:13:23.744] Checking precondition...
[2026-06-27 03:13:23.763] Starting the repair...
[2026-06-27 03:13:23.773] Found 271 possible bad axioms.
[2026-06-27 03:13:23.775] Selected the bad axiom ClassAssertion(https://saref.etsi.org/saref4ehaw/BanApplicationDomain https://saref.etsi.org/saref4ehaw/SportTraining).
[2026-06-27 03:13:23.778] Found 270 possible bad axioms.
[2026-06-27 03:13:23.778] Selected the bad axiom SubClassOf(owl:Thing https://saref.etsi.org/saref4ehaw/DeviceCharacteristic).
[2026-06-27 03:13:23.789] Found 269 possible bad axioms.
[2026-06-27 03:13:23.790] Selected the bad axiom SubClassOf(ObjectSomeValuesFrom(https://saref.etsi.org/saref4ehaw/hasDeviceCharacteristic owl:Thing) https://saref.etsi.org/saref4ehaw/HealthDevice).
[2026-06-27 03:13:23.796] Found 268 possible bad axioms.
[2026-06-27 03:13:23.796] Selected the bad axiom SubClassOf(ObjectSomeValuesFrom(https://saref.etsi.org/saref4ehaw/groundingProtocol ObjectAllValuesFrom(https://saref.etsi.org/saref4ehaw/hasBanCommunicationType ObjectAllValuesFrom(https://saref.etsi.org/saref4ehaw/hasBanApplicationDomain https://saref.etsi.org/saref4ehaw/BanApplicationDomain))) https://saref.etsi.org/saref4ehaw/ServiceGrounding).
[2026-06-27 03:13:23.802] Found 267 possible bad axioms.
[2026-06-27 03:13:23.802] Selected the bad axiom SubClassOf(ObjectSomeValuesFrom(https://saref.etsi.org/saref4ehaw/hasPhysicalLocation ObjectAllValuesFrom(https://saref.etsi.org/saref4ehaw/isAttachedTo https://saref.etsi.org/saref4ehaw/HealthActor)) https://saref.etsi.org/saref4ehaw/Patient).
[2026-06-27 03:13:23.808] Found 266 possible bad axioms.
[2026-06-27 03:13:23.809] Selected the bad axiom SubClassOf(ObjectSomeValuesFrom(https://saref.etsi.org/saref4ehaw/hasPowerSource owl:Thing) https://saref.etsi.org/saref4ehaw/DeviceCharacteristic).
[2026-06-27 03:13:23.815] Found 265 possible bad axioms.
[2026-06-27 03:13:23.815] Selected the bad axiom SubClassOf(ObjectSomeValuesFrom(https://saref.etsi.org/saref4ehaw/hasInterface owl:Thing) https://saref.etsi.org/saref4ehaw/HealthDevice).
[2026-06-27 03:13:23.820] Found 264 possible bad axioms.
[2026-06-27 03:13:23.820] Selected the bad axiom ClassAssertion(https://saref.etsi.org/saref4ehaw/BanApplicationDomain https://saref.etsi.org/saref4ehaw/Emergency).
[2026-06-27 03:13:23.821] Found 263 possible bad axioms.
[2026-06-27 03:13:23.821] Selected the bad axiom SubClassOf(ObjectAllValuesFrom(https://saref.etsi.org/saref4ehaw/inCurrentMode https://saref.etsi.org/saref4ehaw/Mode) ObjectAllValuesFrom(https://saref.etsi.org/saref4ehaw/hasImpairment https:
...[truncated]
FAIL: attempt=6 seed=71102 status=memory_limit_exceeded stage=B2 message=Repair failed: ExecutionException: java.lang.IllegalStateException: Could not find a weakening for axiom: ⊤ ⊑ BanCommunicationType
progress: ontology=S4EHAW attempt=6 success=0/100
----- S4EHAW attempt=7 seed=85302 at 2026-06-27 03:13:43 -----
--- stdout ---
{"seed":85302,"run_id":"20260624134028346645","trial_status":"memory_limit_exceeded","error_type":"failure","failure_stage":"B2","error_message":"Repair failed: ExecutionException: java.lang.IllegalStateException: Could not find a weakening for axiom: BanCommunicationType ⊑ EventDrivenBanCommunicationType","iic_values":{},"repair_runtimes_ms":{"A1":230,"A2":7731,"A3":1914,"B1":864,"B2":6416}}

--- stderr ---
SingleTrialExperiment starting: ontology=/workspaces/ontologyutils-ekaw26/repair-power-index-replication-ekaw26/ontologies/inconsistent/S4EHAW.owl, seed=85302, run_id=20260624134028346645
Loaded ontology.
Normalizing ontology with SROIQ normalization...
Normalized ontology with SROIQ normalization.
Ontology is already inconsistent, skipping make-inconsistent step.
Repairing with A1 (random-removal)...
[2026-06-27 03:13:43.617] Checking precondition...
[2026-06-27 03:13:43.636] Starting the repair...
[2026-06-27 03:13:43.646] Found 271 possible bad axioms.
[2026-06-27 03:13:43.648] Selected the bad axiom SubClassOf(https://saref.etsi.org/saref4ehaw/MeasurementFunction https://saref.etsi.org/core/Function).
[2026-06-27 03:13:43.655] Found 270 possible bad axioms.
[2026-06-27 03:13:43.656] Selected the bad axiom SubClassOf(https://saref.etsi.org/saref4ehaw/ResponsibleParty ObjectSomeValuesFrom(https://saref.etsi.org/saref4ehaw/hasAgeCategory ObjectAllValuesFrom(https://saref.etsi.org/saref4ehaw/usesBan https://saref.etsi.org/saref4ehaw/Ban))).
[2026-06-27 03:13:43.667] Found 269 possible bad axioms.
[2026-06-27 03:13:43.667] Selected the bad axiom SubClassOf(owl:Thing ObjectAllValuesFrom(https://saref.etsi.org/saref4ehaw/hasDataConstraint https://saref.etsi.org/saref4ehaw/DataConstraint)).
[2026-06-27 03:13:43.674] Found 268 possible bad axioms.
[2026-06-27 03:13:43.674] Selected the bad axiom SubClassOf(ObjectSomeValuesFrom(https://saref.etsi.org/saref4ehaw/groundingProtocol owl:Thing) https://saref.etsi.org/saref4ehaw/ServiceGrounding).
[2026-06-27 03:13:43.679] Found 267 possible bad axioms.
[2026-06-27 03:13:43.679] Selected the bad axiom SubClassOf(https://saref.etsi.org/saref4ehaw/Helper https://saref.etsi.org/saref4ehaw/HealthActor).
[2026-06-27 03:13:43.685] Found 266 possible bad axioms.
[2026-06-27 03:13:43.685] Selected the bad axiom SubClassOf(ObjectSomeValuesFrom(https://saref.etsi.org/saref4ehaw/hasBanCommunicationType owl:Thing) https://saref.etsi.org/saref4ehaw/Ban).
[2026-06-27 03:13:43.691] Found 265 possible bad axioms.
[2026-06-27 03:13:43.691] Selected the bad axiom SubClassOf(https://saref.etsi.org/saref4ehaw/Contact ObjectSomeValuesFrom(https://saref.etsi.org/saref4ehaw/hasActivity owl:Thing)).
[2026-06-27 03:13:43.696] Found 264 possible bad axioms.
[2026-06-27 03:13:43.696] Selected the bad axiom ClassAssertion(https://saref.etsi.org/saref4ehaw/Habit https://saref.etsi.org/saref4ehaw/Overeating).
[2026-06-27 03:13:43.698] Found 263 possible bad axioms.
[2026-06-27 03:13:43.698] Selected the bad axiom SubClassOf(owl:Thing https://saref.etsi.org/saref4ehaw/Data).
[2026-06-27 03:13:43.703] Found 262 possible bad axioms.
[2026-06-27 03:13:43.703] Selected the bad axiom SubClassOf(ObjectSomeValuesFrom(https://saref.etsi.org/saref4ehaw/hasPhysicalLocation ObjectAllValuesFrom(https://saref.etsi.org/saref4ehaw/hasBanCommunicationType https://saref.etsi.org/saref4ehaw/BanCommunicationType)) https://saref.etsi.org/saref4ehaw/Patient).
...[truncated]
FAIL: attempt=7 seed=85302 status=memory_limit_exceeded stage=B2 message=Repair failed: ExecutionException: java.lang.IllegalStateException: Could not find a weakening for axiom: BanCommunicationType ⊑ EventDrivenBanCommunicationType
progress: ontology=S4EHAW attempt=7 success=0/100
----- S4EHAW attempt=8 seed=99502 at 2026-06-27 03:14:00 -----
--- stdout ---
{"seed":99502,"run_id":"20260624134028346645","trial_status":"memory_limit_exceeded","error_type":"failure","failure_stage":"B2","error_message":"Repair failed: ExecutionException: java.lang.IllegalStateException: Could not find a weakening for axiom: EventDrivenBanCommunicationType ⊑ ⊥","iic_values":{},"repair_runtimes_ms":{"A1":288,"A2":7656,"A3":1971,"B1":892,"B2":6856}}

--- stderr ---
SingleTrialExperiment starting: ontology=/workspaces/ontologyutils-ekaw26/repair-power-index-replication-ekaw26/ontologies/inconsistent/S4EHAW.owl, seed=99502, run_id=20260624134028346645
Loaded ontology.
Normalizing ontology with SROIQ normalization...
Normalized ontology with SROIQ normalization.
Ontology is already inconsistent, skipping make-inconsistent step.
Repairing with A1 (random-removal)...
[2026-06-27 03:14:01.238] Checking precondition...
[2026-06-27 03:14:01.259] Starting the repair...
[2026-06-27 03:14:01.269] Found 271 possible bad axioms.
[2026-06-27 03:14:01.270] Selected the bad axiom SubClassOf(https://saref.etsi.org/saref4ehaw/ReminderCommand https://saref.etsi.org/core/NotifyCommand).
[2026-06-27 03:14:01.285] Found 270 possible bad axioms.
[2026-06-27 03:14:01.286] Selected the bad axiom SubClassOf(ObjectSomeValuesFrom(https://saref.etsi.org/saref4ehaw/interfaceProtocol ObjectAllValuesFrom(https://saref.etsi.org/saref4ehaw/hasComputingPower https://saref.etsi.org/saref4ehaw/ComputingPower)) https://saref.etsi.org/saref4ehaw/Interface).
[2026-06-27 03:14:01.298] Found 269 possible bad axioms.
[2026-06-27 03:14:01.299] Selected the bad axiom SubClassOf(https://saref.etsi.org/saref4ehaw/TimeSeriesMeasurement ObjectAllValuesFrom(https://saref.etsi.org/saref4envi/hasFrequencyMeasurement https://saref.etsi.org/saref4envi/FrequencyMeasurement)).
[2026-06-27 03:14:01.305] Found 268 possible bad axioms.
[2026-06-27 03:14:01.305] Selected the bad axiom SubClassOf(owl:Thing https://saref.etsi.org/saref4ehaw/Mode).
[2026-06-27 03:14:01.311] Found 267 possible bad axioms.
[2026-06-27 03:14:01.312] Selected the bad axiom SubClassOf(owl:Thing https://saref.etsi.org/saref4ehaw/ServiceGrounding).
[2026-06-27 03:14:01.318] Found 266 possible bad axioms.
[2026-06-27 03:14:01.318] Selected the bad axiom SubClassOf(ObjectAllValuesFrom(https://saref.etsi.org/saref4ehaw/hasComputingPower https://saref.etsi.org/saref4ehaw/ComputingPower) http://xmlns.com/foaf/0.1/Agent).
[2026-06-27 03:14:01.323] Found 265 possible bad axioms.
[2026-06-27 03:14:01.323] Selected the bad axiom SubClassOf(owl:Thing https://saref.etsi.org/saref4ehaw/BanApplicationDomain).
[2026-06-27 03:14:01.328] Found 264 possible bad axioms.
[2026-06-27 03:14:01.328] Selected the bad axiom SubClassOf(ObjectSomeValuesFrom(https://saref.etsi.org/saref4ehaw/hasContact owl:Thing) https://saref.etsi.org/saref4ehaw/Ban).
[2026-06-27 03:14:01.333] Found 263 possible bad axioms.
[2026-06-27 03:14:01.334] Selected the bad axiom SubClassOf(ObjectSomeValuesFrom(https://saref.etsi.org/saref4ehaw/groundingProtocol ObjectAllValuesFrom(https://saref.etsi.org/saref4ehaw/hasBanCommunicationType ObjectAllValuesFrom(https://saref.etsi.org/saref4ehaw/hasPhysicalLocation https://saref.etsi.org/saref4ehaw/PhysicalLocation))) https://saref.etsi.org/saref4ehaw/ServiceGrounding).
[2026-06-27 03:14:01.338] Found 262 possible bad axioms.
[2026-06-27 03:14:01.338] Selected the bad axiom SubClassOf(owl:Thing O
...[truncated]
FAIL: attempt=8 seed=99502 status=memory_limit_exceeded stage=B2 message=Repair failed: ExecutionException: java.lang.IllegalStateException: Could not find a weakening for axiom: EventDrivenBanCommunicationType ⊑ ⊥
progress: ontology=S4EHAW attempt=8 success=0/100
----- S4EHAW attempt=9 seed=113702 at 2026-06-27 03:14:18 -----
--- stdout ---
{"seed":113702,"run_id":"20260624134028346645","trial_status":"memory_limit_exceeded","error_type":"failure","failure_stage":"B2","error_message":"Repair failed: ExecutionException: java.lang.IllegalStateException: Could not find a weakening for axiom: BanCommunicationType ⊑ EventDrivenBanCommunicationType","iic_values":{},"repair_runtimes_ms":{"A1":121,"A2":7748,"A3":1155,"B1":929,"B2":7269}}

--- stderr ---
SingleTrialExperiment starting: ontology=/workspaces/ontologyutils-ekaw26/repair-power-index-replication-ekaw26/ontologies/inconsistent/S4EHAW.owl, seed=113702, run_id=20260624134028346645
Loaded ontology.
Normalizing ontology with SROIQ normalization...
Normalized ontology with SROIQ normalization.
Ontology is already inconsistent, skipping make-inconsistent step.
Repairing with A1 (random-removal)...
[2026-06-27 03:14:19.385] Checking precondition...
[2026-06-27 03:14:19.404] Starting the repair...
[2026-06-27 03:14:19.415] Found 271 possible bad axioms.
[2026-06-27 03:14:19.416] Selected the bad axiom SubClassOf(ObjectSomeValuesFrom(https://saref.etsi.org/saref4ehaw/followsUser ObjectAllValuesFrom(https://saref.etsi.org/saref4ehaw/hasPowerSource https://saref.etsi.org/saref4ehaw/PowerSource)) https://saref.etsi.org/saref4ehaw/Helper).
[2026-06-27 03:14:19.423] Found 270 possible bad axioms.
[2026-06-27 03:14:19.424] Selected the bad axiom ClassAssertion(https://saref.etsi.org/saref4ehaw/Posture https://saref.etsi.org/saref4ehaw/Running).
[2026-06-27 03:14:19.431] Found 269 possible bad axioms.
[2026-06-27 03:14:19.431] Selected the bad axiom SubClassOf(ObjectSomeValuesFrom(https://saref.etsi.org/saref4ehaw/hasMeasurement owl:Thing) https://saref.etsi.org/saref4ehaw/Data).
[2026-06-27 03:14:19.438] Found 268 possible bad axioms.
[2026-06-27 03:14:19.438] Selected the bad axiom SubClassOf(https://saref.etsi.org/saref4ehaw/HealthActuator https://saref.etsi.org/saref4ehaw/HealthDevice).
[2026-06-27 03:14:19.444] Found 267 possible bad axioms.
[2026-06-27 03:14:19.444] Selected the bad axiom SubClassOf(ObjectAllValuesFrom(https://saref.etsi.org/saref4ehaw/hasBanApplicationDomain https://saref.etsi.org/saref4ehaw/BanApplicationDomain) ObjectAllValuesFrom(https://saref.etsi.org/saref4ehaw/hasOperatingConstraint https://saref.etsi.org/saref4ehaw/OperatingConstraint)).
[2026-06-27 03:14:19.450] Found 266 possible bad axioms.
[2026-06-27 03:14:19.451] Selected the bad axiom SubClassOf(ObjectSomeValuesFrom(https://saref.etsi.org/saref4ehaw/hasHabit owl:Thing) https://saref.etsi.org/saref4ehaw/User).
[2026-06-27 03:14:19.458] Found 265 possible bad axioms.
[2026-06-27 03:14:19.458] Selected the bad axiom SubClassOf(ObjectAllValuesFrom(https://saref.etsi.org/saref4ehaw/hasPatient https://saref.etsi.org/core/UnitOfMeasure) ObjectAllValuesFrom(https://saref.etsi.org/saref4ehaw/presents https://saref.etsi.org/saref4ehaw/ServiceProfile)).
[2026-06-27 03:14:19.463] Found 264 possible bad axioms.
[2026-06-27 03:14:19.463] Selected the bad axiom SubClassOf(ObjectSomeValuesFrom(https://saref.etsi.org/saref4ehaw/hasPhysicalLocation ObjectAllValuesFrom(https://saref.etsi.org/saref4ehaw/interfaceProtocol https://saref.etsi.org/saref4ehaw/CommunicationProtocol)) https://saref.etsi.org/saref4ehaw/Patient).
[2026-06-27 03:14:19.467] Found 263 possible bad axioms.
[2026-06-27 03:14:19.468] Selected the bad axiom SubClassOf(ObjectSomeValuesFrom(https://saref.etsi.org/sare
...[truncated]
FAIL: attempt=9 seed=113702 status=memory_limit_exceeded stage=B2 message=Repair failed: ExecutionException: java.lang.IllegalStateException: Could not find a weakening for axiom: BanCommunicationType ⊑ EventDrivenBanCommunicationType
progress: ontology=S4EHAW attempt=9 success=0/100
----- S4EHAW attempt=10 seed=127902 at 2026-06-27 03:14:36 -----
--- stdout ---
{"seed":127902,"run_id":"20260624134028346645","trial_status":"memory_limit_exceeded","error_type":"failure","failure_stage":"B2","error_message":"Repair failed: ExecutionException: java.lang.IllegalStateException: Could not find a weakening for axiom: EventDrivenBanCommunicationType ⊑ ⊥","iic_values":{},"repair_runtimes_ms":{"A1":359,"A2":7610,"A3":1037,"B1":1517,"B2":8310}}

--- stderr ---
SingleTrialExperiment starting: ontology=/workspaces/ontologyutils-ekaw26/repair-power-index-replication-ekaw26/ontologies/inconsistent/S4EHAW.owl, seed=127902, run_id=20260624134028346645
Loaded ontology.
Normalizing ontology with SROIQ normalization...
Normalized ontology with SROIQ normalization.
Ontology is already inconsistent, skipping make-inconsistent step.
Repairing with A1 (random-removal)...
[2026-06-27 03:14:37.083] Checking precondition...
[2026-06-27 03:14:37.104] Starting the repair...
[2026-06-27 03:14:37.115] Found 271 possible bad axioms.
[2026-06-27 03:14:37.117] Selected the bad axiom SubClassOf(ObjectSomeValuesFrom(https://saref.etsi.org/saref4ehaw/isAttachedTo ObjectAllValuesFrom(https://saref.etsi.org/saref4ehaw/inCurrentMode https://saref.etsi.org/saref4ehaw/Mode)) https://saref.etsi.org/saref4ehaw/HealthDevice).
[2026-06-27 03:14:37.124] Found 270 possible bad axioms.
[2026-06-27 03:14:37.125] Selected the bad axiom ClassAssertion(https://saref.etsi.org/saref4ehaw/Impairment https://saref.etsi.org/saref4ehaw/SkeletalImpairment).
[2026-06-27 03:14:37.132] Found 269 possible bad axioms.
[2026-06-27 03:14:37.132] Selected the bad axiom SubClassOf(https://saref.etsi.org/core/UnitOfMeasure https://saref.etsi.org/saref4ehaw/DeviceCharacteristic).
[2026-06-27 03:14:37.139] Found 268 possible bad axioms.
[2026-06-27 03:14:37.139] Selected the bad axiom SubClassOf(owl:Thing https://saref.etsi.org/saref4ehaw/ServiceGrounding).
[2026-06-27 03:14:37.145] Found 267 possible bad axioms.
[2026-06-27 03:14:37.145] Selected the bad axiom SubClassOf(ObjectSomeValuesFrom(https://saref.etsi.org/saref4ehaw/usesBan ObjectAllValuesFrom(https://saref.etsi.org/saref4ehaw/hasParticipant https://saref.etsi.org/saref4ehaw/HealthActor)) https://saref.etsi.org/saref4ehaw/HealthActor).
[2026-06-27 03:14:37.150] Found 266 possible bad axioms.
[2026-06-27 03:14:37.151] Selected the bad axiom SubClassOf(ObjectSomeValuesFrom(https://saref.etsi.org/saref4ehaw/hasComputingPower ObjectAllValuesFrom(https://saref.etsi.org/saref4ehaw/hasLocation https://saref.etsi.org/saref4ehaw/Location)) https://saref.etsi.org/saref4ehaw/DeviceCharacteristic).
[2026-06-27 03:14:37.157] Found 265 possible bad axioms.
[2026-06-27 03:14:37.158] Selected the bad axiom SubClassOf(ObjectAllValuesFrom(https://saref.etsi.org/saref4ehaw/inCurrentMode ObjectAllValuesFrom(https://saref.etsi.org/saref4ehaw/hasHub https://saref.etsi.org/saref4ehaw/BanHub)) ObjectAllValuesFrom(https://saref.etsi.org/saref4ehaw/hasImpairment https://saref.etsi.org/saref4ehaw/Impairment)).
[2026-06-27 03:14:37.163] Found 264 possible bad axioms.
[2026-06-27 03:14:37.163] Selected the bad axiom SubClassOf(owl:Thing ObjectAllValuesFrom(https://saref.etsi.org/saref4ehaw/hasPosture https://saref.etsi.org/saref4ehaw/Posture)).
[2026-06-27 03:14:37.167] Found 263 possible bad axioms.
[2026-06-27 03:14:37.168] Selected the bad axiom SubClassOf(owl:Thing ObjectAllValuesFrom(https://saref.etsi.org/saref4ehaw/hasMode 
...[truncated]
FAIL: attempt=10 seed=127902 status=memory_limit_exceeded stage=B2 message=Repair failed: ExecutionException: java.lang.IllegalStateException: Could not find a weakening for axiom: EventDrivenBanCommunicationType ⊑ ⊥
progress: ontology=S4EHAW attempt=10 success=0/100
=== ABORTED S4EHAW after 10 consecutive failures at 2026-06-27 03:14:55 - switching to next ontology ===
=== run_trials finished at 2026-06-28 17:53:08 for S4EHAW - 0 successes, 10 failures, 10 attempts ===
Failed attempts:
  attempt=1 seed=102 msg=Repair failed: ExecutionException: java.lang.IllegalStateException: Could not find a weakening for axiom: EventDrivenBanCommunicationType ⊑ ⊥
  attempt=2 seed=14302 msg=Repair failed: ExecutionException: java.lang.IllegalStateException: Could not find a weakening for axiom: BanCommunicationType ⊑ EventDrivenBanCommunicationType
  attempt=3 seed=28502 msg=Repair failed: ExecutionException: java.lang.IllegalStateException: Could not find a weakening for axiom: EventDrivenBanCommunicationType ⊑ ⊥
  attempt=4 seed=42702 msg=Repair failed: ExecutionException: java.lang.IllegalStateException: Could not find a weakening for axiom: EventDrivenBanCommunicationType ⊑ ⊥
  attempt=5 seed=56902 msg=Repair failed: ExecutionException: java.lang.IllegalStateException: Could not find a weakening for axiom: EventDrivenBanCommunicationType ⊑ ⊥
  attempt=6 seed=71102 msg=Repair failed: ExecutionException: java.lang.IllegalStateException: Could not find a weakening for axiom: ⊤ ⊑ BanCommunicationType
  attempt=7 seed=85302 msg=Repair failed: ExecutionException: java.lang.IllegalStateException: Could not find a weakening for axiom: BanCommunicationType ⊑ EventDrivenBanCommunicationType
  attempt=8 seed=99502 msg=Repair failed: ExecutionException: java.lang.IllegalStateException: Could not find a weakening for axiom: EventDrivenBanCommunicationType ⊑ ⊥
  attempt=9 seed=113702 msg=Repair failed: ExecutionException: java.lang.IllegalStateException: Could not find a weakening for axiom: BanCommunicationType ⊑ EventDrivenBanCommunicationType
  attempt=10 seed=127902 msg=Repair failed: ExecutionException: java.lang.IllegalStateException: Could not find a weakening for axiom: EventDrivenBanCommunicationType ⊑ ⊥
Timing summary:
  success: count=0 total_seconds=0.000000 avg_seconds=0.000000
  time_limit_exceeded: count=0 total_seconds=0.000000 avg_seconds=0.000000
  memory_limit_exceeded: count=0 total_seconds=0.000000 avg_seconds=0.000000
  success_rate=0.0000
  wall_clock_seconds_total_run=360698.251834
