=== run_trials started at 2026-06-24 13:41:30 run_id=20260624134028346645 ===
ontology_path=/workspaces/ontologyutils-ekaw26/repair-power-index-replication-ekaw26/ontologies/inconsistent/MWLA.owl
iic_csv=/workspaces/ontologyutils-ekaw26/repair-power-index-replication-ekaw26/data/data-20260624134028346645/iic-MWLA.csv
runtime_csv=/workspaces/ontologyutils-ekaw26/repair-power-index-replication-ekaw26/data/data-20260624134028346645/runtime-MWLA.csv

=== Starting sequential trials for MWLA at 2026-06-27 04:54:25 ===
----- MWLA attempt=1 seed=105 at 2026-06-27 04:54:25 -----
--- stdout ---
{"seed":105,"run_id":"20260624134028346645","trial_status":"time_limit_exceeded","error_type":"timeout","failure_stage":"B4","error_message":"Repair timeout: B4 exceeded 300 seconds","iic_values":{},"repair_runtimes_ms":{"A1":181,"A2":1369,"A3":355,"B1":327,"B2":2701,"B3":1543,"B4":300001}}

--- stderr ---
SingleTrialExperiment starting: ontology=/workspaces/ontologyutils-ekaw26/repair-power-index-replication-ekaw26/ontologies/inconsistent/MWLA.owl, seed=105, run_id=20260624134028346645
Loaded ontology.
Normalizing ontology with SROIQ normalization...
Normalized ontology with SROIQ normalization.
Ontology is already inconsistent, skipping make-inconsistent step.
Repairing with A1 (random-removal)...
[2026-06-27 04:54:25.790] Checking precondition...
[2026-06-27 04:54:25.809] Starting the repair...
[2026-06-27 04:54:25.817] Found 288 possible bad axioms.
[2026-06-27 04:54:25.819] Selected the bad axiom ClassAssertion(business_and_industry transportation_and_logistics).
[2026-06-27 04:54:25.822] Found 287 possible bad axioms.
[2026-06-27 04:54:25.822] Selected the bad axiom ClassAssertion(arts_and_entertainment tv_and_video).
[2026-06-27 04:54:25.823] Found 286 possible bad axioms.
[2026-06-27 04:54:25.823] Selected the bad axiom ClassAssertion(books_and_literature guides_and_reviews).
[2026-06-27 04:54:25.825] Found 285 possible bad axioms.
[2026-06-27 04:54:25.825] Selected the bad axiom ClassAssertion(science educational_resources).
[2026-06-27 04:54:25.826] Found 284 possible bad axioms.
[2026-06-27 04:54:25.826] Selected the bad axiom ClassAssertion(sports boxing).
[2026-06-27 04:54:25.828] Found 283 possible bad axioms.
[2026-06-27 04:54:25.828] Selected the bad axiom ClassAssertion(business_and_industry publishing_and_printing).
[2026-06-27 04:54:25.829] Found 282 possible bad axioms.
[2026-06-27 04:54:25.830] Selected the bad axiom SubClassOf(career_and_education people_and_society).
[2026-06-27 04:54:25.834] Found 281 possible bad axioms.
[2026-06-27 04:54:25.834] Selected the bad axiom ClassAssertion(books_and_literature book_retailers).
[2026-06-27 04:54:25.839] Found 280 possible bad axioms.
[2026-06-27 04:54:25.839] Selected the bad axiom ClassAssertion(reference archives).
[2026-06-27 04:54:25.841] Found 279 possible bad axioms.
[2026-06-27 04:54:25.841] Selected the bad axiom ClassAssertion(health senior_health).
[2026-06-27 04:54:25.842] Found 278 possible bad axioms.
[2026-06-27 04:54:25.842] Selected the bad axiom ClassAssertion(shopping coupons).
[2026-06-27 04:54:25.843] Found 277 possible bad axioms.
[2026-06-27 04:54:25.843] Selected the bad axiom ClassAssertion(science astronomy).
[2026-06-27 04:54:25.844] Found 276 possible bad axioms.
[2026-06-27 04:54:25.844] Selected the bad axiom ClassAssertion(home_and_garden gardening).
[2026-06-27 04:54:25.845] Found 275 possible bad axioms.
[2026-06-27 04:54:25.845] Selected the bad axiom ClassAssertion(business_and_industry e_commerce).
[2026-06-27 04:54:25.846] Found 274 possible bad axioms.
[2026-06-27 04:54:25.846] Selected the bad axiom ClassAssertion(recreation_and_hobbies antiques).
[2026-06-27 04:54:25.847] Found 273 possible bad axioms.
[2026-06-27 04:54:25.848] Selected the bad axiom ClassAssertion(science agriculture).
[2026-06-27 04:54:25.848] Found 272 possible bad axioms.
...[truncated]
FAIL: attempt=1 seed=105 status=time_limit_exceeded stage=B4 message=Repair timeout: B4 exceeded 300 seconds
progress: ontology=MWLA attempt=1 success=0/100
----- MWLA attempt=2 seed=14305 at 2026-06-27 04:59:32 -----
--- stdout ---
{"seed":14305,"run_id":"20260624134028346645","trial_status":"time_limit_exceeded","error_type":"timeout","failure_stage":"B4","error_message":"Repair timeout: B4 exceeded 300 seconds","iic_values":{},"repair_runtimes_ms":{"A1":262,"A2":1312,"A3":369,"B1":337,"B2":2689,"B3":1468,"B4":300001}}

--- stderr ---
SingleTrialExperiment starting: ontology=/workspaces/ontologyutils-ekaw26/repair-power-index-replication-ekaw26/ontologies/inconsistent/MWLA.owl, seed=14305, run_id=20260624134028346645
Loaded ontology.
Normalizing ontology with SROIQ normalization...
Normalized ontology with SROIQ normalization.
Ontology is already inconsistent, skipping make-inconsistent step.
Repairing with A1 (random-removal)...
[2026-06-27 04:59:32.749] Checking precondition...
[2026-06-27 04:59:32.769] Starting the repair...
[2026-06-27 04:59:32.779] Found 288 possible bad axioms.
[2026-06-27 04:59:32.780] Selected the bad axiom ClassAssertion(business_and_industry wholesale_trade).
[2026-06-27 04:59:32.782] Found 287 possible bad axioms.
[2026-06-27 04:59:32.783] Selected the bad axiom ClassAssertion(food_and_drink cooking_and_recipes).
[2026-06-27 04:59:32.785] Found 286 possible bad axioms.
[2026-06-27 04:59:32.785] Selected the bad axiom ClassAssertion(science educational_resources).
[2026-06-27 04:59:32.786] Found 285 possible bad axioms.
[2026-06-27 04:59:32.786] Selected the bad axiom SubClassOf(ObjectSomeValuesFrom(has_weight owl:Thing) measurement).
[2026-06-27 04:59:32.791] Found 284 possible bad axioms.
[2026-06-27 04:59:32.791] Selected the bad axiom ClassAssertion(sports rugby).
[2026-06-27 04:59:32.792] Found 283 possible bad axioms.
[2026-06-27 04:59:32.793] Selected the bad axiom ClassAssertion(autos_and_vehicles trains_and_railroads).
[2026-06-27 04:59:32.794] Found 282 possible bad axioms.
[2026-06-27 04:59:32.794] Selected the bad axiom ClassAssertion(food_and_drink beverages).
[2026-06-27 04:59:32.795] Found 281 possible bad axioms.
[2026-06-27 04:59:32.795] Selected the bad axiom ClassAssertion(sports winter_sports).
[2026-06-27 04:59:32.801] Found 280 possible bad axioms.
[2026-06-27 04:59:32.801] Selected the bad axiom ClassAssertion(science biology).
[2026-06-27 04:59:32.802] Found 279 possible bad axioms.
[2026-06-27 04:59:32.802] Selected the bad axiom SubClassOf(owl:Thing ObjectAllValuesFrom(has_connection connection)).
[2026-06-27 04:59:32.808] Found 278 possible bad axioms.
[2026-06-27 04:59:32.808] Selected the bad axiom ClassAssertion(health nutrition).
[2026-06-27 04:59:32.809] Found 277 possible bad axioms.
[2026-06-27 04:59:32.809] Selected the bad axiom ClassAssertion(health alternative_and_natural_medicine).
[2026-06-27 04:59:32.810] Found 276 possible bad axioms.
[2026-06-27 04:59:32.810] Selected the bad axiom SubClassOf(ObjectSomeValuesFrom(is_provided_by owl:Thing) measurement).
[2026-06-27 04:59:32.814] Found 275 possible bad axioms.
[2026-06-27 04:59:32.814] Selected the bad axiom ClassAssertion(sports soccer).
[2026-06-27 04:59:32.815] Found 274 possible bad axioms.
[2026-06-27 04:59:32.815] Selected the bad axiom SubClassOf(health intention).
[2026-06-27 04:59:32.818] Found 273 possible bad axioms.
[2026-06-27 04:59:32.819] Selected the bad axiom ClassAssertion(arts_and_entertainment tv_and_video).
[2026-06-27 04:59:32.819] Found 
...[truncated]
FAIL: attempt=2 seed=14305 status=time_limit_exceeded stage=B4 message=Repair timeout: B4 exceeded 300 seconds
progress: ontology=MWLA attempt=2 success=0/100
----- MWLA attempt=3 seed=28505 at 2026-06-27 05:04:39 -----
--- stdout ---
{"seed":28505,"run_id":"20260624134028346645","trial_status":"time_limit_exceeded","error_type":"timeout","failure_stage":"B4","error_message":"Repair timeout: B4 exceeded 300 seconds","iic_values":{},"repair_runtimes_ms":{"A1":81,"A2":1401,"A3":362,"B1":308,"B2":2684,"B3":1493,"B4":300001}}

--- stderr ---
SingleTrialExperiment starting: ontology=/workspaces/ontologyutils-ekaw26/repair-power-index-replication-ekaw26/ontologies/inconsistent/MWLA.owl, seed=28505, run_id=20260624134028346645
Loaded ontology.
Normalizing ontology with SROIQ normalization...
Normalized ontology with SROIQ normalization.
Ontology is already inconsistent, skipping make-inconsistent step.
Repairing with A1 (random-removal)...
[2026-06-27 05:04:39.676] Checking precondition...
[2026-06-27 05:04:39.696] Starting the repair...
[2026-06-27 05:04:39.706] Found 288 possible bad axioms.
[2026-06-27 05:04:39.708] Selected the bad axiom ClassAssertion(pets_and_animals pets).
[2026-06-27 05:04:39.710] Found 287 possible bad axioms.
[2026-06-27 05:04:39.711] Selected the bad axiom ClassAssertion(health public_health_and_safety).
[2026-06-27 05:04:39.712] Found 286 possible bad axioms.
[2026-06-27 05:04:39.713] Selected the bad axiom ClassAssertion(games miniatures).
[2026-06-27 05:04:39.714] Found 285 possible bad axioms.
[2026-06-27 05:04:39.714] Selected the bad axiom ClassAssertion(people_and_society relationships_and_dating).
[2026-06-27 05:04:39.715] Found 284 possible bad axioms.
[2026-06-27 05:04:39.716] Selected the bad axiom ClassAssertion(people_and_society gay,_lesbian,_and_bisexual).
[2026-06-27 05:04:39.717] Found 283 possible bad axioms.
[2026-06-27 05:04:39.718] Selected the bad axiom ClassAssertion(internet_and_telecom online_marketing).
[2026-06-27 05:04:39.719] Found 282 possible bad axioms.
[2026-06-27 05:04:39.719] Selected the bad axiom ClassAssertion(news_and_media college_and_university_press).
[2026-06-27 05:04:39.720] Found 281 possible bad axioms.
[2026-06-27 05:04:39.720] Selected the bad axiom ClassAssertion(law_and_government military_and_defense).
[2026-06-27 05:04:39.722] Found 280 possible bad axioms.
[2026-06-27 05:04:39.722] Selected the bad axiom ClassAssertion(travel tourism).
[2026-06-27 05:04:39.728] Found 279 possible bad axioms.
[2026-06-27 05:04:39.728] Selected the bad axiom ClassAssertion(news_and_media weather).
[2026-06-27 05:04:39.729] Found 278 possible bad axioms.
[2026-06-27 05:04:39.729] Selected the bad axiom ClassAssertion(career_and_education business_training).
[2026-06-27 05:04:39.730] Found 277 possible bad axioms.
[2026-06-27 05:04:39.730] Selected the bad axiom ClassAssertion(autos_and_vehicles car_buying).
[2026-06-27 05:04:39.731] Found 276 possible bad axioms.
[2026-06-27 05:04:39.731] Selected the bad axiom ClassAssertion(health products_and_shopping).
[2026-06-27 05:04:39.732] Found 275 possible bad axioms.
[2026-06-27 05:04:39.732] Selected the bad axiom ClassAssertion(sports basketball).
[2026-06-27 05:04:39.733] Found 274 possible bad axioms.
[2026-06-27 05:04:39.733] Selected the bad axiom ClassAssertion(shopping classifieds).
[2026-06-27 05:04:39.734] Found 273 possible bad axioms.
[2026-06-27 05:04:39.735] Selected the bad axiom ClassAssertion(gambling regulation_and_organizations).
[2026-06-27 05:04:39.736] Found 2
...[truncated]
FAIL: attempt=3 seed=28505 status=time_limit_exceeded stage=B4 message=Repair timeout: B4 exceeded 300 seconds
progress: ontology=MWLA attempt=3 success=0/100
----- MWLA attempt=4 seed=42705 at 2026-06-27 05:09:46 -----
--- stdout ---
{"seed":42705,"run_id":"20260624134028346645","trial_status":"time_limit_exceeded","error_type":"timeout","failure_stage":"B4","error_message":"Repair timeout: B4 exceeded 300 seconds","iic_values":{},"repair_runtimes_ms":{"A1":164,"A2":1363,"A3":362,"B1":311,"B2":2737,"B3":1470,"B4":300002}}

--- stderr ---
SingleTrialExperiment starting: ontology=/workspaces/ontologyutils-ekaw26/repair-power-index-replication-ekaw26/ontologies/inconsistent/MWLA.owl, seed=42705, run_id=20260624134028346645
Loaded ontology.
Normalizing ontology with SROIQ normalization...
Normalized ontology with SROIQ normalization.
Ontology is already inconsistent, skipping make-inconsistent step.
Repairing with A1 (random-removal)...
[2026-06-27 05:09:46.482] Checking precondition...
[2026-06-27 05:09:46.503] Starting the repair...
[2026-06-27 05:09:46.513] Found 288 possible bad axioms.
[2026-06-27 05:09:46.514] Selected the bad axiom ClassAssertion(provider http://carre.kmi.open.ac.uk/providers/facebook).
[2026-06-27 05:09:46.516] Found 287 possible bad axioms.
[2026-06-27 05:09:46.517] Selected the bad axiom ClassAssertion(shopping clothing).
[2026-06-27 05:09:46.519] Found 286 possible bad axioms.
[2026-06-27 05:09:46.519] Selected the bad axiom ClassAssertion(arts_and_entertainment architecture).
[2026-06-27 05:09:46.520] Found 285 possible bad axioms.
[2026-06-27 05:09:46.520] Selected the bad axiom ClassAssertion(people_and_society history).
[2026-06-27 05:09:46.522] Found 284 possible bad axioms.
[2026-06-27 05:09:46.522] Selected the bad axiom SubClassOf(beauty_and_fitness intention).
[2026-06-27 05:09:46.527] Found 283 possible bad axioms.
[2026-06-27 05:09:46.527] Selected the bad axiom SubClassOf(owl:Thing ObjectAllValuesFrom(is_provided_by provider)).
[2026-06-27 05:09:46.533] Found 282 possible bad axioms.
[2026-06-27 05:09:46.533] Selected the bad axiom ClassAssertion(science physics).
[2026-06-27 05:09:46.539] Found 281 possible bad axioms.
[2026-06-27 05:09:46.539] Selected the bad axiom ClassAssertion(people_and_society disabled_and_special_needs).
[2026-06-27 05:09:46.541] Found 280 possible bad axioms.
[2026-06-27 05:09:46.541] Selected the bad axiom ClassAssertion(sports cycling_and_biking).
[2026-06-27 05:09:46.542] Found 279 possible bad axioms.
[2026-06-27 05:09:46.542] Selected the bad axiom ClassAssertion(sports tennis).
[2026-06-27 05:09:46.543] Found 278 possible bad axioms.
[2026-06-27 05:09:46.543] Selected the bad axiom SubClassOf(ObjectSomeValuesFrom(has_date owl:Thing) measurement).
[2026-06-27 05:09:46.548] Found 277 possible bad axioms.
[2026-06-27 05:09:46.548] Selected the bad axiom ClassAssertion(science educational_resources).
[2026-06-27 05:09:46.549] Found 276 possible bad axioms.
[2026-06-27 05:09:46.550] Selected the bad axiom SubClassOf(reference intention).
[2026-06-27 05:09:46.553] Found 275 possible bad axioms.
[2026-06-27 05:09:46.553] Selected the bad axiom ClassAssertion(recreation_and_hobbies theme_parks).
[2026-06-27 05:09:46.554] Found 274 possible bad axioms.
[2026-06-27 05:09:46.554] Selected the bad axiom SubClassOf(intention gambling).
[2026-06-27 05:09:46.557] Found 273 possible bad axioms.
[2026-06-27 05:09:46.557] Selected the bad axiom SubClassOf(law_and_government travel).
[2026-06-27 05:09:46.560] Found 272 possible ba
...[truncated]
FAIL: attempt=4 seed=42705 status=time_limit_exceeded stage=B4 message=Repair timeout: B4 exceeded 300 seconds
progress: ontology=MWLA attempt=4 success=0/100
----- MWLA attempt=5 seed=56905 at 2026-06-27 05:14:52 -----
--- stdout ---
{"seed":56905,"run_id":"20260624134028346645","trial_status":"time_limit_exceeded","error_type":"timeout","failure_stage":"B4","error_message":"Repair timeout: B4 exceeded 300 seconds","iic_values":{},"repair_runtimes_ms":{"A1":210,"A2":1355,"A3":359,"B1":302,"B2":2722,"B3":1528,"B4":300001}}

--- stderr ---
SingleTrialExperiment starting: ontology=/workspaces/ontologyutils-ekaw26/repair-power-index-replication-ekaw26/ontologies/inconsistent/MWLA.owl, seed=56905, run_id=20260624134028346645
Loaded ontology.
Normalizing ontology with SROIQ normalization...
Normalized ontology with SROIQ normalization.
Ontology is already inconsistent, skipping make-inconsistent step.
Repairing with A1 (random-removal)...
[2026-06-27 05:14:53.361] Checking precondition...
[2026-06-27 05:14:53.383] Starting the repair...
[2026-06-27 05:14:53.393] Found 288 possible bad axioms.
[2026-06-27 05:14:53.394] Selected the bad axiom ClassAssertion(health medical_equipment_and_sensors).
[2026-06-27 05:14:53.397] Found 287 possible bad axioms.
[2026-06-27 05:14:53.397] Selected the bad axiom ClassAssertion(reference archives).
[2026-06-27 05:14:53.398] Found 286 possible bad axioms.
[2026-06-27 05:14:53.399] Selected the bad axiom ClassAssertion(food_and_drink cooking_and_recipes).
[2026-06-27 05:14:53.400] Found 285 possible bad axioms.
[2026-06-27 05:14:53.400] Selected the bad axiom ClassAssertion(internet_and_telecom telecommunications).
[2026-06-27 05:14:53.402] Found 284 possible bad axioms.
[2026-06-27 05:14:53.402] Selected the bad axiom ClassAssertion(health alternative_and_natural_medicine).
[2026-06-27 05:14:53.403] Found 283 possible bad axioms.
[2026-06-27 05:14:53.404] Selected the bad axiom ClassAssertion(news_and_media weather).
[2026-06-27 05:14:53.405] Found 282 possible bad axioms.
[2026-06-27 05:14:53.406] Selected the bad axiom ClassAssertion(science chemistry).
[2026-06-27 05:14:53.406] Found 281 possible bad axioms.
[2026-06-27 05:14:53.407] Selected the bad axiom ClassAssertion(shopping weddings).
[2026-06-27 05:14:53.408] Found 280 possible bad axioms.
[2026-06-27 05:14:53.408] Selected the bad axiom ClassAssertion(people_and_society womens_interests).
[2026-06-27 05:14:53.414] Found 279 possible bad axioms.
[2026-06-27 05:14:53.414] Selected the bad axiom ClassAssertion(food_and_drink restaurants_and_delivery).
[2026-06-27 05:14:53.415] Found 278 possible bad axioms.
[2026-06-27 05:14:53.416] Selected the bad axiom ClassAssertion(shopping home_and_garden).
[2026-06-27 05:14:53.416] Found 277 possible bad axioms.
[2026-06-27 05:14:53.417] Selected the bad axiom ClassAssertion(sports baseball).
[2026-06-27 05:14:53.418] Found 276 possible bad axioms.
[2026-06-27 05:14:53.418] Selected the bad axiom ClassAssertion(news_and_media college_and_university_press).
[2026-06-27 05:14:53.419] Found 275 possible bad axioms.
[2026-06-27 05:14:53.419] Selected the bad axiom ClassAssertion(autos_and_vehicles boating).
[2026-06-27 05:14:53.420] Found 274 possible bad axioms.
[2026-06-27 05:14:53.420] Selected the bad axiom ClassAssertion(autos_and_vehicles automotive_news).
[2026-06-27 05:14:53.421] Found 273 possible bad axioms.
[2026-06-27 05:14:53.421] Selected the bad axiom ClassAssertion(science instruments_and_supplies).
[2026-06-27 05:14:53.421] Found 272 possibl
...[truncated]
FAIL: attempt=5 seed=56905 status=time_limit_exceeded stage=B4 message=Repair timeout: B4 exceeded 300 seconds
progress: ontology=MWLA attempt=5 success=0/100
----- MWLA attempt=6 seed=71105 at 2026-06-27 05:19:59 -----
--- stdout ---
{"seed":71105,"run_id":"20260624134028346645","trial_status":"time_limit_exceeded","error_type":"timeout","failure_stage":"B4","error_message":"Repair timeout: B4 exceeded 300 seconds","iic_values":{},"repair_runtimes_ms":{"A1":168,"A2":1384,"A3":356,"B1":303,"B2":2711,"B3":1442,"B4":300001}}

--- stderr ---
SingleTrialExperiment starting: ontology=/workspaces/ontologyutils-ekaw26/repair-power-index-replication-ekaw26/ontologies/inconsistent/MWLA.owl, seed=71105, run_id=20260624134028346645
Loaded ontology.
Normalizing ontology with SROIQ normalization...
Normalized ontology with SROIQ normalization.
Ontology is already inconsistent, skipping make-inconsistent step.
Repairing with A1 (random-removal)...
[2026-06-27 05:20:00.268] Checking precondition...
[2026-06-27 05:20:00.286] Starting the repair...
[2026-06-27 05:20:00.294] Found 288 possible bad axioms.
[2026-06-27 05:20:00.296] Selected the bad axiom ClassAssertion(recreation_and_hobbies nudism).
[2026-06-27 05:20:00.298] Found 287 possible bad axioms.
[2026-06-27 05:20:00.298] Selected the bad axiom ClassAssertion(sports baseball).
[2026-06-27 05:20:00.300] Found 286 possible bad axioms.
[2026-06-27 05:20:00.300] Selected the bad axiom ClassAssertion(autos_and_vehicles motorsports).
[2026-06-27 05:20:00.301] Found 285 possible bad axioms.
[2026-06-27 05:20:00.302] Selected the bad axiom ClassAssertion(games board_and_card_games).
[2026-06-27 05:20:00.303] Found 284 possible bad axioms.
[2026-06-27 05:20:00.303] Selected the bad axiom SubClassOf(ObjectSomeValuesFrom(has_weight owl:Thing) measurement).
[2026-06-27 05:20:00.308] Found 283 possible bad axioms.
[2026-06-27 05:20:00.309] Selected the bad axiom ClassAssertion(internet_and_telecom file_sharing).
[2026-06-27 05:20:00.310] Found 282 possible bad axioms.
[2026-06-27 05:20:00.310] Selected the bad axiom ClassAssertion(pets_and_animals pets).
[2026-06-27 05:20:00.311] Found 281 possible bad axioms.
[2026-06-27 05:20:00.311] Selected the bad axiom ClassAssertion(shopping furniture).
[2026-06-27 05:20:00.317] Found 280 possible bad axioms.
[2026-06-27 05:20:00.317] Selected the bad axiom ClassAssertion(beauty_and_fitness cosmetics).
[2026-06-27 05:20:00.319] Found 279 possible bad axioms.
[2026-06-27 05:20:00.319] Selected the bad axiom ClassAssertion(autos_and_vehicles automotive_news).
[2026-06-27 05:20:00.320] Found 278 possible bad axioms.
[2026-06-27 05:20:00.320] Selected the bad axiom SubClassOf(ObjectSomeValuesFrom(has_intention owl:Thing) measurement).
[2026-06-27 05:20:00.325] Found 277 possible bad axioms.
[2026-06-27 05:20:00.325] Selected the bad axiom ClassAssertion(shopping ethnic_and_regional).
[2026-06-27 05:20:00.326] Found 276 possible bad axioms.
[2026-06-27 05:20:00.326] Selected the bad axiom ClassAssertion(recreation_and_hobbies weapons).
[2026-06-27 05:20:00.327] Found 275 possible bad axioms.
[2026-06-27 05:20:00.327] Selected the bad axiom ClassAssertion(science chemistry).
[2026-06-27 05:20:00.328] Found 274 possible bad axioms.
[2026-06-27 05:20:00.328] Selected the bad axiom ClassAssertion(shopping consumer_electronics).
[2026-06-27 05:20:00.329] Found 273 possible bad axioms.
[2026-06-27 05:20:00.329] Selected the bad axiom ClassAssertion(news_and_media business_news).
[2026-06-27 05:20:00.330] Found 272 possible
...[truncated]
FAIL: attempt=6 seed=71105 status=time_limit_exceeded stage=B4 message=Repair timeout: B4 exceeded 300 seconds
progress: ontology=MWLA attempt=6 success=0/100
----- MWLA attempt=7 seed=85305 at 2026-06-27 05:25:06 -----
--- stdout ---
{"seed":85305,"run_id":"20260624134028346645","trial_status":"time_limit_exceeded","error_type":"timeout","failure_stage":"B4","error_message":"Repair timeout: B4 exceeded 300 seconds","iic_values":{},"repair_runtimes_ms":{"A1":195,"A2":1353,"A3":352,"B1":316,"B2":2723,"B3":1480,"B4":300001}}

--- stderr ---
SingleTrialExperiment starting: ontology=/workspaces/ontologyutils-ekaw26/repair-power-index-replication-ekaw26/ontologies/inconsistent/MWLA.owl, seed=85305, run_id=20260624134028346645
Loaded ontology.
Normalizing ontology with SROIQ normalization...
Normalized ontology with SROIQ normalization.
Ontology is already inconsistent, skipping make-inconsistent step.
Repairing with A1 (random-removal)...
[2026-06-27 05:25:07.110] Checking precondition...
[2026-06-27 05:25:07.132] Starting the repair...
[2026-06-27 05:25:07.141] Found 288 possible bad axioms.
[2026-06-27 05:25:07.143] Selected the bad axiom ClassAssertion(provider http://carre.kmi.open.ac.uk/providers/facebook).
[2026-06-27 05:25:07.145] Found 287 possible bad axioms.
[2026-06-27 05:25:07.146] Selected the bad axiom ClassAssertion(recreation_and_hobbies scouting).
[2026-06-27 05:25:07.148] Found 286 possible bad axioms.
[2026-06-27 05:25:07.148] Selected the bad axiom ClassAssertion(provider http://carre.kmi.open.ac.uk/providers/web_queries).
[2026-06-27 05:25:07.149] Found 285 possible bad axioms.
[2026-06-27 05:25:07.149] Selected the bad axiom SubClassOf(sports intention).
[2026-06-27 05:25:07.154] Found 284 possible bad axioms.
[2026-06-27 05:25:07.155] Selected the bad axiom ClassAssertion(beauty_and_fitness bodyart).
[2026-06-27 05:25:07.156] Found 283 possible bad axioms.
[2026-06-27 05:25:07.157] Selected the bad axiom ClassAssertion(travel roads_and_highways).
[2026-06-27 05:25:07.158] Found 282 possible bad axioms.
[2026-06-27 05:25:07.158] Selected the bad axiom SubClassOf(sports gambling).
[2026-06-27 05:25:07.169] Found 281 possible bad axioms.
[2026-06-27 05:25:07.169] Selected the bad axiom ClassAssertion(sports baseball).
[2026-06-27 05:25:07.170] Found 280 possible bad axioms.
[2026-06-27 05:25:07.171] Selected the bad axiom ClassAssertion(pets_and_animals birds).
[2026-06-27 05:25:07.172] Found 279 possible bad axioms.
[2026-06-27 05:25:07.172] Selected the bad axiom SubClassOf(autos_and_vehicles intention).
[2026-06-27 05:25:07.177] Found 278 possible bad axioms.
[2026-06-27 05:25:07.177] Selected the bad axiom ClassAssertion(career_and_education jobs_and_employment).
[2026-06-27 05:25:07.178] Found 277 possible bad axioms.
[2026-06-27 05:25:07.178] Selected the bad axiom ClassAssertion(law_and_government law).
[2026-06-27 05:25:07.179] Found 276 possible bad axioms.
[2026-06-27 05:25:07.180] Selected the bad axiom SubClassOf(pets_and_animals intention).
[2026-06-27 05:25:07.183] Found 275 possible bad axioms.
[2026-06-27 05:25:07.183] Selected the bad axiom ClassAssertion(recreation_and_hobbies camps).
[2026-06-27 05:25:07.184] Found 274 possible bad axioms.
[2026-06-27 05:25:07.184] Selected the bad axiom ClassAssertion(science social_sciences).
[2026-06-27 05:25:07.185] Found 273 possible bad axioms.
[2026-06-27 05:25:07.185] Selected the bad axiom SubClassOf(owl:Thing ObjectAllValuesFrom(has_date date)).
[2026-06-27 05:25:07.188] Found 272 possible bad axioms.
[2
...[truncated]
FAIL: attempt=7 seed=85305 status=time_limit_exceeded stage=B4 message=Repair timeout: B4 exceeded 300 seconds
progress: ontology=MWLA attempt=7 success=0/100
----- MWLA attempt=8 seed=99505 at 2026-06-27 05:30:13 -----
--- stdout ---
{"seed":99505,"run_id":"20260624134028346645","trial_status":"time_limit_exceeded","error_type":"timeout","failure_stage":"B4","error_message":"Repair timeout: B4 exceeded 300 seconds","iic_values":{},"repair_runtimes_ms":{"A1":274,"A2":1306,"A3":361,"B1":323,"B2":2686,"B3":1452,"B4":300001}}

--- stderr ---
SingleTrialExperiment starting: ontology=/workspaces/ontologyutils-ekaw26/repair-power-index-replication-ekaw26/ontologies/inconsistent/MWLA.owl, seed=99505, run_id=20260624134028346645
Loaded ontology.
Normalizing ontology with SROIQ normalization...
Normalized ontology with SROIQ normalization.
Ontology is already inconsistent, skipping make-inconsistent step.
Repairing with A1 (random-removal)...
[2026-06-27 05:30:14.013] Checking precondition...
[2026-06-27 05:30:14.035] Starting the repair...
[2026-06-27 05:30:14.044] Found 288 possible bad axioms.
[2026-06-27 05:30:14.046] Selected the bad axiom ClassAssertion(business_and_industry construction_and_maintenance).
[2026-06-27 05:30:14.049] Found 287 possible bad axioms.
[2026-06-27 05:30:14.049] Selected the bad axiom ClassAssertion(books_and_literature book_retailers).
[2026-06-27 05:30:14.051] Found 286 possible bad axioms.
[2026-06-27 05:30:14.052] Selected the bad axiom ClassAssertion(beauty_and_fitness fitness).
[2026-06-27 05:30:14.053] Found 285 possible bad axioms.
[2026-06-27 05:30:14.053] Selected the bad axiom ClassAssertion(health alternative_and_natural_medicine).
[2026-06-27 05:30:14.054] Found 284 possible bad axioms.
[2026-06-27 05:30:14.054] Selected the bad axiom ClassAssertion(business_and_industry energy).
[2026-06-27 05:30:14.056] Found 283 possible bad axioms.
[2026-06-27 05:30:14.056] Selected the bad axiom SubClassOf(pets_and_animals health).
[2026-06-27 05:30:14.062] Found 282 possible bad axioms.
[2026-06-27 05:30:14.062] Selected the bad axiom ClassAssertion(reference dictionaries_and_encyclopedias).
[2026-06-27 05:30:14.063] Found 281 possible bad axioms.
[2026-06-27 05:30:14.063] Selected the bad axiom ClassAssertion(career_and_education jobs_and_employment).
[2026-06-27 05:30:14.070] Found 280 possible bad axioms.
[2026-06-27 05:30:14.070] Selected the bad axiom ClassAssertion(career_and_education universities_and_colleges).
[2026-06-27 05:30:14.071] Found 279 possible bad axioms.
[2026-06-27 05:30:14.071] Selected the bad axiom SubClassOf(owl:Thing intention).
[2026-06-27 05:30:14.078] Found 278 possible bad axioms.
[2026-06-27 05:30:14.078] Selected the bad axiom SubClassOf(computer_and_electronics intention).
[2026-06-27 05:30:14.082] Found 277 possible bad axioms.
[2026-06-27 05:30:14.082] Selected the bad axiom ClassAssertion(sports football).
[2026-06-27 05:30:14.083] Found 276 possible bad axioms.
[2026-06-27 05:30:14.084] Selected the bad axiom SubClassOf(ObjectSomeValuesFrom(has_weight owl:Thing) measurement).
[2026-06-27 05:30:14.087] Found 275 possible bad axioms.
[2026-06-27 05:30:14.087] Selected the bad axiom ClassAssertion(business_and_industry marketing_and_advertising).
[2026-06-27 05:30:14.088] Found 274 possible bad axioms.
[2026-06-27 05:30:14.088] Selected the bad axiom ClassAssertion(finance financial_management).
[2026-06-27 05:30:14.089] Found 273 possible bad axioms.
[2026-06-27 05:30:14.089] Selected the bad axiom ClassAssertion(news_and
...[truncated]
FAIL: attempt=8 seed=99505 status=time_limit_exceeded stage=B4 message=Repair timeout: B4 exceeded 300 seconds
progress: ontology=MWLA attempt=8 success=0/100
----- MWLA attempt=9 seed=113705 at 2026-06-27 05:35:20 -----
--- stdout ---
{"seed":113705,"run_id":"20260624134028346645","trial_status":"time_limit_exceeded","error_type":"timeout","failure_stage":"B4","error_message":"Repair timeout: B4 exceeded 300 seconds","iic_values":{},"repair_runtimes_ms":{"A1":165,"A2":1352,"A3":359,"B1":326,"B2":2699,"B3":1487,"B4":300001}}

--- stderr ---
SingleTrialExperiment starting: ontology=/workspaces/ontologyutils-ekaw26/repair-power-index-replication-ekaw26/ontologies/inconsistent/MWLA.owl, seed=113705, run_id=20260624134028346645
Loaded ontology.
Normalizing ontology with SROIQ normalization...
Normalized ontology with SROIQ normalization.
Ontology is already inconsistent, skipping make-inconsistent step.
Repairing with A1 (random-removal)...
[2026-06-27 05:35:20.890] Checking precondition...
[2026-06-27 05:35:20.910] Starting the repair...
[2026-06-27 05:35:20.922] Found 288 possible bad axioms.
[2026-06-27 05:35:20.923] Selected the bad axiom SubClassOf(owl:Thing ObjectAllValuesFrom(has_connection connection)).
[2026-06-27 05:35:20.930] Found 287 possible bad axioms.
[2026-06-27 05:35:20.930] Selected the bad axiom SubClassOf(finance intention).
[2026-06-27 05:35:20.937] Found 286 possible bad axioms.
[2026-06-27 05:35:20.938] Selected the bad axiom ClassAssertion(sports rugby).
[2026-06-27 05:35:20.939] Found 285 possible bad axioms.
[2026-06-27 05:35:20.939] Selected the bad axiom SubClassOf(autos_and_vehicles intention).
[2026-06-27 05:35:20.949] Found 284 possible bad axioms.
[2026-06-27 05:35:20.950] Selected the bad axiom ClassAssertion(autos_and_vehicles boating).
[2026-06-27 05:35:20.952] Found 283 possible bad axioms.
[2026-06-27 05:35:20.952] Selected the bad axiom ClassAssertion(finance investing).
[2026-06-27 05:35:20.954] Found 282 possible bad axioms.
[2026-06-27 05:35:20.954] Selected the bad axiom ClassAssertion(books_and_literature book_retailers).
[2026-06-27 05:35:20.955] Found 281 possible bad axioms.
[2026-06-27 05:35:20.955] Selected the bad axiom ClassAssertion(reference directories).
[2026-06-27 05:35:20.956] Found 280 possible bad axioms.
[2026-06-27 05:35:20.957] Selected the bad axiom SubClassOf(ObjectAllValuesFrom(is_provided_by provider) people_and_society).
[2026-06-27 05:35:20.960] Found 279 possible bad axioms.
[2026-06-27 05:35:20.961] Selected the bad axiom ClassAssertion(health products_and_shopping).
[2026-06-27 05:35:20.962] Found 278 possible bad axioms.
[2026-06-27 05:35:20.962] Selected the bad axiom SubClassOf(career_and_education people_and_society).
[2026-06-27 05:35:20.965] Found 277 possible bad axioms.
[2026-06-27 05:35:20.965] Selected the bad axiom ClassAssertion(gambling sports).
[2026-06-27 05:35:20.966] Found 276 possible bad axioms.
[2026-06-27 05:35:20.967] Selected the bad axiom ClassAssertion(travel tourism).
[2026-06-27 05:35:20.967] Found 275 possible bad axioms.
[2026-06-27 05:35:20.968] Selected the bad axiom SubClassOf(career_and_education intention).
[2026-06-27 05:35:20.971] Found 274 possible bad axioms.
[2026-06-27 05:35:20.971] Selected the bad axiom ClassAssertion(business_and_industry customer_service).
[2026-06-27 05:35:20.972] Found 273 possible bad axioms.
[2026-06-27 05:35:20.973] Selected the bad axiom ClassAssertion(shopping home_and_garden).
[2026-06-27 05:35:20.973] Found 272 possible bad axioms.
[2026-06-27 05:3
...[truncated]
FAIL: attempt=9 seed=113705 status=time_limit_exceeded stage=B4 message=Repair timeout: B4 exceeded 300 seconds
progress: ontology=MWLA attempt=9 success=0/100
----- MWLA attempt=10 seed=127905 at 2026-06-27 05:40:27 -----
--- stdout ---
{"seed":127905,"run_id":"20260624134028346645","trial_status":"time_limit_exceeded","error_type":"timeout","failure_stage":"B4","error_message":"Repair timeout: B4 exceeded 300 seconds","iic_values":{},"repair_runtimes_ms":{"A1":266,"A2":1313,"A3":366,"B1":305,"B2":2673,"B3":1517,"B4":300001}}

--- stderr ---
SingleTrialExperiment starting: ontology=/workspaces/ontologyutils-ekaw26/repair-power-index-replication-ekaw26/ontologies/inconsistent/MWLA.owl, seed=127905, run_id=20260624134028346645
Loaded ontology.
Normalizing ontology with SROIQ normalization...
Normalized ontology with SROIQ normalization.
Ontology is already inconsistent, skipping make-inconsistent step.
Repairing with A1 (random-removal)...
[2026-06-27 05:40:27.755] Checking precondition...
[2026-06-27 05:40:27.781] Starting the repair...
[2026-06-27 05:40:27.791] Found 288 possible bad axioms.
[2026-06-27 05:40:27.794] Selected the bad axiom ClassAssertion(internet_and_telecom search_engine).
[2026-06-27 05:40:27.796] Found 287 possible bad axioms.
[2026-06-27 05:40:27.797] Selected the bad axiom ClassAssertion(business_and_industry associations).
[2026-06-27 05:40:27.798] Found 286 possible bad axioms.
[2026-06-27 05:40:27.799] Selected the bad axiom ClassAssertion(business_and_industry business_services).
[2026-06-27 05:40:27.800] Found 285 possible bad axioms.
[2026-06-27 05:40:27.800] Selected the bad axiom SubClassOf(games intention).
[2026-06-27 05:40:27.805] Found 284 possible bad axioms.
[2026-06-27 05:40:27.805] Selected the bad axiom ClassAssertion(people_and_society death).
[2026-06-27 05:40:27.807] Found 283 possible bad axioms.
[2026-06-27 05:40:27.807] Selected the bad axiom SubClassOf(owl:Thing ObjectAllValuesFrom(has_provider provider)).
[2026-06-27 05:40:27.817] Found 282 possible bad axioms.
[2026-06-27 05:40:27.817] Selected the bad axiom ClassAssertion(food_and_drink restaurants_and_delivery).
[2026-06-27 05:40:27.818] Found 281 possible bad axioms.
[2026-06-27 05:40:27.818] Selected the bad axiom SubClassOf(ObjectAllValuesFrom(is_provided_by provider) people_and_society).
[2026-06-27 05:40:27.823] Found 280 possible bad axioms.
[2026-06-27 05:40:27.824] Selected the bad axiom ClassAssertion(adult adult).
[2026-06-27 05:40:27.825] Found 279 possible bad axioms.
[2026-06-27 05:40:27.825] Selected the bad axiom ClassAssertion(career_and_education universities_and_colleges).
[2026-06-27 05:40:27.826] Found 278 possible bad axioms.
[2026-06-27 05:40:27.826] Selected the bad axiom ClassAssertion(health nutrition).
[2026-06-27 05:40:27.827] Found 277 possible bad axioms.
[2026-06-27 05:40:27.827] Selected the bad axiom ClassAssertion(science agriculture).
[2026-06-27 05:40:27.828] Found 276 possible bad axioms.
[2026-06-27 05:40:27.829] Selected the bad axiom ClassAssertion(people_and_society relationships_and_dating).
[2026-06-27 05:40:27.829] Found 275 possible bad axioms.
[2026-06-27 05:40:27.830] Selected the bad axiom ClassAssertion(autos_and_vehicles automotive_news).
[2026-06-27 05:40:27.830] Found 274 possible bad axioms.
[2026-06-27 05:40:27.830] Selected the bad axiom ClassAssertion(reference directories).
[2026-06-27 05:40:27.831] Found 273 possible bad axioms.
[2026-06-27 05:40:27.831] Selected the bad axiom SubClassOf(reference intention).
[2026-06-27 05:40:2
...[truncated]
FAIL: attempt=10 seed=127905 status=time_limit_exceeded stage=B4 message=Repair timeout: B4 exceeded 300 seconds
progress: ontology=MWLA attempt=10 success=0/100
=== ABORTED MWLA after 10 consecutive failures at 2026-06-27 05:45:34 - switching to next ontology ===
=== run_trials finished at 2026-06-28 17:53:08 for MWLA - 0 successes, 10 failures, 10 attempts ===
Failed attempts:
  attempt=1 seed=105 msg=Repair timeout: B4 exceeded 300 seconds
  attempt=2 seed=14305 msg=Repair timeout: B4 exceeded 300 seconds
  attempt=3 seed=28505 msg=Repair timeout: B4 exceeded 300 seconds
  attempt=4 seed=42705 msg=Repair timeout: B4 exceeded 300 seconds
  attempt=5 seed=56905 msg=Repair timeout: B4 exceeded 300 seconds
  attempt=6 seed=71105 msg=Repair timeout: B4 exceeded 300 seconds
  attempt=7 seed=85305 msg=Repair timeout: B4 exceeded 300 seconds
  attempt=8 seed=99505 msg=Repair timeout: B4 exceeded 300 seconds
  attempt=9 seed=113705 msg=Repair timeout: B4 exceeded 300 seconds
  attempt=10 seed=127905 msg=Repair timeout: B4 exceeded 300 seconds
Timing summary:
  success: count=0 total_seconds=0.000000 avg_seconds=0.000000
  time_limit_exceeded: count=10 total_seconds=3068.339133 avg_seconds=306.833913
  memory_limit_exceeded: count=0 total_seconds=0.000000 avg_seconds=0.000000
  success_rate=0.0000
  wall_clock_seconds_total_run=360698.251834
